Component: ARM Compiler 5.06 update 6 (build 750) Tool: armlink [4d35ed]

==============================================================================

Section Cross References

    system_xinc.o(i.SystemInit) refers to bsp_retarget.o(i.retarget_init) for retarget_init
    startup_xinc.o(STACK) refers (Special) to heapauxi.o(.text) for __use_two_region_memory
    startup_xinc.o(HEAP) refers (Special) to heapauxi.o(.text) for __use_two_region_memory
    startup_xinc.o(RESET) refers (Special) to heapauxi.o(.text) for __use_two_region_memory
    startup_xinc.o(RESET) refers to startup_xinc.o(STACK) for __initial_sp
    startup_xinc.o(RESET) refers to startup_xinc.o(.text) for Reset_Handler
    startup_xinc.o(RESET) refers to bsp_gpio.o(i.GPIO_Handler) for GPIO_Handler
    startup_xinc.o(RESET) refers to bsp_i2c_slave.o(i.I2C_Handler) for I2C_Handler
    startup_xinc.o(RESET) refers to bsp_uart.o(i.UART0_Handler) for UART0_Handler
    startup_xinc.o(RESET) refers to bsp_uart.o(i.UART1_Handler) for UART1_Handler
    startup_xinc.o(.text) refers (Special) to heapauxi.o(.text) for __use_two_region_memory
    startup_xinc.o(.text) refers to system_xinc.o(i.SystemInit) for SystemInit
    startup_xinc.o(.text) refers to __main.o(!!!main) for __main
    startup_xinc.o(.text) refers to startup_xinc.o(HEAP) for Heap_Mem
    startup_xinc.o(.text) refers to startup_xinc.o(STACK) for Stack_Mem
    bsp_gpio.o(i.GPIO_Handler) refers to _printf_percent.o(.ARM.Collect$$_printf_percent$$00000000) for _printf_percent
    bsp_gpio.o(i.GPIO_Handler) refers to _printf_x.o(.ARM.Collect$$_printf_percent$$0000000C) for _printf_x
    bsp_gpio.o(i.GPIO_Handler) refers to _printf_hex_int.o(.text) for _printf_longlong_hex
    bsp_gpio.o(i.GPIO_Handler) refers to noretval__2printf.o(.text) for __2printf
    bsp_gpio.o(i.GPIO_Handler) refers to bsp_gpio.o(.data) for .data
    bsp_gpio.o(i.GPIO_Sleep_Config) refers to bsp_gpio.o(i.gpio_direction_input) for gpio_direction_input
    bsp_gpio.o(i.Init_gpio) refers to bsp_gpio.o(.data) for .data
    bsp_gpio.o(i.Init_gpio) refers to bsp_gpio.o(.bss) for .bss
    bsp_gpio.o(i.gpio_Register_Callback) refers to bsp_gpio.o(.data) for .data
    bsp_retarget.o(.emb_text) refers (Special) to use_no_semi.o(.text) for __use_no_semihosting_swi
    bsp_retarget.o(i._sys_exit) refers (Special) to use_no_semi.o(.text) for __use_no_semihosting_swi
    bsp_retarget.o(i._ttywrch) refers (Special) to use_no_semi.o(.text) for __use_no_semihosting_swi
    bsp_retarget.o(i._ttywrch) refers to bsp_retarget.o(i.sendchar) for sendchar
    bsp_retarget.o(i.ferror) refers (Special) to use_no_semi.o(.text) for __use_no_semihosting_swi
    bsp_retarget.o(i.fputc) refers (Special) to use_no_semi.o(.text) for __use_no_semihosting_swi
    bsp_retarget.o(i.fputc) refers to bsp_retarget.o(i.sendchar) for sendchar
    bsp_retarget.o(i.retarget_init) refers (Special) to use_no_semi.o(.text) for __use_no_semihosting_swi
    bsp_retarget.o(i.retarget_init) refers to _printf_percent.o(.ARM.Collect$$_printf_percent$$00000000) for _printf_percent
    bsp_retarget.o(i.retarget_init) refers to _printf_s.o(.ARM.Collect$$_printf_percent$$00000014) for _printf_s
    bsp_retarget.o(i.retarget_init) refers to _printf_str.o(.text) for _printf_str
    bsp_retarget.o(i.retarget_init) refers to noretval__2printf.o(.text) for __2printf
    bsp_retarget.o(i.sendchar) refers (Special) to use_no_semi.o(.text) for __use_no_semihosting_swi
    bsp_retarget.o(.data) refers (Special) to use_no_semi.o(.text) for __use_no_semihosting_swi
    bsp_i2c_master.o(i.at24cxx_check) refers to bsp_i2c_master.o(i.at24cxx_read_one_byte) for at24cxx_read_one_byte
    bsp_i2c_master.o(i.at24cxx_check) refers to bsp_i2c_master.o(i.at24cxx_write_one_byte) for at24cxx_write_one_byte
    bsp_i2c_master.o(i.at24cxx_read) refers to bsp_i2c_master.o(i.i2c_master_StatusCheck) for i2c_master_StatusCheck
    bsp_i2c_master.o(i.at24cxx_read_one_byte) refers to bsp_i2c_master.o(i.i2c_master_StatusCheck) for i2c_master_StatusCheck
    bsp_i2c_master.o(i.at24cxx_write) refers to bsp_i2c_master.o(i.i2c_master_StatusCheck) for i2c_master_StatusCheck
    bsp_i2c_master.o(i.at24cxx_write_one_byte) refers to bsp_i2c_master.o(i.i2c_master_StatusCheck) for i2c_master_StatusCheck
    bsp_i2c_master.o(i.i2c_master_ReadMulti) refers to bsp_i2c_master.o(i.i2c_master_StatusCheck) for i2c_master_StatusCheck
    bsp_i2c_master.o(i.i2c_master_ReadSingle) refers to bsp_i2c_master.o(i.i2c_master_StatusCheck) for i2c_master_StatusCheck
    bsp_i2c_master.o(i.i2c_master_WriteMulti) refers to bsp_i2c_master.o(i.i2c_master_StatusCheck) for i2c_master_StatusCheck
    bsp_i2c_master.o(i.i2c_master_WriteSingle) refers to bsp_i2c_master.o(i.i2c_master_StatusCheck) for i2c_master_StatusCheck
    bsp_i2c_master.o(i.test_master_at24cxx_i2c) refers to _printf_percent.o(.ARM.Collect$$_printf_percent$$00000000) for _printf_percent
    bsp_i2c_master.o(i.test_master_at24cxx_i2c) refers to _printf_s.o(.ARM.Collect$$_printf_percent$$00000014) for _printf_s
    bsp_i2c_master.o(i.test_master_at24cxx_i2c) refers to _printf_str.o(.text) for _printf_str
    bsp_i2c_master.o(i.test_master_at24cxx_i2c) refers to rt_memclr.o(.text) for __aeabi_memclr4
    bsp_i2c_master.o(i.test_master_at24cxx_i2c) refers to bsp_gpio.o(i.gpio_mux_ctl) for gpio_mux_ctl
    bsp_i2c_master.o(i.test_master_at24cxx_i2c) refers to bsp_gpio.o(i.gpio_fun_inter) for gpio_fun_inter
    bsp_i2c_master.o(i.test_master_at24cxx_i2c) refers to bsp_gpio.o(i.gpio_fun_sel) for gpio_fun_sel
    bsp_i2c_master.o(i.test_master_at24cxx_i2c) refers to bsp_i2c_master.o(i.i2c_master_init) for i2c_master_init
    bsp_i2c_master.o(i.test_master_at24cxx_i2c) refers to bsp_i2c_master.o(i.at24cxx_check) for at24cxx_check
    bsp_i2c_master.o(i.test_master_at24cxx_i2c) refers to bsp_i2c_master.o(i.at24cxx_write) for at24cxx_write
    bsp_i2c_master.o(i.test_master_at24cxx_i2c) refers to bsp_i2c_master.o(i.at24cxx_read) for at24cxx_read
    bsp_i2c_master.o(i.test_master_at24cxx_i2c) refers to noretval__2printf.o(.text) for __2printf
    bsp_i2c_master.o(i.test_master_at24cxx_i2c) refers to bsp_i2c_master.o(.constdata) for .constdata
    bsp_i2c_slave.o(i.I2C_Handler) refers to bsp_i2c_slave.o(.bss) for .bss
    bsp_i2c_slave.o(i.i2c_slave_init) refers to bsp_i2c_slave.o(i.i2c_master_StatusCheck) for i2c_master_StatusCheck
    bsp_i2c_slave.o(i.test_slave_i2c) refers to bsp_gpio.o(i.gpio_mux_ctl) for gpio_mux_ctl
    bsp_i2c_slave.o(i.test_slave_i2c) refers to bsp_gpio.o(i.gpio_fun_inter) for gpio_fun_inter
    bsp_i2c_slave.o(i.test_slave_i2c) refers to bsp_gpio.o(i.gpio_fun_sel) for gpio_fun_sel
    bsp_i2c_slave.o(i.test_slave_i2c) refers to bsp_i2c_slave.o(i.i2c_slave_init) for i2c_slave_init
    bsp_uart.o(i.UART0_Handler) refers to bsp_uart.o(.data) for .data
    bsp_uart.o(i.UART1_Handler) refers to bsp_uart.o(.data) for .data
    bsp_uart.o(i.Uart_DMA_Send) refers to bsp_uart.o(.bss) for .bss
    bsp_uart.o(i.Uart_Register_Callback) refers to bsp_uart.o(.data) for .data
    bsp_uart.o(i.Uart_Send_Buf) refers to bsp_uart.o(i.Uart_Send_Char) for Uart_Send_Char
    bsp_uart.o(i.Uart_Send_String) refers to bsp_uart.o(i.Uart_Send_Char) for Uart_Send_Char
    bsp_uart.o(i.test_uart) refers to bsp_gpio.o(i.gpio_mux_ctl) for gpio_mux_ctl
    bsp_uart.o(i.test_uart) refers to bsp_gpio.o(i.gpio_fun_inter) for gpio_fun_inter
    bsp_uart.o(i.test_uart) refers to bsp_gpio.o(i.gpio_fun_sel) for gpio_fun_sel
    bsp_uart.o(i.test_uart) refers to bsp_uart.o(i.Init_uart) for Init_uart
    main.o(i.main) refers to infrared_core.o(i.Gpio_init) for Gpio_init
    main.o(i.main) refers to bsp_uart.o(i.test_uart) for test_uart
    main.o(i.main) refers to bsp_i2c_slave.o(i.test_slave_i2c) for test_slave_i2c
    main.o(i.main) refers to infrared_core.o(i.DigitalRead) for DigitalRead
    main.o(i.main) refers to main.o(.bss) for .bss
    infrared_core.o(i.DigitalRead) refers to _printf_percent.o(.ARM.Collect$$_printf_percent$$00000000) for _printf_percent
    infrared_core.o(i.DigitalRead) refers to _printf_d.o(.ARM.Collect$$_printf_percent$$00000009) for _printf_d
    infrared_core.o(i.DigitalRead) refers to _printf_dec.o(.text) for _printf_int_dec
    infrared_core.o(i.DigitalRead) refers to noretval__2printf.o(.text) for __2printf
    infrared_core.o(i.DigitalRead) refers to bsp_i2c_slave.o(.bss) for IIC_REC_BUFFER
    infrared_core.o(i.Gpio_init) refers to bsp_gpio.o(i.Init_gpio) for Init_gpio
    infrared_core.o(i.Gpio_init) refers to infrared.o(.data) for _xinc_infrared
    infrared.o(i._DigitalRead) refers to bsp_gpio.o(i.gpio_input_val) for gpio_input_val
    infrared.o(i._Infrared_io_init) refers to bsp_gpio.o(i.gpio_mux_ctl) for gpio_mux_ctl
    infrared.o(i._Infrared_io_init) refers to bsp_gpio.o(i.gpio_fun_sel) for gpio_fun_sel
    infrared.o(i._Infrared_io_init) refers to bsp_gpio.o(i.gpio_fun_inter) for gpio_fun_inter
    infrared.o(i._Infrared_io_init) refers to bsp_gpio.o(i.gpio_direction_input) for gpio_direction_input
    infrared.o(i._Infrared_state) refers to bsp_gpio.o(i.gpio_input_val) for gpio_input_val
    infrared.o(.data) refers to infrared.o(i._Infrared_io_init) for _Infrared_io_init
    infrared.o(.data) refers to infrared.o(i._DigitalRead) for _DigitalRead
    infrared.o(.data) refers to infrared.o(i._Infrared_state) for _Infrared_state
    __2printf.o(.text) refers to _printf_char_file.o(.text) for _printf_char_file
    __2printf.o(.text) refers to bsp_retarget.o(.data) for __stdout
    noretval__2printf.o(.text) refers to _printf_char_file.o(.text) for _printf_char_file
    noretval__2printf.o(.text) refers to bsp_retarget.o(.data) for __stdout
    __printf.o(.text) refers to _printf_percent.o(.ARM.Collect$$_printf_percent$$00000000) for _printf_percent
    _printf_str.o(.text) refers (Special) to _printf_char.o(.text) for _printf_cs_common
    _printf_dec.o(.text) refers to rtudiv10.o(.text) for __rt_udiv10
    _printf_dec.o(.text) refers to _printf_intcommon.o(.text) for _printf_int_common
    _printf_hex_ll.o(.text) refers to _printf_intcommon.o(.text) for _printf_int_common
    _printf_hex_ll.o(.text) refers to _printf_hex_ll.o(.constdata) for .constdata
    _printf_hex_int.o(.text) refers to _printf_intcommon.o(.text) for _printf_int_common
    _printf_hex_int.o(.text) refers to _printf_hex_int.o(.constdata) for .constdata
    _printf_hex_int_ll.o(.text) refers to _printf_intcommon.o(.text) for _printf_int_common
    _printf_hex_int_ll.o(.text) refers to _printf_hex_int_ll.o(.constdata) for .constdata
    _printf_hex_ptr.o(.text) refers to _printf_intcommon.o(.text) for _printf_int_common
    _printf_hex_ptr.o(.text) refers to _printf_hex_ptr.o(.constdata) for .constdata
    _printf_hex_int_ptr.o(.text) refers to _printf_intcommon.o(.text) for _printf_int_common
    _printf_hex_int_ptr.o(.text) refers to _printf_hex_int_ptr.o(.constdata) for .constdata
    _printf_hex_ll_ptr.o(.text) refers to _printf_intcommon.o(.text) for _printf_int_common
    _printf_hex_ll_ptr.o(.text) refers to _printf_hex_ll_ptr.o(.constdata) for .constdata
    _printf_hex_int_ll_ptr.o(.text) refers to _printf_intcommon.o(.text) for _printf_int_common
    _printf_hex_int_ll_ptr.o(.text) refers to _printf_hex_int_ll_ptr.o(.constdata) for .constdata
    __printf_flags.o(.text) refers to _printf_percent.o(.ARM.Collect$$_printf_percent$$00000000) for _printf_percent
    __printf_flags.o(.text) refers to __printf_flags.o(.constdata) for .constdata
    __printf_ss.o(.text) refers to _printf_percent.o(.ARM.Collect$$_printf_percent$$00000000) for _printf_percent
    __printf_flags_ss.o(.text) refers to _printf_percent.o(.ARM.Collect$$_printf_percent$$00000000) for _printf_percent
    __printf_flags_ss.o(.text) refers to __printf_flags_ss.o(.constdata) for .constdata
    __printf_wp.o(.text) refers to __printf_wp.o(i._is_digit) for _is_digit
    __printf_wp.o(.text) refers to _printf_percent.o(.ARM.Collect$$_printf_percent$$00000000) for _printf_percent
    __printf_flags_wp.o(.text) refers to __printf_wp.o(i._is_digit) for _is_digit
    __printf_flags_wp.o(.text) refers to _printf_percent.o(.ARM.Collect$$_printf_percent$$00000000) for _printf_percent
    __printf_flags_wp.o(.text) refers to __printf_flags_wp.o(.constdata) for .constdata
    __printf_ss_wp.o(.text) refers to __printf_wp.o(i._is_digit) for _is_digit
    __printf_ss_wp.o(.text) refers to _printf_percent.o(.ARM.Collect$$_printf_percent$$00000000) for _printf_percent
    __printf_flags_ss_wp.o(.text) refers to __printf_wp.o(i._is_digit) for _is_digit
    __printf_flags_ss_wp.o(.text) refers to _printf_percent.o(.ARM.Collect$$_printf_percent$$00000000) for _printf_percent
    __printf_flags_ss_wp.o(.text) refers to __printf_flags_ss_wp.o(.constdata) for .constdata
    _printf_s.o(.ARM.Collect$$_printf_percent$$00000014) refers (Weak) to _printf_char.o(.text) for _printf_string
    _printf_x.o(.ARM.Collect$$_printf_percent$$0000000C) refers (Weak) to _printf_hex_int.o(.text) for _printf_int_hex
    _printf_d.o(.ARM.Collect$$_printf_percent$$00000009) refers (Weak) to _printf_dec.o(.text) for _printf_int_dec
    _printf_percent.o(.ARM.Collect$$_printf_percent$$00000000) refers (Special) to _printf_percent_end.o(.ARM.Collect$$_printf_percent$$00000017) for _printf_percent_end
    __main.o(!!!main) refers to __rtentry.o(.ARM.Collect$$rtentry$$00000000) for __rt_entry
    __rtentry.o(.ARM.Collect$$rtentry$$00000000) refers (Special) to __rtentry2.o(.ARM.Collect$$rtentry$$0000000A) for __rt_entry_li
    __rtentry.o(.ARM.Collect$$rtentry$$00000000) refers (Special) to __rtentry2.o(.ARM.Collect$$rtentry$$0000000D) for __rt_entry_main
    __rtentry.o(.ARM.Collect$$rtentry$$00000000) refers (Special) to __rtentry2.o(.ARM.Collect$$rtentry$$0000000C) for __rt_entry_postli_1
    __rtentry.o(.ARM.Collect$$rtentry$$00000000) refers (Special) to __rtentry2.o(.ARM.Collect$$rtentry$$00000009) for __rt_entry_postsh_1
    __rtentry.o(.ARM.Collect$$rtentry$$00000000) refers (Special) to __rtentry2.o(.ARM.Collect$$rtentry$$00000002) for __rt_entry_presh_1
    __rtentry.o(.ARM.Collect$$rtentry$$00000000) refers (Special) to __rtentry4.o(.ARM.Collect$$rtentry$$00000004) for __rt_entry_sh
    _printf_char.o(.text) refers (Weak) to _printf_str.o(.text) for _printf_str
    _printf_char_file.o(.text) refers to _printf_char_common.o(.text) for _printf_char_common
    _printf_char_file.o(.text) refers to bsp_retarget.o(i.ferror) for ferror
    _printf_char_file.o(.text) refers to bsp_retarget.o(i.fputc) for fputc
    __rtentry2.o(.ARM.Collect$$rtentry$$00000008) refers to boardinit2.o(.text) for _platform_post_stackheap_init
    __rtentry2.o(.ARM.Collect$$rtentry$$0000000A) refers to libinit.o(.ARM.Collect$$libinit$$00000000) for __rt_lib_init
    __rtentry2.o(.ARM.Collect$$rtentry$$0000000B) refers to boardinit3.o(.text) for _platform_post_lib_init
    __rtentry2.o(.ARM.Collect$$rtentry$$0000000D) refers to main.o(i.main) for main
    __rtentry2.o(.ARM.Collect$$rtentry$$0000000D) refers to exit.o(.text) for exit
    __rtentry2.o(.ARM.exidx) refers to __rtentry2.o(.ARM.Collect$$rtentry$$00000001) for .ARM.Collect$$rtentry$$00000001
    __rtentry2.o(.ARM.exidx) refers to __rtentry2.o(.ARM.Collect$$rtentry$$00000008) for .ARM.Collect$$rtentry$$00000008
    __rtentry2.o(.ARM.exidx) refers to __rtentry2.o(.ARM.Collect$$rtentry$$0000000A) for .ARM.Collect$$rtentry$$0000000A
    __rtentry2.o(.ARM.exidx) refers to __rtentry2.o(.ARM.Collect$$rtentry$$0000000B) for .ARM.Collect$$rtentry$$0000000B
    __rtentry2.o(.ARM.exidx) refers to __rtentry2.o(.ARM.Collect$$rtentry$$0000000D) for .ARM.Collect$$rtentry$$0000000D
    __rtentry4.o(.ARM.Collect$$rtentry$$00000004) refers to sys_stackheap_outer.o(.text) for __user_setup_stackheap
    __rtentry4.o(.ARM.exidx) refers to __rtentry4.o(.ARM.Collect$$rtentry$$00000004) for .ARM.Collect$$rtentry$$00000004
    _printf_char_common.o(.text) refers to __printf_flags.o(.text) for __printf
    sys_stackheap_outer.o(.text) refers to libspace.o(.text) for __user_perproc_libspace
    sys_stackheap_outer.o(.text) refers to startup_xinc.o(.text) for __user_initial_stackheap
    sys_stackheap_outer.o(__vectab_stack_and_reset_area) refers to tempstk.o(.text) for __temporary_stack_top
    sys_stackheap_outer.o(__vectab_stack_and_reset_area) refers to __main.o(!!!main) for __main
    exit.o(.text) refers to rtexit.o(.ARM.Collect$$rtexit$$00000000) for __rt_exit
    libinit.o(.ARM.Collect$$libinit$$00000000) refers (Special) to libinit2.o(.ARM.Collect$$libinit$$0000002E) for __rt_lib_init_alloca_1
    libinit.o(.ARM.Collect$$libinit$$00000000) refers (Special) to libinit2.o(.ARM.Collect$$libinit$$0000002C) for __rt_lib_init_argv_1
    libinit.o(.ARM.Collect$$libinit$$00000000) refers (Special) to libinit2.o(.ARM.Collect$$libinit$$0000001B) for __rt_lib_init_atexit_1
    libinit.o(.ARM.Collect$$libinit$$00000000) refers (Special) to libinit2.o(.ARM.Collect$$libinit$$00000021) for __rt_lib_init_clock_1
    libinit.o(.ARM.Collect$$libinit$$00000000) refers (Special) to libinit2.o(.ARM.Collect$$libinit$$00000032) for __rt_lib_init_cpp_1
    libinit.o(.ARM.Collect$$libinit$$00000000) refers (Special) to libinit2.o(.ARM.Collect$$libinit$$00000030) for __rt_lib_init_exceptions_1
    libinit.o(.ARM.Collect$$libinit$$00000000) refers (Special) to libinit2.o(.ARM.Collect$$libinit$$00000002) for __rt_lib_init_fp_1
    libinit.o(.ARM.Collect$$libinit$$00000000) refers (Special) to libinit2.o(.ARM.Collect$$libinit$$0000001F) for __rt_lib_init_fp_trap_1
    libinit.o(.ARM.Collect$$libinit$$00000000) refers (Special) to libinit2.o(.ARM.Collect$$libinit$$00000023) for __rt_lib_init_getenv_1
    libinit.o(.ARM.Collect$$libinit$$00000000) refers (Special) to libinit2.o(.ARM.Collect$$libinit$$0000000A) for __rt_lib_init_heap_1
    libinit.o(.ARM.Collect$$libinit$$00000000) refers (Special) to libinit2.o(.ARM.Collect$$libinit$$00000011) for __rt_lib_init_lc_collate_1
    libinit.o(.ARM.Collect$$libinit$$00000000) refers (Special) to libinit2.o(.ARM.Collect$$libinit$$00000013) for __rt_lib_init_lc_ctype_1
    libinit.o(.ARM.Collect$$libinit$$00000000) refers (Special) to libinit2.o(.ARM.Collect$$libinit$$00000015) for __rt_lib_init_lc_monetary_1
    libinit.o(.ARM.Collect$$libinit$$00000000) refers (Special) to libinit2.o(.ARM.Collect$$libinit$$00000017) for __rt_lib_init_lc_numeric_1
    libinit.o(.ARM.Collect$$libinit$$00000000) refers (Special) to libinit2.o(.ARM.Collect$$libinit$$00000019) for __rt_lib_init_lc_time_1
    libinit.o(.ARM.Collect$$libinit$$00000000) refers (Special) to libinit2.o(.ARM.Collect$$libinit$$00000004) for __rt_lib_init_preinit_1
    libinit.o(.ARM.Collect$$libinit$$00000000) refers (Special) to libinit2.o(.ARM.Collect$$libinit$$0000000E) for __rt_lib_init_rand_1
    libinit.o(.ARM.Collect$$libinit$$00000000) refers (Special) to libinit2.o(.ARM.Collect$$libinit$$00000033) for __rt_lib_init_return
    libinit.o(.ARM.Collect$$libinit$$00000000) refers (Special) to libinit2.o(.ARM.Collect$$libinit$$0000001D) for __rt_lib_init_signal_1
    libinit.o(.ARM.Collect$$libinit$$00000000) refers (Special) to libinit2.o(.ARM.Collect$$libinit$$00000025) for __rt_lib_init_stdio_1
    libinit.o(.ARM.Collect$$libinit$$00000000) refers (Special) to libinit2.o(.ARM.Collect$$libinit$$0000000C) for __rt_lib_init_user_alloc_1
    libspace.o(.text) refers to libspace.o(.bss) for __libspace_start
    rtexit.o(.ARM.Collect$$rtexit$$00000000) refers (Special) to rtexit2.o(.ARM.Collect$$rtexit$$00000004) for __rt_exit_exit
    rtexit.o(.ARM.Collect$$rtexit$$00000000) refers (Special) to rtexit2.o(.ARM.Collect$$rtexit$$00000003) for __rt_exit_ls
    rtexit.o(.ARM.Collect$$rtexit$$00000000) refers (Special) to rtexit2.o(.ARM.Collect$$rtexit$$00000002) for __rt_exit_prels_1
    rtexit.o(.ARM.exidx) refers (Special) to rtexit2.o(.ARM.Collect$$rtexit$$00000004) for __rt_exit_exit
    rtexit.o(.ARM.exidx) refers (Special) to rtexit2.o(.ARM.Collect$$rtexit$$00000003) for __rt_exit_ls
    rtexit.o(.ARM.exidx) refers (Special) to rtexit2.o(.ARM.Collect$$rtexit$$00000002) for __rt_exit_prels_1
    rtexit.o(.ARM.exidx) refers to rtexit.o(.ARM.Collect$$rtexit$$00000000) for .ARM.Collect$$rtexit$$00000000
    libinit2.o(.ARM.Collect$$libinit$$00000010) refers to libinit2.o(.ARM.Collect$$libinit$$0000000F) for .ARM.Collect$$libinit$$0000000F
    libinit2.o(.ARM.Collect$$libinit$$00000012) refers to libinit2.o(.ARM.Collect$$libinit$$0000000F) for .ARM.Collect$$libinit$$0000000F
    libinit2.o(.ARM.Collect$$libinit$$00000014) refers to libinit2.o(.ARM.Collect$$libinit$$0000000F) for .ARM.Collect$$libinit$$0000000F
    libinit2.o(.ARM.Collect$$libinit$$00000016) refers to libinit2.o(.ARM.Collect$$libinit$$0000000F) for .ARM.Collect$$libinit$$0000000F
    libinit2.o(.ARM.Collect$$libinit$$00000018) refers to libinit2.o(.ARM.Collect$$libinit$$0000000F) for .ARM.Collect$$libinit$$0000000F
    libinit2.o(.ARM.Collect$$libinit$$00000026) refers to argv_veneer.o(.text) for __ARM_argv_veneer
    libinit2.o(.ARM.Collect$$libinit$$00000027) refers to argv_veneer.o(.text) for __ARM_argv_veneer
    rtexit2.o(.ARM.Collect$$rtexit$$00000003) refers to libshutdown.o(.ARM.Collect$$libshutdown$$00000000) for __rt_lib_shutdown
    rtexit2.o(.ARM.Collect$$rtexit$$00000004) refers to bsp_retarget.o(i._sys_exit) for _sys_exit
    rtexit2.o(.ARM.exidx) refers to rtexit2.o(.ARM.Collect$$rtexit$$00000001) for .ARM.Collect$$rtexit$$00000001
    rtexit2.o(.ARM.exidx) refers to rtexit2.o(.ARM.Collect$$rtexit$$00000003) for .ARM.Collect$$rtexit$$00000003
    rtexit2.o(.ARM.exidx) refers to rtexit2.o(.ARM.Collect$$rtexit$$00000004) for .ARM.Collect$$rtexit$$00000004
    _get_argv_nomalloc.o(.text) refers (Special) to hrguard.o(.text) for __heap_region$guard
    _get_argv_nomalloc.o(.text) refers to defsig_rtmem_outer.o(.text) for __rt_SIGRTMEM
    _get_argv_nomalloc.o(.text) refers to sys_command.o(.text) for _sys_command_string
    libshutdown.o(.ARM.Collect$$libshutdown$$00000000) refers (Special) to libshutdown2.o(.ARM.Collect$$libshutdown$$00000002) for __rt_lib_shutdown_cpp_1
    libshutdown.o(.ARM.Collect$$libshutdown$$00000000) refers (Special) to libshutdown2.o(.ARM.Collect$$libshutdown$$00000007) for __rt_lib_shutdown_fp_trap_1
    libshutdown.o(.ARM.Collect$$libshutdown$$00000000) refers (Special) to libshutdown2.o(.ARM.Collect$$libshutdown$$0000000F) for __rt_lib_shutdown_heap_1
    libshutdown.o(.ARM.Collect$$libshutdown$$00000000) refers (Special) to libshutdown2.o(.ARM.Collect$$libshutdown$$00000010) for __rt_lib_shutdown_return
    libshutdown.o(.ARM.Collect$$libshutdown$$00000000) refers (Special) to libshutdown2.o(.ARM.Collect$$libshutdown$$0000000A) for __rt_lib_shutdown_signal_1
    libshutdown.o(.ARM.Collect$$libshutdown$$00000000) refers (Special) to libshutdown2.o(.ARM.Collect$$libshutdown$$00000004) for __rt_lib_shutdown_stdio_1
    libshutdown.o(.ARM.Collect$$libshutdown$$00000000) refers (Special) to libshutdown2.o(.ARM.Collect$$libshutdown$$0000000C) for __rt_lib_shutdown_user_alloc_1
    sys_command.o(.text) refers (Special) to use_no_semi.o(.text) for __I$use$semihosting
    sys_command.o(.text) refers (Special) to indicate_semi.o(.text) for __semihosting_library_function
    defsig_rtmem_outer.o(.text) refers to defsig_rtmem_inner.o(.text) for __rt_SIGRTMEM_inner
    defsig_rtmem_outer.o(.text) refers to defsig_exit.o(.text) for __sig_exit
    defsig_rtmem_formal.o(.text) refers to rt_raise.o(.text) for __rt_raise
    rt_raise.o(.text) refers to __raise.o(.text) for __raise
    rt_raise.o(.text) refers to bsp_retarget.o(i._sys_exit) for _sys_exit
    defsig_exit.o(.text) refers to bsp_retarget.o(i._sys_exit) for _sys_exit
    defsig_rtmem_inner.o(.text) refers to defsig_general.o(.text) for __default_signal_display
    __raise.o(.text) refers to defsig.o(CL$$defsig) for __default_signal_handler
    defsig_general.o(.text) refers to bsp_retarget.o(i._ttywrch) for _ttywrch
    defsig.o(CL$$defsig) refers to defsig_rtmem_inner.o(.text) for __rt_SIGRTMEM_inner
    defsig_abrt_inner.o(.text) refers to defsig_general.o(.text) for __default_signal_display
    defsig_fpe_inner.o(.text) refers to defsig_general.o(.text) for __default_signal_display
    defsig_rtred_inner.o(.text) refers to defsig_general.o(.text) for __default_signal_display
    defsig_stak_inner.o(.text) refers to defsig_general.o(.text) for __default_signal_display
    defsig_pvfn_inner.o(.text) refers to defsig_general.o(.text) for __default_signal_display
    defsig_cppl_inner.o(.text) refers to defsig_general.o(.text) for __default_signal_display
    defsig_segv_inner.o(.text) refers to defsig_general.o(.text) for __default_signal_display
    defsig_other.o(.text) refers to defsig_general.o(.text) for __default_signal_display


==============================================================================

Removing Unused input sections from the image.

    Removing bsp_gpio.o(.emb_text), (8 bytes).
    Removing bsp_gpio.o(i.GPIO_Sleep_Config), (96 bytes).
    Removing bsp_gpio.o(i.gpio_Register_Callback), (12 bytes).
    Removing bsp_gpio.o(i.gpio_direction_output), (28 bytes).
    Removing bsp_gpio.o(i.gpio_output_high), (28 bytes).
    Removing bsp_gpio.o(i.gpio_output_low), (28 bytes).
    Removing bsp_retarget.o(.emb_text), (8 bytes).
    Removing bsp_retarget.o(i._ttywrch), (8 bytes).
    Removing bsp_i2c_master.o(.emb_text), (8 bytes).
    Removing bsp_i2c_master.o(i.at24cxx_check), (42 bytes).
    Removing bsp_i2c_master.o(i.at24cxx_read), (84 bytes).
    Removing bsp_i2c_master.o(i.at24cxx_read_one_byte), (64 bytes).
    Removing bsp_i2c_master.o(i.at24cxx_write), (96 bytes).
    Removing bsp_i2c_master.o(i.at24cxx_write_one_byte), (72 bytes).
    Removing bsp_i2c_master.o(i.i2c_master_ReadMulti), (100 bytes).
    Removing bsp_i2c_master.o(i.i2c_master_ReadSingle), (44 bytes).
    Removing bsp_i2c_master.o(i.i2c_master_StatusCheck), (24 bytes).
    Removing bsp_i2c_master.o(i.i2c_master_WriteMulti), (72 bytes).
    Removing bsp_i2c_master.o(i.i2c_master_WriteSingle), (32 bytes).
    Removing bsp_i2c_master.o(i.i2c_master_init), (112 bytes).
    Removing bsp_i2c_master.o(i.test_master_at24cxx_i2c), (120 bytes).
    Removing bsp_i2c_master.o(.constdata), (20 bytes).
    Removing bsp_i2c_slave.o(.emb_text), (8 bytes).
    Removing bsp_i2c_slave.o(.data), (1 bytes).
    Removing bsp_i2c_slave.o(.data), (1 bytes).
    Removing bsp_i2c_slave.o(.data), (1 bytes).
    Removing bsp_i2c_slave.o(.data), (1 bytes).
    Removing bsp_uart.o(.emb_text), (8 bytes).
    Removing bsp_uart.o(i.Uart_DMA_Send), (72 bytes).
    Removing bsp_uart.o(i.Uart_Register_Callback), (12 bytes).
    Removing bsp_uart.o(i.Uart_Send_Buf), (26 bytes).
    Removing bsp_uart.o(i.Uart_Send_Char), (24 bytes).
    Removing bsp_uart.o(i.Uart_Send_String), (24 bytes).
    Removing bsp_uart.o(.bss), (256 bytes).
    Removing main.o(.emb_text), (8 bytes).
    Removing infrared_core.o(.emb_text), (8 bytes).
    Removing infrared_core.o(i.AnalogRead), (2 bytes).
    Removing infrared.o(.emb_text), (8 bytes).

38 unused section(s) (total 1566 bytes) removed from the image.

==============================================================================

Image Symbol Table

    Local Symbols

    Symbol Name                              Value     Ov Type        Size  Object(Section)

    ../clib/angel/boardlib.s                 0x00000000   Number         0  boardshut.o ABSOLUTE
    ../clib/angel/boardlib.s                 0x00000000   Number         0  boardinit1.o ABSOLUTE
    ../clib/angel/boardlib.s                 0x00000000   Number         0  boardinit2.o ABSOLUTE
    ../clib/angel/boardlib.s                 0x00000000   Number         0  boardinit3.o ABSOLUTE
    ../clib/angel/handlers.s                 0x00000000   Number         0  __scatter_zi.o ABSOLUTE
    ../clib/angel/handlers.s                 0x00000000   Number         0  __scatter_copy.o ABSOLUTE
    ../clib/angel/kernel.s                   0x00000000   Number         0  rtexit.o ABSOLUTE
    ../clib/angel/kernel.s                   0x00000000   Number         0  rtexit2.o ABSOLUTE
    ../clib/angel/kernel.s                   0x00000000   Number         0  __rtentry.o ABSOLUTE
    ../clib/angel/kernel.s                   0x00000000   Number         0  __rtentry2.o ABSOLUTE
    ../clib/angel/kernel.s                   0x00000000   Number         0  __rtentry4.o ABSOLUTE
    ../clib/angel/rt.s                       0x00000000   Number         0  rt_raise.o ABSOLUTE
    ../clib/angel/scatterp.s                 0x00000000   Number         0  __scatter.o ABSOLUTE
    ../clib/angel/startup.s                  0x00000000   Number         0  __main.o ABSOLUTE
    ../clib/angel/sys.s                      0x00000000   Number         0  use_no_semi.o ABSOLUTE
    ../clib/angel/sys.s                      0x00000000   Number         0  tempstk.o ABSOLUTE
    ../clib/angel/sys.s                      0x00000000   Number         0  indicate_semi.o ABSOLUTE
    ../clib/angel/sys.s                      0x00000000   Number         0  sys_stackheap_outer.o ABSOLUTE
    ../clib/angel/sys.s                      0x00000000   Number         0  libspace.o ABSOLUTE
    ../clib/angel/sysapp.c                   0x00000000   Number         0  sys_command.o ABSOLUTE
    ../clib/armsys.c                         0x00000000   Number         0  argv_veneer.o ABSOLUTE
    ../clib/armsys.c                         0x00000000   Number         0  _get_argv_nomalloc.o ABSOLUTE
    ../clib/armsys.c                         0x00000000   Number         0  no_argv.o ABSOLUTE
    ../clib/division.c                       0x00000000   Number         0  rtudiv10.o ABSOLUTE
    ../clib/heapalloc.c                      0x00000000   Number         0  hrguard.o ABSOLUTE
    ../clib/heapaux.c                        0x00000000   Number         0  heapauxi.o ABSOLUTE
    ../clib/libinit.s                        0x00000000   Number         0  libinit2.o ABSOLUTE
    ../clib/libinit.s                        0x00000000   Number         0  libshutdown2.o ABSOLUTE
    ../clib/libinit.s                        0x00000000   Number         0  libshutdown.o ABSOLUTE
    ../clib/libinit.s                        0x00000000   Number         0  libinit.o ABSOLUTE
    ../clib/memcpset.c                       0x00000000   Number         0  rt_memclr.o ABSOLUTE
    ../clib/misc.s                           0x00000000   Number         0  printf_stubs.o ABSOLUTE
    ../clib/printf.c                         0x00000000   Number         0  _printf_hex_ptr.o ABSOLUTE
    ../clib/printf.c                         0x00000000   Number         0  _printf_hex_int_ll_ptr.o ABSOLUTE
    ../clib/printf.c                         0x00000000   Number         0  __printf_flags.o ABSOLUTE
    ../clib/printf.c                         0x00000000   Number         0  _printf_char_common.o ABSOLUTE
    ../clib/printf.c                         0x00000000   Number         0  __printf_ss.o ABSOLUTE
    ../clib/printf.c                         0x00000000   Number         0  _printf_char_file.o ABSOLUTE
    ../clib/printf.c                         0x00000000   Number         0  __printf_flags_ss.o ABSOLUTE
    ../clib/printf.c                         0x00000000   Number         0  _printf_char.o ABSOLUTE
    ../clib/printf.c                         0x00000000   Number         0  __printf_wp.o ABSOLUTE
    ../clib/printf.c                         0x00000000   Number         0  _printf_intcommon.o ABSOLUTE
    ../clib/printf.c                         0x00000000   Number         0  __printf_flags_wp.o ABSOLUTE
    ../clib/printf.c                         0x00000000   Number         0  __printf_ss_wp.o ABSOLUTE
    ../clib/printf.c                         0x00000000   Number         0  __printf_flags_ss_wp.o ABSOLUTE
    ../clib/printf.c                         0x00000000   Number         0  _printf_hex_int_ptr.o ABSOLUTE
    ../clib/printf.c                         0x00000000   Number         0  _printf_hex_ll_ptr.o ABSOLUTE
    ../clib/printf.c                         0x00000000   Number         0  __2printf.o ABSOLUTE
    ../clib/printf.c                         0x00000000   Number         0  noretval__2printf.o ABSOLUTE
    ../clib/printf.c                         0x00000000   Number         0  __printf.o ABSOLUTE
    ../clib/printf.c                         0x00000000   Number         0  _printf_str.o ABSOLUTE
    ../clib/printf.c                         0x00000000   Number         0  _printf_dec.o ABSOLUTE
    ../clib/printf.c                         0x00000000   Number         0  _printf_hex_ll.o ABSOLUTE
    ../clib/printf.c                         0x00000000   Number         0  _printf_hex_int.o ABSOLUTE
    ../clib/printf.c                         0x00000000   Number         0  __printf_nopercent.o ABSOLUTE
    ../clib/printf.c                         0x00000000   Number         0  _printf_hex_int_ll.o ABSOLUTE
    ../clib/printf_percent.s                 0x00000000   Number         0  _printf_s.o ABSOLUTE
    ../clib/printf_percent.s                 0x00000000   Number         0  _printf_x.o ABSOLUTE
    ../clib/printf_percent.s                 0x00000000   Number         0  _printf_percent_end.o ABSOLUTE
    ../clib/printf_percent.s                 0x00000000   Number         0  _printf_d.o ABSOLUTE
    ../clib/printf_percent.s                 0x00000000   Number         0  _printf_percent.o ABSOLUTE
    ../clib/signal.c                         0x00000000   Number         0  defsig_rtred_inner.o ABSOLUTE
    ../clib/signal.c                         0x00000000   Number         0  defsig_rtmem_inner.o ABSOLUTE
    ../clib/signal.c                         0x00000000   Number         0  defsig_other.o ABSOLUTE
    ../clib/signal.c                         0x00000000   Number         0  defsig_segv_inner.o ABSOLUTE
    ../clib/signal.c                         0x00000000   Number         0  defsig_cppl_inner.o ABSOLUTE
    ../clib/signal.c                         0x00000000   Number         0  defsig_rtmem_outer.o ABSOLUTE
    ../clib/signal.c                         0x00000000   Number         0  defsig_rtmem_formal.o ABSOLUTE
    ../clib/signal.c                         0x00000000   Number         0  defsig_abrt_inner.o ABSOLUTE
    ../clib/signal.c                         0x00000000   Number         0  defsig_stak_inner.o ABSOLUTE
    ../clib/signal.c                         0x00000000   Number         0  defsig_fpe_inner.o ABSOLUTE
    ../clib/signal.c                         0x00000000   Number         0  defsig_exit.o ABSOLUTE
    ../clib/signal.c                         0x00000000   Number         0  defsig_pvfn_inner.o ABSOLUTE
    ../clib/signal.c                         0x00000000   Number         0  defsig_general.o ABSOLUTE
    ../clib/signal.c                         0x00000000   Number         0  __raise.o ABSOLUTE
    ../clib/signal.s                         0x00000000   Number         0  defsig.o ABSOLUTE
    ../clib/stdlib.c                         0x00000000   Number         0  exit.o ABSOLUTE
    ../fplib/cfplib/fpinit.c                 0x00000000   Number         0  fpinit.o ABSOLUTE
    application\Infrared_core.c              0x00000000   Number         0  infrared_core.o ABSOLUTE
    application\\Infrared_core.c             0x00000000   Number         0  infrared_core.o ABSOLUTE
    application\\main.c                      0x00000000   Number         0  main.o ABSOLUTE
    application\main.c                       0x00000000   Number         0  main.o ABSOLUTE
    bsp\\bsp_gpio.c                          0x00000000   Number         0  bsp_gpio.o ABSOLUTE
    bsp\\bsp_i2c_master.c                    0x00000000   Number         0  bsp_i2c_master.o ABSOLUTE
    bsp\\bsp_i2c_slave.c                     0x00000000   Number         0  bsp_i2c_slave.o ABSOLUTE
    bsp\\bsp_retarget.c                      0x00000000   Number         0  bsp_retarget.o ABSOLUTE
    bsp\\bsp_uart.c                          0x00000000   Number         0  bsp_uart.o ABSOLUTE
    bsp\bsp_gpio.c                           0x00000000   Number         0  bsp_gpio.o ABSOLUTE
    bsp\bsp_i2c_master.c                     0x00000000   Number         0  bsp_i2c_master.o ABSOLUTE
    bsp\bsp_i2c_slave.c                      0x00000000   Number         0  bsp_i2c_slave.o ABSOLUTE
    bsp\bsp_retarget.c                       0x00000000   Number         0  bsp_retarget.o ABSOLUTE
    bsp\bsp_uart.c                           0x00000000   Number         0  bsp_uart.o ABSOLUTE
    dc.s                                     0x00000000   Number         0  dc.o ABSOLUTE
    startup\core_cm0.c                       0x00000000   Number         0  core_cm0.o ABSOLUTE
    startup\startup_xinc.s                   0x00000000   Number         0  startup_xinc.o ABSOLUTE
    startup\system_xinc.c                    0x00000000   Number         0  system_xinc.o ABSOLUTE
    system_software\Infrared.c               0x00000000   Number         0  infrared.o ABSOLUTE
    system_software\\Infrared.c              0x00000000   Number         0  infrared.o ABSOLUTE
    RESET                                    0x10000000   Section      144  startup_xinc.o(RESET)
    !!!main                                  0x10000090   Section        8  __main.o(!!!main)
    !!!scatter                               0x10000098   Section       60  __scatter.o(!!!scatter)
    !!handler_copy                           0x100000d4   Section       26  __scatter_copy.o(!!handler_copy)
    !!handler_zi                             0x100000f0   Section       28  __scatter_zi.o(!!handler_zi)
    .ARM.Collect$$_printf_percent$$00000000  0x1000010c   Section        2  _printf_percent.o(.ARM.Collect$$_printf_percent$$00000000)
    .ARM.Collect$$_printf_percent$$00000009  0x1000010e   Section       10  _printf_d.o(.ARM.Collect$$_printf_percent$$00000009)
    .ARM.Collect$$_printf_percent$$0000000C  0x10000118   Section       10  _printf_x.o(.ARM.Collect$$_printf_percent$$0000000C)
    .ARM.Collect$$_printf_percent$$00000014  0x10000122   Section       10  _printf_s.o(.ARM.Collect$$_printf_percent$$00000014)
    .ARM.Collect$$_printf_percent$$00000017  0x1000012c   Section        4  _printf_percent_end.o(.ARM.Collect$$_printf_percent$$00000017)
    .ARM.Collect$$libinit$$00000000          0x10000130   Section        2  libinit.o(.ARM.Collect$$libinit$$00000000)
    .ARM.Collect$$libinit$$00000002          0x10000132   Section        0  libinit2.o(.ARM.Collect$$libinit$$00000002)
    .ARM.Collect$$libinit$$00000004          0x10000132   Section        0  libinit2.o(.ARM.Collect$$libinit$$00000004)
    .ARM.Collect$$libinit$$0000000A          0x10000132   Section        0  libinit2.o(.ARM.Collect$$libinit$$0000000A)
    .ARM.Collect$$libinit$$0000000C          0x10000132   Section        0  libinit2.o(.ARM.Collect$$libinit$$0000000C)
    .ARM.Collect$$libinit$$0000000E          0x10000132   Section        0  libinit2.o(.ARM.Collect$$libinit$$0000000E)
    .ARM.Collect$$libinit$$00000011          0x10000132   Section        0  libinit2.o(.ARM.Collect$$libinit$$00000011)
    .ARM.Collect$$libinit$$00000013          0x10000132   Section        0  libinit2.o(.ARM.Collect$$libinit$$00000013)
    .ARM.Collect$$libinit$$00000015          0x10000132   Section        0  libinit2.o(.ARM.Collect$$libinit$$00000015)
    .ARM.Collect$$libinit$$00000017          0x10000132   Section        0  libinit2.o(.ARM.Collect$$libinit$$00000017)
    .ARM.Collect$$libinit$$00000019          0x10000132   Section        0  libinit2.o(.ARM.Collect$$libinit$$00000019)
    .ARM.Collect$$libinit$$0000001B          0x10000132   Section        0  libinit2.o(.ARM.Collect$$libinit$$0000001B)
    .ARM.Collect$$libinit$$0000001D          0x10000132   Section        0  libinit2.o(.ARM.Collect$$libinit$$0000001D)
    .ARM.Collect$$libinit$$0000001F          0x10000132   Section        0  libinit2.o(.ARM.Collect$$libinit$$0000001F)
    .ARM.Collect$$libinit$$00000021          0x10000132   Section        0  libinit2.o(.ARM.Collect$$libinit$$00000021)
    .ARM.Collect$$libinit$$00000023          0x10000132   Section        0  libinit2.o(.ARM.Collect$$libinit$$00000023)
    .ARM.Collect$$libinit$$00000025          0x10000132   Section        0  libinit2.o(.ARM.Collect$$libinit$$00000025)
    .ARM.Collect$$libinit$$0000002C          0x10000132   Section        0  libinit2.o(.ARM.Collect$$libinit$$0000002C)
    .ARM.Collect$$libinit$$0000002E          0x10000132   Section        0  libinit2.o(.ARM.Collect$$libinit$$0000002E)
    .ARM.Collect$$libinit$$00000030          0x10000132   Section        0  libinit2.o(.ARM.Collect$$libinit$$00000030)
    .ARM.Collect$$libinit$$00000032          0x10000132   Section        0  libinit2.o(.ARM.Collect$$libinit$$00000032)
    .ARM.Collect$$libinit$$00000033          0x10000132   Section        2  libinit2.o(.ARM.Collect$$libinit$$00000033)
    .ARM.Collect$$libshutdown$$00000000      0x10000134   Section        2  libshutdown.o(.ARM.Collect$$libshutdown$$00000000)
    .ARM.Collect$$libshutdown$$00000002      0x10000136   Section        0  libshutdown2.o(.ARM.Collect$$libshutdown$$00000002)
    .ARM.Collect$$libshutdown$$00000004      0x10000136   Section        0  libshutdown2.o(.ARM.Collect$$libshutdown$$00000004)
    .ARM.Collect$$libshutdown$$00000007      0x10000136   Section        0  libshutdown2.o(.ARM.Collect$$libshutdown$$00000007)
    .ARM.Collect$$libshutdown$$0000000A      0x10000136   Section        0  libshutdown2.o(.ARM.Collect$$libshutdown$$0000000A)
    .ARM.Collect$$libshutdown$$0000000C      0x10000136   Section        0  libshutdown2.o(.ARM.Collect$$libshutdown$$0000000C)
    .ARM.Collect$$libshutdown$$0000000F      0x10000136   Section        0  libshutdown2.o(.ARM.Collect$$libshutdown$$0000000F)
    .ARM.Collect$$libshutdown$$00000010      0x10000136   Section        2  libshutdown2.o(.ARM.Collect$$libshutdown$$00000010)
    .ARM.Collect$$rtentry$$00000000          0x10000138   Section        0  __rtentry.o(.ARM.Collect$$rtentry$$00000000)
    .ARM.Collect$$rtentry$$00000002          0x10000138   Section        0  __rtentry2.o(.ARM.Collect$$rtentry$$00000002)
    .ARM.Collect$$rtentry$$00000004          0x10000138   Section        6  __rtentry4.o(.ARM.Collect$$rtentry$$00000004)
    .ARM.Collect$$rtentry$$00000009          0x1000013e   Section        0  __rtentry2.o(.ARM.Collect$$rtentry$$00000009)
    .ARM.Collect$$rtentry$$0000000A          0x1000013e   Section        4  __rtentry2.o(.ARM.Collect$$rtentry$$0000000A)
    .ARM.Collect$$rtentry$$0000000C          0x10000142   Section        0  __rtentry2.o(.ARM.Collect$$rtentry$$0000000C)
    .ARM.Collect$$rtentry$$0000000D          0x10000142   Section        8  __rtentry2.o(.ARM.Collect$$rtentry$$0000000D)
    .ARM.Collect$$rtexit$$00000000           0x1000014a   Section        2  rtexit.o(.ARM.Collect$$rtexit$$00000000)
    .ARM.Collect$$rtexit$$00000002           0x1000014c   Section        0  rtexit2.o(.ARM.Collect$$rtexit$$00000002)
    .ARM.Collect$$rtexit$$00000003           0x1000014c   Section        4  rtexit2.o(.ARM.Collect$$rtexit$$00000003)
    .ARM.Collect$$rtexit$$00000004           0x10000150   Section        6  rtexit2.o(.ARM.Collect$$rtexit$$00000004)
    .text                                    0x10000158   Section       72  startup_xinc.o(.text)
    .text                                    0x100001a0   Section        2  use_no_semi.o(.text)
    .text                                    0x100001a4   Section        0  noretval__2printf.o(.text)
    .text                                    0x100001c0   Section        0  _printf_str.o(.text)
    .text                                    0x10000214   Section        0  _printf_dec.o(.text)
    .text                                    0x10000280   Section        0  _printf_hex_int.o(.text)
    .text                                    0x100002d8   Section        0  __printf_flags.o(.text)
    .text                                    0x10000370   Section        0  heapauxi.o(.text)
    .text                                    0x10000376   Section        0  _printf_intcommon.o(.text)
    .text                                    0x10000426   Section        0  _printf_char.o(.text)
    .text                                    0x10000454   Section        0  _printf_char_file.o(.text)
    .text                                    0x1000047c   Section        0  rtudiv10.o(.text)
    .text                                    0x100004a4   Section        0  _printf_char_common.o(.text)
    _printf_input_char                       0x100004a5   Thumb Code    10  _printf_char_common.o(.text)
    .text                                    0x100004d4   Section       62  sys_stackheap_outer.o(.text)
    .text                                    0x10000512   Section        0  exit.o(.text)
    .text                                    0x10000524   Section        8  libspace.o(.text)
    i.DigitalRead                            0x1000052c   Section        0  infrared_core.o(i.DigitalRead)
    i.GPIO_Handler                           0x100005a8   Section        0  bsp_gpio.o(i.GPIO_Handler)
    i.Gpio_init                              0x10000604   Section        0  infrared_core.o(i.Gpio_init)
    i.I2C_Handler                            0x1000061c   Section        0  bsp_i2c_slave.o(i.I2C_Handler)
    i.Init_gpio                              0x1000064c   Section        0  bsp_gpio.o(i.Init_gpio)
    i.Init_uart                              0x100006e4   Section        0  bsp_uart.o(i.Init_uart)
    i.SystemInit                             0x10000768   Section        0  system_xinc.o(i.SystemInit)
    i.UART0_Handler                          0x1000077c   Section        0  bsp_uart.o(i.UART0_Handler)
    i.UART1_Handler                          0x100007a4   Section        0  bsp_uart.o(i.UART1_Handler)
    i._DigitalRead                           0x100007cc   Section        0  infrared.o(i._DigitalRead)
    i._Infrared_io_init                      0x100007d8   Section        0  infrared.o(i._Infrared_io_init)
    i._Infrared_state                        0x1000087c   Section        0  infrared.o(i._Infrared_state)
    i._sys_exit                              0x100008ba   Section        0  bsp_retarget.o(i._sys_exit)
    i.ferror                                 0x100008bc   Section        0  bsp_retarget.o(i.ferror)
    i.fputc                                  0x100008c2   Section        0  bsp_retarget.o(i.fputc)
    i.gpio_direction_input                   0x100008cc   Section        0  bsp_gpio.o(i.gpio_direction_input)
    i.gpio_fun_inter                         0x10000974   Section        0  bsp_gpio.o(i.gpio_fun_inter)
    i.gpio_fun_sel                           0x100009dc   Section        0  bsp_gpio.o(i.gpio_fun_sel)
    i.gpio_input_val                         0x10000a34   Section        0  bsp_gpio.o(i.gpio_input_val)
    i.gpio_mux_ctl                           0x10000a54   Section        0  bsp_gpio.o(i.gpio_mux_ctl)
    i.i2c_master_StatusCheck                 0x10000a7c   Section        0  bsp_i2c_slave.o(i.i2c_master_StatusCheck)
    i2c_master_StatusCheck                   0x10000a7d   Thumb Code    18  bsp_i2c_slave.o(i.i2c_master_StatusCheck)
    i.i2c_slave_init                         0x10000a94   Section        0  bsp_i2c_slave.o(i.i2c_slave_init)
    i.main                                   0x10000b0c   Section        0  main.o(i.main)
    i.retarget_init                          0x10000b28   Section        0  bsp_retarget.o(i.retarget_init)
    i.sendchar                               0x10000bd0   Section        0  bsp_retarget.o(i.sendchar)
    i.test_slave_i2c                         0x10000be8   Section        0  bsp_i2c_slave.o(i.test_slave_i2c)
    i.test_uart                              0x10000c24   Section        0  bsp_uart.o(i.test_uart)
    .constdata                               0x10000c64   Section       40  _printf_hex_int.o(.constdata)
    uc_hextab                                0x10000c64   Data          20  _printf_hex_int.o(.constdata)
    lc_hextab                                0x10000c78   Data          20  _printf_hex_int.o(.constdata)
    .constdata                               0x10000c8c   Section       17  __printf_flags.o(.constdata)
    maptable                                 0x10000c8c   Data          17  __printf_flags.o(.constdata)
    .data                                    0x10001cc0   Section       44  bsp_gpio.o(.data)
    .data                                    0x10001cec   Section        4  bsp_retarget.o(.data)
    .data                                    0x10001cf0   Section        8  bsp_uart.o(.data)
    .data                                    0x10001cf8   Section       12  infrared.o(.data)
    .bss                                     0x10001d04   Section       32  bsp_gpio.o(.bss)
    .bss                                     0x10001d24   Section       32  bsp_i2c_slave.o(.bss)
    .bss                                     0x10001d44   Section       12  main.o(.bss)
    .bss                                     0x10001d50   Section       96  libspace.o(.bss)
    HEAP                                     0x10001db0   Section        0  startup_xinc.o(HEAP)
    STACK                                    0x10001db0   Section     2048  startup_xinc.o(STACK)
    Heap_Mem                                 0x10001db0   Data           0  startup_xinc.o(HEAP)
    Stack_Mem                                0x10001db0   Data        2048  startup_xinc.o(STACK)
    __initial_sp                             0x100025b0   Data           0  startup_xinc.o(STACK)

    Global Symbols

    Symbol Name                              Value     Ov Type        Size  Object(Section)

    BuildAttributes$$THM_ISAv3M$S$PE$A:L22$X:L11$S22$IEEE1$IW$USESV6$~STKCKD$USESV7$~SHL$OSPACE$ROPI$EBA8$UX$STANDARDLIB$REQ8$PRES8$EABIv2 0x00000000   Number         0  anon$$obj.o ABSOLUTE
    __ARM_use_no_argv                        0x00000000   Number         0  main.o ABSOLUTE
    _printf_flags                            0x00000000   Number         0  printf_stubs.o ABSOLUTE
    _printf_return_value                     0x00000000   Number         0  printf_stubs.o ABSOLUTE
    _printf_sizespec                         0x00000000   Number         0  printf_stubs.o ABSOLUTE
    _printf_widthprec                        0x00000000   Number         0  printf_stubs.o ABSOLUTE
    __ARM_exceptions_init                     - Undefined Weak Reference
    __alloca_initialize                       - Undefined Weak Reference
    __arm_preinit_                            - Undefined Weak Reference
    __cpp_initialize__aeabi_                  - Undefined Weak Reference
    __cxa_finalize                            - Undefined Weak Reference
    __rt_locale                               - Undefined Weak Reference
    __sigvec_lookup                           - Undefined Weak Reference
    _atexit_init                              - Undefined Weak Reference
    _call_atexit_fns                          - Undefined Weak Reference
    _clock_init                               - Undefined Weak Reference
    _fp_trap_init                             - Undefined Weak Reference
    _fp_trap_shutdown                         - Undefined Weak Reference
    _get_lc_collate                           - Undefined Weak Reference
    _get_lc_ctype                             - Undefined Weak Reference
    _get_lc_monetary                          - Undefined Weak Reference
    _get_lc_numeric                           - Undefined Weak Reference
    _get_lc_time                              - Undefined Weak Reference
    _getenv_init                              - Undefined Weak Reference
    _handle_redirection                       - Undefined Weak Reference
    _init_alloc                               - Undefined Weak Reference
    _init_user_alloc                          - Undefined Weak Reference
    _initio                                   - Undefined Weak Reference
    _printf_mbtowc                            - Undefined Weak Reference
    _printf_post_padding                      - Undefined Weak Reference
    _printf_pre_padding                       - Undefined Weak Reference
    _printf_truncate_signed                   - Undefined Weak Reference
    _printf_truncate_unsigned                 - Undefined Weak Reference
    _rand_init                                - Undefined Weak Reference
    _signal_finish                            - Undefined Weak Reference
    _signal_init                              - Undefined Weak Reference
    _terminate_alloc                          - Undefined Weak Reference
    _terminate_user_alloc                     - Undefined Weak Reference
    _terminateio                              - Undefined Weak Reference
    __Vectors_Size                           0x00000090   Number         0  startup_xinc.o ABSOLUTE
    __Vectors                                0x10000000   Data           4  startup_xinc.o(RESET)
    __Vectors_End                            0x10000090   Data           0  startup_xinc.o(RESET)
    __main                                   0x10000091   Thumb Code     8  __main.o(!!!main)
    __scatterload                            0x10000099   Thumb Code     0  __scatter.o(!!!scatter)
    __scatterload_rt2                        0x10000099   Thumb Code    52  __scatter.o(!!!scatter)
    __scatterload_rt2_thumb_only             0x10000099   Thumb Code     0  __scatter.o(!!!scatter)
    __scatterload_null                       0x100000a9   Thumb Code     0  __scatter.o(!!!scatter)
    __scatterload_copy                       0x100000d5   Thumb Code    26  __scatter_copy.o(!!handler_copy)
    __scatterload_zeroinit                   0x100000f1   Thumb Code    28  __scatter_zi.o(!!handler_zi)
    _printf_percent                          0x1000010d   Thumb Code     0  _printf_percent.o(.ARM.Collect$$_printf_percent$$00000000)
    _printf_d                                0x1000010f   Thumb Code     0  _printf_d.o(.ARM.Collect$$_printf_percent$$00000009)
    _printf_x                                0x10000119   Thumb Code     0  _printf_x.o(.ARM.Collect$$_printf_percent$$0000000C)
    _printf_s                                0x10000123   Thumb Code     0  _printf_s.o(.ARM.Collect$$_printf_percent$$00000014)
    _printf_percent_end                      0x1000012d   Thumb Code     0  _printf_percent_end.o(.ARM.Collect$$_printf_percent$$00000017)
    __rt_lib_init                            0x10000131   Thumb Code     0  libinit.o(.ARM.Collect$$libinit$$00000000)
    __rt_lib_init_alloca_1                   0x10000133   Thumb Code     0  libinit2.o(.ARM.Collect$$libinit$$0000002E)
    __rt_lib_init_argv_1                     0x10000133   Thumb Code     0  libinit2.o(.ARM.Collect$$libinit$$0000002C)
    __rt_lib_init_atexit_1                   0x10000133   Thumb Code     0  libinit2.o(.ARM.Collect$$libinit$$0000001B)
    __rt_lib_init_clock_1                    0x10000133   Thumb Code     0  libinit2.o(.ARM.Collect$$libinit$$00000021)
    __rt_lib_init_cpp_1                      0x10000133   Thumb Code     0  libinit2.o(.ARM.Collect$$libinit$$00000032)
    __rt_lib_init_exceptions_1               0x10000133   Thumb Code     0  libinit2.o(.ARM.Collect$$libinit$$00000030)
    __rt_lib_init_fp_1                       0x10000133   Thumb Code     0  libinit2.o(.ARM.Collect$$libinit$$00000002)
    __rt_lib_init_fp_trap_1                  0x10000133   Thumb Code     0  libinit2.o(.ARM.Collect$$libinit$$0000001F)
    __rt_lib_init_getenv_1                   0x10000133   Thumb Code     0  libinit2.o(.ARM.Collect$$libinit$$00000023)
    __rt_lib_init_heap_1                     0x10000133   Thumb Code     0  libinit2.o(.ARM.Collect$$libinit$$0000000A)
    __rt_lib_init_lc_collate_1               0x10000133   Thumb Code     0  libinit2.o(.ARM.Collect$$libinit$$00000011)
    __rt_lib_init_lc_ctype_1                 0x10000133   Thumb Code     0  libinit2.o(.ARM.Collect$$libinit$$00000013)
    __rt_lib_init_lc_monetary_1              0x10000133   Thumb Code     0  libinit2.o(.ARM.Collect$$libinit$$00000015)
    __rt_lib_init_lc_numeric_1               0x10000133   Thumb Code     0  libinit2.o(.ARM.Collect$$libinit$$00000017)
    __rt_lib_init_lc_time_1                  0x10000133   Thumb Code     0  libinit2.o(.ARM.Collect$$libinit$$00000019)
    __rt_lib_init_preinit_1                  0x10000133   Thumb Code     0  libinit2.o(.ARM.Collect$$libinit$$00000004)
    __rt_lib_init_rand_1                     0x10000133   Thumb Code     0  libinit2.o(.ARM.Collect$$libinit$$0000000E)
    __rt_lib_init_return                     0x10000133   Thumb Code     0  libinit2.o(.ARM.Collect$$libinit$$00000033)
    __rt_lib_init_signal_1                   0x10000133   Thumb Code     0  libinit2.o(.ARM.Collect$$libinit$$0000001D)
    __rt_lib_init_stdio_1                    0x10000133   Thumb Code     0  libinit2.o(.ARM.Collect$$libinit$$00000025)
    __rt_lib_init_user_alloc_1               0x10000133   Thumb Code     0  libinit2.o(.ARM.Collect$$libinit$$0000000C)
    __rt_lib_shutdown                        0x10000135   Thumb Code     0  libshutdown.o(.ARM.Collect$$libshutdown$$00000000)
    __rt_lib_shutdown_cpp_1                  0x10000137   Thumb Code     0  libshutdown2.o(.ARM.Collect$$libshutdown$$00000002)
    __rt_lib_shutdown_fp_trap_1              0x10000137   Thumb Code     0  libshutdown2.o(.ARM.Collect$$libshutdown$$00000007)
    __rt_lib_shutdown_heap_1                 0x10000137   Thumb Code     0  libshutdown2.o(.ARM.Collect$$libshutdown$$0000000F)
    __rt_lib_shutdown_return                 0x10000137   Thumb Code     0  libshutdown2.o(.ARM.Collect$$libshutdown$$00000010)
    __rt_lib_shutdown_signal_1               0x10000137   Thumb Code     0  libshutdown2.o(.ARM.Collect$$libshutdown$$0000000A)
    __rt_lib_shutdown_stdio_1                0x10000137   Thumb Code     0  libshutdown2.o(.ARM.Collect$$libshutdown$$00000004)
    __rt_lib_shutdown_user_alloc_1           0x10000137   Thumb Code     0  libshutdown2.o(.ARM.Collect$$libshutdown$$0000000C)
    __rt_entry                               0x10000139   Thumb Code     0  __rtentry.o(.ARM.Collect$$rtentry$$00000000)
    __rt_entry_presh_1                       0x10000139   Thumb Code     0  __rtentry2.o(.ARM.Collect$$rtentry$$00000002)
    __rt_entry_sh                            0x10000139   Thumb Code     0  __rtentry4.o(.ARM.Collect$$rtentry$$00000004)
    __rt_entry_li                            0x1000013f   Thumb Code     0  __rtentry2.o(.ARM.Collect$$rtentry$$0000000A)
    __rt_entry_postsh_1                      0x1000013f   Thumb Code     0  __rtentry2.o(.ARM.Collect$$rtentry$$00000009)
    __rt_entry_main                          0x10000143   Thumb Code     0  __rtentry2.o(.ARM.Collect$$rtentry$$0000000D)
    __rt_entry_postli_1                      0x10000143   Thumb Code     0  __rtentry2.o(.ARM.Collect$$rtentry$$0000000C)
    __rt_exit                                0x1000014b   Thumb Code     0  rtexit.o(.ARM.Collect$$rtexit$$00000000)
    __rt_exit_ls                             0x1000014d   Thumb Code     0  rtexit2.o(.ARM.Collect$$rtexit$$00000003)
    __rt_exit_prels_1                        0x1000014d   Thumb Code     0  rtexit2.o(.ARM.Collect$$rtexit$$00000002)
    __rt_exit_exit                           0x10000151   Thumb Code     0  rtexit2.o(.ARM.Collect$$rtexit$$00000004)
    Reset_Handler                            0x10000159   Thumb Code    14  startup_xinc.o(.text)
    NMI_Handler                              0x10000167   Thumb Code     2  startup_xinc.o(.text)
    HardFault_Handler                        0x10000169   Thumb Code     2  startup_xinc.o(.text)
    MemManage_Handler                        0x1000016b   Thumb Code     2  startup_xinc.o(.text)
    BusFault_Handler                         0x1000016d   Thumb Code     2  startup_xinc.o(.text)
    UsageFault_Handler                       0x1000016f   Thumb Code     2  startup_xinc.o(.text)
    SVC_Handler                              0x10000171   Thumb Code     2  startup_xinc.o(.text)
    DebugMon_Handler                         0x10000173   Thumb Code     2  startup_xinc.o(.text)
    AES_Handler                              0x10000175   Thumb Code     0  startup_xinc.o(.text)
    BLE_Handler                              0x10000175   Thumb Code     0  startup_xinc.o(.text)
    CPR_Handler                              0x10000175   Thumb Code     0  startup_xinc.o(.text)
    DMAS_Handler                             0x10000175   Thumb Code     0  startup_xinc.o(.text)
    GADC_Handler                             0x10000175   Thumb Code     0  startup_xinc.o(.text)
    KBS_Handler                              0x10000175   Thumb Code     0  startup_xinc.o(.text)
    PendSV_Handler                           0x10000175   Thumb Code     0  startup_xinc.o(.text)
    QDEC_Handler                             0x10000175   Thumb Code     0  startup_xinc.o(.text)
    RTC_Handler                              0x10000175   Thumb Code     0  startup_xinc.o(.text)
    SIM_Handler                              0x10000175   Thumb Code     0  startup_xinc.o(.text)
    SPI0_Handler                             0x10000175   Thumb Code     0  startup_xinc.o(.text)
    SPI1_Handler                             0x10000175   Thumb Code     0  startup_xinc.o(.text)
    SysTick_Handler                          0x10000175   Thumb Code     0  startup_xinc.o(.text)
    TIMER0_Handler                           0x10000175   Thumb Code     0  startup_xinc.o(.text)
    TIMER1_Handler                           0x10000175   Thumb Code     0  startup_xinc.o(.text)
    TIMER2_Handler                           0x10000175   Thumb Code     0  startup_xinc.o(.text)
    TIMER3_Handler                           0x10000175   Thumb Code     0  startup_xinc.o(.text)
    WDT_Handler                              0x10000175   Thumb Code     0  startup_xinc.o(.text)
    __user_initial_stackheap                 0x10000179   Thumb Code     0  startup_xinc.o(.text)
    __I$use$semihosting                      0x100001a1   Thumb Code     0  use_no_semi.o(.text)
    __use_no_semihosting_swi                 0x100001a1   Thumb Code     2  use_no_semi.o(.text)
    __2printf                                0x100001a5   Thumb Code    22  noretval__2printf.o(.text)
    _printf_str                              0x100001c1   Thumb Code    82  _printf_str.o(.text)
    _printf_int_dec                          0x10000215   Thumb Code    90  _printf_dec.o(.text)
    _printf_int_hex                          0x10000281   Thumb Code    84  _printf_hex_int.o(.text)
    _printf_longlong_hex                     0x10000281   Thumb Code     0  _printf_hex_int.o(.text)
    __printf                                 0x100002d9   Thumb Code   146  __printf_flags.o(.text)
    __use_two_region_memory                  0x10000371   Thumb Code     2  heapauxi.o(.text)
    __rt_heap_escrow$2region                 0x10000373   Thumb Code     2  heapauxi.o(.text)
    __rt_heap_expand$2region                 0x10000375   Thumb Code     2  heapauxi.o(.text)
    _printf_int_common                       0x10000377   Thumb Code   176  _printf_intcommon.o(.text)
    _printf_cs_common                        0x10000427   Thumb Code    22  _printf_char.o(.text)
    _printf_char                             0x1000043d   Thumb Code    16  _printf_char.o(.text)
    _printf_string                           0x1000044d   Thumb Code     8  _printf_char.o(.text)
    _printf_char_file                        0x10000455   Thumb Code    34  _printf_char_file.o(.text)
    __rt_udiv10                              0x1000047d   Thumb Code    40  rtudiv10.o(.text)
    _printf_char_common                      0x100004af   Thumb Code    32  _printf_char_common.o(.text)
    __user_setup_stackheap                   0x100004d5   Thumb Code    62  sys_stackheap_outer.o(.text)
    exit                                     0x10000513   Thumb Code    16  exit.o(.text)
    __user_libspace                          0x10000525   Thumb Code     8  libspace.o(.text)
    __user_perproc_libspace                  0x10000525   Thumb Code     0  libspace.o(.text)
    __user_perthread_libspace                0x10000525   Thumb Code     0  libspace.o(.text)
    DigitalRead                              0x1000052d   Thumb Code    70  infrared_core.o(i.DigitalRead)
    GPIO_Handler                             0x100005a9   Thumb Code    46  bsp_gpio.o(i.GPIO_Handler)
    Gpio_init                                0x10000605   Thumb Code    18  infrared_core.o(i.Gpio_init)
    I2C_Handler                              0x1000061d   Thumb Code    38  bsp_i2c_slave.o(i.I2C_Handler)
    Init_gpio                                0x1000064d   Thumb Code   128  bsp_gpio.o(i.Init_gpio)
    Init_uart                                0x100006e5   Thumb Code   116  bsp_uart.o(i.Init_uart)
    SystemInit                               0x10000769   Thumb Code    14  system_xinc.o(i.SystemInit)
    UART0_Handler                            0x1000077d   Thumb Code    32  bsp_uart.o(i.UART0_Handler)
    UART1_Handler                            0x100007a5   Thumb Code    32  bsp_uart.o(i.UART1_Handler)
    _DigitalRead                             0x100007cd   Thumb Code    12  infrared.o(i._DigitalRead)
    _Infrared_io_init                        0x100007d9   Thumb Code   164  infrared.o(i._Infrared_io_init)
    _Infrared_state                          0x1000087d   Thumb Code    62  infrared.o(i._Infrared_state)
    _sys_exit                                0x100008bb   Thumb Code     2  bsp_retarget.o(i._sys_exit)
    ferror                                   0x100008bd   Thumb Code     6  bsp_retarget.o(i.ferror)
    fputc                                    0x100008c3   Thumb Code     8  bsp_retarget.o(i.fputc)
    gpio_direction_input                     0x100008cd   Thumb Code   152  bsp_gpio.o(i.gpio_direction_input)
    gpio_fun_inter                           0x10000975   Thumb Code    90  bsp_gpio.o(i.gpio_fun_inter)
    gpio_fun_sel                             0x100009dd   Thumb Code    82  bsp_gpio.o(i.gpio_fun_sel)
    gpio_input_val                           0x10000a35   Thumb Code    26  bsp_gpio.o(i.gpio_input_val)
    gpio_mux_ctl                             0x10000a55   Thumb Code    34  bsp_gpio.o(i.gpio_mux_ctl)
    i2c_slave_init                           0x10000a95   Thumb Code    94  bsp_i2c_slave.o(i.i2c_slave_init)
    main                                     0x10000b0d   Thumb Code    22  main.o(i.main)
    retarget_init                            0x10000b29   Thumb Code    90  bsp_retarget.o(i.retarget_init)
    sendchar                                 0x10000bd1   Thumb Code    18  bsp_retarget.o(i.sendchar)
    test_slave_i2c                           0x10000be9   Thumb Code    58  bsp_i2c_slave.o(i.test_slave_i2c)
    test_uart                                0x10000c25   Thumb Code    60  bsp_uart.o(i.test_uart)
    Region$$Table$$Base                      0x10000ca0   Number         0  anon$$obj.o(Region$$Table)
    Region$$Table$$Limit                     0x10000cc0   Number         0  anon$$obj.o(Region$$Table)
    IoHandler_Callback                       0x10001cc0   Data           4  bsp_gpio.o(.data)
    gpio_mux_config                          0x10001cc4   Data           8  bsp_gpio.o(.data)
    gpio_fun_sel_config                      0x10001ccc   Data          32  bsp_gpio.o(.data)
    __stdout                                 0x10001cec   Data           4  bsp_retarget.o(.data)
    uHandler_Callback                        0x10001cf0   Data           8  bsp_uart.o(.data)
    _xinc_infrared                           0x10001cf8   Data          12  infrared.o(.data)
    interrupt_config                         0x10001d04   Data          32  bsp_gpio.o(.bss)
    IIC_REC_BUFFER                           0x10001d24   Data          32  bsp_i2c_slave.o(.bss)
    infrared_core                            0x10001d44   Data          12  main.o(.bss)
    __libspace_start                         0x10001d50   Data          96  libspace.o(.bss)
    __temporary_stack_top$libspace           0x10001db0   Data           0  libspace.o(.bss)



==============================================================================

Memory Map of the image

  Image Entry point : 0x10000091

  Load Region LOAD (Base: 0x10000000, Size: 0x00000d04, Max: 0xffffffff, ABSOLUTE)

    Execution Region EXE (Base: 0x10000000, Size: 0x00000cc0, Max: 0xffffffff, ABSOLUTE)

    Base Addr    Size         Type   Attr      Idx    E Section Name        Object

    0x10000000   0x00000090   Data   RO           23    RESET               startup_xinc.o
    0x10000090   0x00000008   Code   RO          564  * !!!main             c_p.l(__main.o)
    0x10000098   0x0000003c   Code   RO          730    !!!scatter          c_p.l(__scatter.o)
    0x100000d4   0x0000001a   Code   RO          732    !!handler_copy      c_p.l(__scatter_copy.o)
    0x100000ee   0x00000002   PAD
    0x100000f0   0x0000001c   Code   RO          734    !!handler_zi        c_p.l(__scatter_zi.o)
    0x1000010c   0x00000002   Code   RO          559    .ARM.Collect$$_printf_percent$$00000000  c_p.l(_printf_percent.o)
    0x1000010e   0x0000000a   Code   RO          558    .ARM.Collect$$_printf_percent$$00000009  c_p.l(_printf_d.o)
    0x10000118   0x0000000a   Code   RO          557    .ARM.Collect$$_printf_percent$$0000000C  c_p.l(_printf_x.o)
    0x10000122   0x0000000a   Code   RO          556    .ARM.Collect$$_printf_percent$$00000014  c_p.l(_printf_s.o)
    0x1000012c   0x00000004   Code   RO          573    .ARM.Collect$$_printf_percent$$00000017  c_p.l(_printf_percent_end.o)
    0x10000130   0x00000002   Code   RO          605    .ARM.Collect$$libinit$$00000000  c_p.l(libinit.o)
    0x10000132   0x00000000   Code   RO          613    .ARM.Collect$$libinit$$00000002  c_p.l(libinit2.o)
    0x10000132   0x00000000   Code   RO          615    .ARM.Collect$$libinit$$00000004  c_p.l(libinit2.o)
    0x10000132   0x00000000   Code   RO          618    .ARM.Collect$$libinit$$0000000A  c_p.l(libinit2.o)
    0x10000132   0x00000000   Code   RO          620    .ARM.Collect$$libinit$$0000000C  c_p.l(libinit2.o)
    0x10000132   0x00000000   Code   RO          622    .ARM.Collect$$libinit$$0000000E  c_p.l(libinit2.o)
    0x10000132   0x00000000   Code   RO          625    .ARM.Collect$$libinit$$00000011  c_p.l(libinit2.o)
    0x10000132   0x00000000   Code   RO          627    .ARM.Collect$$libinit$$00000013  c_p.l(libinit2.o)
    0x10000132   0x00000000   Code   RO          629    .ARM.Collect$$libinit$$00000015  c_p.l(libinit2.o)
    0x10000132   0x00000000   Code   RO          631    .ARM.Collect$$libinit$$00000017  c_p.l(libinit2.o)
    0x10000132   0x00000000   Code   RO          633    .ARM.Collect$$libinit$$00000019  c_p.l(libinit2.o)
    0x10000132   0x00000000   Code   RO          635    .ARM.Collect$$libinit$$0000001B  c_p.l(libinit2.o)
    0x10000132   0x00000000   Code   RO          637    .ARM.Collect$$libinit$$0000001D  c_p.l(libinit2.o)
    0x10000132   0x00000000   Code   RO          639    .ARM.Collect$$libinit$$0000001F  c_p.l(libinit2.o)
    0x10000132   0x00000000   Code   RO          641    .ARM.Collect$$libinit$$00000021  c_p.l(libinit2.o)
    0x10000132   0x00000000   Code   RO          643    .ARM.Collect$$libinit$$00000023  c_p.l(libinit2.o)
    0x10000132   0x00000000   Code   RO          645    .ARM.Collect$$libinit$$00000025  c_p.l(libinit2.o)
    0x10000132   0x00000000   Code   RO          649    .ARM.Collect$$libinit$$0000002C  c_p.l(libinit2.o)
    0x10000132   0x00000000   Code   RO          651    .ARM.Collect$$libinit$$0000002E  c_p.l(libinit2.o)
    0x10000132   0x00000000   Code   RO          653    .ARM.Collect$$libinit$$00000030  c_p.l(libinit2.o)
    0x10000132   0x00000000   Code   RO          655    .ARM.Collect$$libinit$$00000032  c_p.l(libinit2.o)
    0x10000132   0x00000002   Code   RO          656    .ARM.Collect$$libinit$$00000033  c_p.l(libinit2.o)
    0x10000134   0x00000002   Code   RO          674    .ARM.Collect$$libshutdown$$00000000  c_p.l(libshutdown.o)
    0x10000136   0x00000000   Code   RO          684    .ARM.Collect$$libshutdown$$00000002  c_p.l(libshutdown2.o)
    0x10000136   0x00000000   Code   RO          686    .ARM.Collect$$libshutdown$$00000004  c_p.l(libshutdown2.o)
    0x10000136   0x00000000   Code   RO          689    .ARM.Collect$$libshutdown$$00000007  c_p.l(libshutdown2.o)
    0x10000136   0x00000000   Code   RO          692    .ARM.Collect$$libshutdown$$0000000A  c_p.l(libshutdown2.o)
    0x10000136   0x00000000   Code   RO          694    .ARM.Collect$$libshutdown$$0000000C  c_p.l(libshutdown2.o)
    0x10000136   0x00000000   Code   RO          697    .ARM.Collect$$libshutdown$$0000000F  c_p.l(libshutdown2.o)
    0x10000136   0x00000002   Code   RO          698    .ARM.Collect$$libshutdown$$00000010  c_p.l(libshutdown2.o)
    0x10000138   0x00000000   Code   RO          566    .ARM.Collect$$rtentry$$00000000  c_p.l(__rtentry.o)
    0x10000138   0x00000000   Code   RO          577    .ARM.Collect$$rtentry$$00000002  c_p.l(__rtentry2.o)
    0x10000138   0x00000006   Code   RO          589    .ARM.Collect$$rtentry$$00000004  c_p.l(__rtentry4.o)
    0x1000013e   0x00000000   Code   RO          579    .ARM.Collect$$rtentry$$00000009  c_p.l(__rtentry2.o)
    0x1000013e   0x00000004   Code   RO          580    .ARM.Collect$$rtentry$$0000000A  c_p.l(__rtentry2.o)
    0x10000142   0x00000000   Code   RO          582    .ARM.Collect$$rtentry$$0000000C  c_p.l(__rtentry2.o)
    0x10000142   0x00000008   Code   RO          583    .ARM.Collect$$rtentry$$0000000D  c_p.l(__rtentry2.o)
    0x1000014a   0x00000002   Code   RO          610    .ARM.Collect$$rtexit$$00000000  c_p.l(rtexit.o)
    0x1000014c   0x00000000   Code   RO          658    .ARM.Collect$$rtexit$$00000002  c_p.l(rtexit2.o)
    0x1000014c   0x00000004   Code   RO          659    .ARM.Collect$$rtexit$$00000003  c_p.l(rtexit2.o)
    0x10000150   0x00000006   Code   RO          660    .ARM.Collect$$rtexit$$00000004  c_p.l(rtexit2.o)
    0x10000156   0x00000002   PAD
    0x10000158   0x00000048   Code   RO           24    .text               startup_xinc.o
    0x100001a0   0x00000002   Code   RO          503    .text               c_p.l(use_no_semi.o)
    0x100001a2   0x00000002   PAD
    0x100001a4   0x0000001c   Code   RO          507    .text               c_p.l(noretval__2printf.o)
    0x100001c0   0x00000052   Code   RO          511    .text               c_p.l(_printf_str.o)
    0x10000212   0x00000002   PAD
    0x10000214   0x0000006c   Code   RO          513    .text               c_p.l(_printf_dec.o)
    0x10000280   0x00000058   Code   RO          518    .text               c_p.l(_printf_hex_int.o)
    0x100002d8   0x00000098   Code   RO          536    .text               c_p.l(__printf_flags.o)
    0x10000370   0x00000006   Code   RO          562    .text               c_p.l(heapauxi.o)
    0x10000376   0x000000b0   Code   RO          567    .text               c_p.l(_printf_intcommon.o)
    0x10000426   0x0000002e   Code   RO          569    .text               c_p.l(_printf_char.o)
    0x10000454   0x00000028   Code   RO          571    .text               c_p.l(_printf_char_file.o)
    0x1000047c   0x00000028   Code   RO          574    .text               c_p.l(rtudiv10.o)
    0x100004a4   0x00000030   Code   RO          591    .text               c_p.l(_printf_char_common.o)
    0x100004d4   0x0000003e   Code   RO          593    .text               c_p.l(sys_stackheap_outer.o)
    0x10000512   0x00000010   Code   RO          598    .text               c_p.l(exit.o)
    0x10000522   0x00000002   PAD
    0x10000524   0x00000008   Code   RO          606    .text               c_p.l(libspace.o)
    0x1000052c   0x0000007c   Code   RO          441    i.DigitalRead       infrared_core.o
    0x100005a8   0x0000005c   Code   RO           30    i.GPIO_Handler      bsp_gpio.o
    0x10000604   0x00000018   Code   RO          442    i.Gpio_init         infrared_core.o
    0x1000061c   0x00000030   Code   RO          307    i.I2C_Handler       bsp_i2c_slave.o
    0x1000064c   0x00000098   Code   RO           32    i.Init_gpio         bsp_gpio.o
    0x100006e4   0x00000084   Code   RO          350    i.Init_uart         bsp_uart.o
    0x10000768   0x00000014   Code   RO           12    i.SystemInit        system_xinc.o
    0x1000077c   0x00000028   Code   RO          351    i.UART0_Handler     bsp_uart.o
    0x100007a4   0x00000028   Code   RO          352    i.UART1_Handler     bsp_uart.o
    0x100007cc   0x0000000c   Code   RO          468    i._DigitalRead      infrared.o
    0x100007d8   0x000000a4   Code   RO          469    i._Infrared_io_init  infrared.o
    0x1000087c   0x0000003e   Code   RO          470    i._Infrared_state   infrared.o
    0x100008ba   0x00000002   Code   RO          164    i._sys_exit         bsp_retarget.o
    0x100008bc   0x00000006   Code   RO          166    i.ferror            bsp_retarget.o
    0x100008c2   0x00000008   Code   RO          167    i.fputc             bsp_retarget.o
    0x100008ca   0x00000002   PAD
    0x100008cc   0x000000a8   Code   RO           34    i.gpio_direction_input  bsp_gpio.o
    0x10000974   0x00000068   Code   RO           36    i.gpio_fun_inter    bsp_gpio.o
    0x100009dc   0x00000058   Code   RO           37    i.gpio_fun_sel      bsp_gpio.o
    0x10000a34   0x00000020   Code   RO           38    i.gpio_input_val    bsp_gpio.o
    0x10000a54   0x00000028   Code   RO           39    i.gpio_mux_ctl      bsp_gpio.o
    0x10000a7c   0x00000018   Code   RO          308    i.i2c_master_StatusCheck  bsp_i2c_slave.o
    0x10000a94   0x00000078   Code   RO          309    i.i2c_slave_init    bsp_i2c_slave.o
    0x10000b0c   0x0000001c   Code   RO          418    i.main              main.o
    0x10000b28   0x000000a8   Code   RO          168    i.retarget_init     bsp_retarget.o
    0x10000bd0   0x00000018   Code   RO          169    i.sendchar          bsp_retarget.o
    0x10000be8   0x0000003a   Code   RO          310    i.test_slave_i2c    bsp_i2c_slave.o
    0x10000c22   0x00000002   PAD
    0x10000c24   0x00000040   Code   RO          358    i.test_uart         bsp_uart.o
    0x10000c64   0x00000028   Data   RO          519    .constdata          c_p.l(_printf_hex_int.o)
    0x10000c8c   0x00000011   Data   RO          537    .constdata          c_p.l(__printf_flags.o)
    0x10000c9d   0x00000003   PAD
    0x10000ca0   0x00000020   Data   RO          728    Region$$Table       anon$$obj.o


    Execution Region RW (Base: 0x10001cc0, Size: 0x000008f0, Max: 0xffffffff, ABSOLUTE)

    Base Addr    Size         Type   Attr      Idx    E Section Name        Object

    0x10001cc0   0x0000002c   Data   RW           43    .data               bsp_gpio.o
    0x10001cec   0x00000004   Data   RW          170    .data               bsp_retarget.o
    0x10001cf0   0x00000008   Data   RW          360    .data               bsp_uart.o
    0x10001cf8   0x0000000c   Data   RW          471    .data               infrared.o
    0x10001d04   0x00000020   Zero   RW           42    .bss                bsp_gpio.o
    0x10001d24   0x00000020   Zero   RW          311    .bss                bsp_i2c_slave.o
    0x10001d44   0x0000000c   Zero   RW          419    .bss                main.o
    0x10001d50   0x00000060   Zero   RW          607    .bss                c_p.l(libspace.o)
    0x10001db0   0x00000000   Zero   RW           22    HEAP                startup_xinc.o
    0x10001db0   0x00000800   Zero   RW           21    STACK               startup_xinc.o


==============================================================================

Image component sizes


      Code (inc. data)   RO Data    RW Data    ZI Data      Debug   Object Name

       676        118          0         44         32      19485   bsp_gpio.o
       250         42          0          0         32       2750   bsp_i2c_slave.o
       208         84          0          4          0       4678   bsp_retarget.o
       276         36          0          8          0       5565   bsp_uart.o
         0          0          0          0          0       4500   core_cm0.o
       238          0          0         12          0       2210   infrared.o
       148         60          0          0          0       1274   infrared_core.o
        28          6          0          0         12        643   main.o
        72         32        144          0       2048        736   startup_xinc.o
        20          6          0          0          0        425   system_xinc.o

    ----------------------------------------------------------------------
      1920        384        176         68       2124      42266   Object Totals
         0          0         32          0          0          0   (incl. Generated)
         4          0          0          0          0          0   (incl. Padding)

    ----------------------------------------------------------------------

      Code (inc. data)   RO Data    RW Data    ZI Data      Debug   Library Member Name

         8          0          0          0          0         68   __main.o
       152          6         17          0          0         76   __printf_flags.o
         0          0          0          0          0          0   __rtentry.o
        12          0          0          0          0          0   __rtentry2.o
         6          0          0          0          0          0   __rtentry4.o
        60          8          0          0          0          0   __scatter.o
        26          0          0          0          0          0   __scatter_copy.o
        28          0          0          0          0          0   __scatter_zi.o
        46          0          0          0          0        100   _printf_char.o
        48          6          0          0          0         88   _printf_char_common.o
        40          6          0          0          0         72   _printf_char_file.o
        10          0          0          0          0          0   _printf_d.o
       108         18          0          0          0         76   _printf_dec.o
        88          4         40          0          0         72   _printf_hex_int.o
       176          0          0          0          0         84   _printf_intcommon.o
         2          0          0          0          0          0   _printf_percent.o
         4          0          0          0          0          0   _printf_percent_end.o
        10          0          0          0          0          0   _printf_s.o
        82          0          0          0          0         72   _printf_str.o
        10          0          0          0          0          0   _printf_x.o
        16          0          0          0          0         68   exit.o
         6          0          0          0          0        136   heapauxi.o
         2          0          0          0          0          0   libinit.o
         2          0          0          0          0          0   libinit2.o
         2          0          0          0          0          0   libshutdown.o
         2          0          0          0          0          0   libshutdown2.o
         8          4          0          0         96         68   libspace.o
        28          6          0          0          0         84   noretval__2printf.o
         2          0          0          0          0          0   rtexit.o
        10          0          0          0          0          0   rtexit2.o
        40          0          0          0          0         60   rtudiv10.o
        62          0          0          0          0         80   sys_stackheap_outer.o
         2          0          0          0          0         68   use_no_semi.o

    ----------------------------------------------------------------------
      1108         58         60          0         96       1272   Library Totals
        10          0          3          0          0          0   (incl. Padding)

    ----------------------------------------------------------------------

      Code (inc. data)   RO Data    RW Data    ZI Data      Debug   Library Name

      1098         58         57          0         96       1272   c_p.l

    ----------------------------------------------------------------------
      1108         58         60          0         96       1272   Library Totals

    ----------------------------------------------------------------------

==============================================================================


      Code (inc. data)   RO Data    RW Data    ZI Data      Debug   

      3028        442        236         68       2220      41994   Grand Totals
      3028        442        236         68       2220      41994   ELF Image Totals
      3028        442        236         68          0          0   ROM Totals

==============================================================================

    Total RO  Size (Code + RO Data)                 3264 (   3.19kB)
    Total RW  Size (RW Data + ZI Data)              2288 (   2.23kB)
    Total ROM Size (Code + RO Data + RW Data)       3332 (   3.25kB)

==============================================================================

