Component: ARM Compiler 5.06 update 6 (build 750) Tool: armlink [4d35ed]

==============================================================================

Section Cross References

    startup_xinc.o(STACK) refers (Special) to heapauxi.o(.text) for __use_two_region_memory
    startup_xinc.o(HEAP) refers (Special) to heapauxi.o(.text) for __use_two_region_memory
    startup_xinc.o(RESET) refers (Special) to heapauxi.o(.text) for __use_two_region_memory
    startup_xinc.o(RESET) refers to startup_xinc.o(STACK) for __initial_sp
    startup_xinc.o(RESET) refers to startup_xinc.o(.text) for Reset_Handler
    startup_xinc.o(RESET) refers to system.o(i.SysTick_Handler) for SysTick_Handler
    startup_xinc.o(RESET) refers to i2c.o(i.I2C_Handler) for I2C_Handler
    startup_xinc.o(RESET) refers to uart.o(i.UART0_Handler) for UART0_Handler
    startup_xinc.o(RESET) refers to uart.o(i.UART1_Handler) for UART1_Handler
    startup_xinc.o(.text) refers (Special) to heapauxi.o(.text) for __use_two_region_memory
    startup_xinc.o(.text) refers to system.o(i.SystemInit) for SystemInit
    startup_xinc.o(.text) refers to __main.o(!!!main) for __main
    startup_xinc.o(.text) refers to startup_xinc.o(HEAP) for Heap_Mem
    startup_xinc.o(.text) refers to startup_xinc.o(STACK) for Stack_Mem
    system.o(i.SysTick_Handler) refers to system.o(.data) for .data
    system.o(i.register_systick_callback) refers to system.o(.data) for .data
    main.o(i.i2c_callback) refers to i2c.o(i.i2c_slave_write) for i2c_slave_write
    main.o(i.main) refers to uart.o(i.init_uart) for init_uart
    main.o(i.main) refers to i2c.o(i.i2c_slave_init) for i2c_slave_init
    main.o(i.main) refers to i2c.o(i.i2c_slave_register_callback) for i2c_slave_register_callback
    main.o(i.main) refers to main.o(i.i2c_callback) for i2c_callback
    gpio.o(i.gpio_sleep_config) refers to gpio.o(i.gpio_mode_config) for gpio_mode_config
    gpio.o(i.init_gpio) refers to gpio.o(.data) for .data
    uart.o(i.UART0_Handler) refers to uart.o(.data) for .data
    uart.o(i.UART1_Handler) refers to uart.o(.data) for .data
    uart.o(i.init_uart) refers to gpio.o(i.gpio_mux_ctl) for gpio_mux_ctl
    uart.o(i.init_uart) refers to gpio.o(i.gpio_fun_inter) for gpio_fun_inter
    uart.o(i.init_uart) refers to gpio.o(i.gpio_fun_sel) for gpio_fun_sel
    uart.o(i.uart_dma_send) refers to uart.o(.bss) for .bss
    uart.o(i.uart_register_callback) refers to uart.o(.data) for .data
    uart.o(i.uart_send_buf) refers to uart.o(i.uart_send_char) for uart_send_char
    uart.o(i.uart_send_str) refers to uart.o(i.uart_send_char) for uart_send_char
    board.o(i.board_init) refers to gpio.o(i.init_gpio) for init_gpio
    i2c.o(i.I2C_Handler) refers to i2c.o(.data) for .data
    i2c.o(i.i2c_master_read) refers to i2c.o(i.i2c_statuscheck) for i2c_statuscheck
    i2c.o(i.i2c_master_readmulti) refers to i2c.o(i.i2c_statuscheck) for i2c_statuscheck
    i2c.o(i.i2c_master_write) refers to i2c.o(i.i2c_statuscheck) for i2c_statuscheck
    i2c.o(i.i2c_master_writemulti) refers to i2c.o(i.i2c_statuscheck) for i2c_statuscheck
    i2c.o(i.i2c_slave_init) refers to gpio.o(i.gpio_mux_ctl) for gpio_mux_ctl
    i2c.o(i.i2c_slave_init) refers to gpio.o(i.gpio_fun_inter) for gpio_fun_inter
    i2c.o(i.i2c_slave_init) refers to gpio.o(i.gpio_fun_sel) for gpio_fun_sel
    i2c.o(i.i2c_slave_init) refers to i2c.o(i.i2c_statuscheck) for i2c_statuscheck
    i2c.o(i.i2c_slave_register_callback) refers to i2c.o(.data) for .data
    __main.o(!!!main) refers to __rtentry.o(.ARM.Collect$$rtentry$$00000000) for __rt_entry
    __rtentry.o(.ARM.Collect$$rtentry$$00000000) refers (Special) to __rtentry2.o(.ARM.Collect$$rtentry$$0000000A) for __rt_entry_li
    __rtentry.o(.ARM.Collect$$rtentry$$00000000) refers (Special) to __rtentry2.o(.ARM.Collect$$rtentry$$0000000D) for __rt_entry_main
    __rtentry.o(.ARM.Collect$$rtentry$$00000000) refers (Special) to __rtentry2.o(.ARM.Collect$$rtentry$$0000000C) for __rt_entry_postli_1
    __rtentry.o(.ARM.Collect$$rtentry$$00000000) refers (Special) to __rtentry2.o(.ARM.Collect$$rtentry$$00000009) for __rt_entry_postsh_1
    __rtentry.o(.ARM.Collect$$rtentry$$00000000) refers (Special) to __rtentry2.o(.ARM.Collect$$rtentry$$00000002) for __rt_entry_presh_1
    __rtentry.o(.ARM.Collect$$rtentry$$00000000) refers (Special) to __rtentry4.o(.ARM.Collect$$rtentry$$00000004) for __rt_entry_sh
    __rtentry2.o(.ARM.Collect$$rtentry$$00000008) refers to boardinit2.o(.text) for _platform_post_stackheap_init
    __rtentry2.o(.ARM.Collect$$rtentry$$0000000A) refers to libinit.o(.ARM.Collect$$libinit$$00000000) for __rt_lib_init
    __rtentry2.o(.ARM.Collect$$rtentry$$0000000B) refers to boardinit3.o(.text) for _platform_post_lib_init
    __rtentry2.o(.ARM.Collect$$rtentry$$0000000D) refers to main.o(i.main) for main
    __rtentry2.o(.ARM.Collect$$rtentry$$0000000D) refers to exit.o(.text) for exit
    __rtentry2.o(.ARM.exidx) refers to __rtentry2.o(.ARM.Collect$$rtentry$$00000001) for .ARM.Collect$$rtentry$$00000001
    __rtentry2.o(.ARM.exidx) refers to __rtentry2.o(.ARM.Collect$$rtentry$$00000008) for .ARM.Collect$$rtentry$$00000008
    __rtentry2.o(.ARM.exidx) refers to __rtentry2.o(.ARM.Collect$$rtentry$$0000000A) for .ARM.Collect$$rtentry$$0000000A
    __rtentry2.o(.ARM.exidx) refers to __rtentry2.o(.ARM.Collect$$rtentry$$0000000B) for .ARM.Collect$$rtentry$$0000000B
    __rtentry2.o(.ARM.exidx) refers to __rtentry2.o(.ARM.Collect$$rtentry$$0000000D) for .ARM.Collect$$rtentry$$0000000D
    __rtentry4.o(.ARM.Collect$$rtentry$$00000004) refers to sys_stackheap_outer.o(.text) for __user_setup_stackheap
    __rtentry4.o(.ARM.exidx) refers to __rtentry4.o(.ARM.Collect$$rtentry$$00000004) for .ARM.Collect$$rtentry$$00000004
    sys_stackheap_outer.o(.text) refers to libspace.o(.text) for __user_perproc_libspace
    sys_stackheap_outer.o(.text) refers to startup_xinc.o(.text) for __user_initial_stackheap
    sys_stackheap_outer.o(__vectab_stack_and_reset_area) refers to tempstk.o(.text) for __temporary_stack_top
    sys_stackheap_outer.o(__vectab_stack_and_reset_area) refers to __main.o(!!!main) for __main
    exit.o(.text) refers to rtexit.o(.ARM.Collect$$rtexit$$00000000) for __rt_exit
    libinit.o(.ARM.Collect$$libinit$$00000000) refers (Special) to libinit2.o(.ARM.Collect$$libinit$$0000002E) for __rt_lib_init_alloca_1
    libinit.o(.ARM.Collect$$libinit$$00000000) refers (Special) to libinit2.o(.ARM.Collect$$libinit$$0000002C) for __rt_lib_init_argv_1
    libinit.o(.ARM.Collect$$libinit$$00000000) refers (Special) to libinit2.o(.ARM.Collect$$libinit$$0000001B) for __rt_lib_init_atexit_1
    libinit.o(.ARM.Collect$$libinit$$00000000) refers (Special) to libinit2.o(.ARM.Collect$$libinit$$00000021) for __rt_lib_init_clock_1
    libinit.o(.ARM.Collect$$libinit$$00000000) refers (Special) to libinit2.o(.ARM.Collect$$libinit$$00000032) for __rt_lib_init_cpp_1
    libinit.o(.ARM.Collect$$libinit$$00000000) refers (Special) to libinit2.o(.ARM.Collect$$libinit$$00000030) for __rt_lib_init_exceptions_1
    libinit.o(.ARM.Collect$$libinit$$00000000) refers (Special) to libinit2.o(.ARM.Collect$$libinit$$00000002) for __rt_lib_init_fp_1
    libinit.o(.ARM.Collect$$libinit$$00000000) refers (Special) to libinit2.o(.ARM.Collect$$libinit$$0000001F) for __rt_lib_init_fp_trap_1
    libinit.o(.ARM.Collect$$libinit$$00000000) refers (Special) to libinit2.o(.ARM.Collect$$libinit$$00000023) for __rt_lib_init_getenv_1
    libinit.o(.ARM.Collect$$libinit$$00000000) refers (Special) to libinit2.o(.ARM.Collect$$libinit$$0000000A) for __rt_lib_init_heap_1
    libinit.o(.ARM.Collect$$libinit$$00000000) refers (Special) to libinit2.o(.ARM.Collect$$libinit$$00000011) for __rt_lib_init_lc_collate_1
    libinit.o(.ARM.Collect$$libinit$$00000000) refers (Special) to libinit2.o(.ARM.Collect$$libinit$$00000013) for __rt_lib_init_lc_ctype_1
    libinit.o(.ARM.Collect$$libinit$$00000000) refers (Special) to libinit2.o(.ARM.Collect$$libinit$$00000015) for __rt_lib_init_lc_monetary_1
    libinit.o(.ARM.Collect$$libinit$$00000000) refers (Special) to libinit2.o(.ARM.Collect$$libinit$$00000017) for __rt_lib_init_lc_numeric_1
    libinit.o(.ARM.Collect$$libinit$$00000000) refers (Special) to libinit2.o(.ARM.Collect$$libinit$$00000019) for __rt_lib_init_lc_time_1
    libinit.o(.ARM.Collect$$libinit$$00000000) refers (Special) to libinit2.o(.ARM.Collect$$libinit$$00000004) for __rt_lib_init_preinit_1
    libinit.o(.ARM.Collect$$libinit$$00000000) refers (Special) to libinit2.o(.ARM.Collect$$libinit$$0000000E) for __rt_lib_init_rand_1
    libinit.o(.ARM.Collect$$libinit$$00000000) refers (Special) to libinit2.o(.ARM.Collect$$libinit$$00000033) for __rt_lib_init_return
    libinit.o(.ARM.Collect$$libinit$$00000000) refers (Special) to libinit2.o(.ARM.Collect$$libinit$$0000001D) for __rt_lib_init_signal_1
    libinit.o(.ARM.Collect$$libinit$$00000000) refers (Special) to libinit2.o(.ARM.Collect$$libinit$$00000025) for __rt_lib_init_stdio_1
    libinit.o(.ARM.Collect$$libinit$$00000000) refers (Special) to libinit2.o(.ARM.Collect$$libinit$$0000000C) for __rt_lib_init_user_alloc_1
    libspace.o(.text) refers to libspace.o(.bss) for __libspace_start
    rtexit.o(.ARM.Collect$$rtexit$$00000000) refers (Special) to rtexit2.o(.ARM.Collect$$rtexit$$00000004) for __rt_exit_exit
    rtexit.o(.ARM.Collect$$rtexit$$00000000) refers (Special) to rtexit2.o(.ARM.Collect$$rtexit$$00000003) for __rt_exit_ls
    rtexit.o(.ARM.Collect$$rtexit$$00000000) refers (Special) to rtexit2.o(.ARM.Collect$$rtexit$$00000002) for __rt_exit_prels_1
    rtexit.o(.ARM.exidx) refers (Special) to rtexit2.o(.ARM.Collect$$rtexit$$00000004) for __rt_exit_exit
    rtexit.o(.ARM.exidx) refers (Special) to rtexit2.o(.ARM.Collect$$rtexit$$00000003) for __rt_exit_ls
    rtexit.o(.ARM.exidx) refers (Special) to rtexit2.o(.ARM.Collect$$rtexit$$00000002) for __rt_exit_prels_1
    rtexit.o(.ARM.exidx) refers to rtexit.o(.ARM.Collect$$rtexit$$00000000) for .ARM.Collect$$rtexit$$00000000
    libinit2.o(.ARM.Collect$$libinit$$00000010) refers to libinit2.o(.ARM.Collect$$libinit$$0000000F) for .ARM.Collect$$libinit$$0000000F
    libinit2.o(.ARM.Collect$$libinit$$00000012) refers to libinit2.o(.ARM.Collect$$libinit$$0000000F) for .ARM.Collect$$libinit$$0000000F
    libinit2.o(.ARM.Collect$$libinit$$00000014) refers to libinit2.o(.ARM.Collect$$libinit$$0000000F) for .ARM.Collect$$libinit$$0000000F
    libinit2.o(.ARM.Collect$$libinit$$00000016) refers to libinit2.o(.ARM.Collect$$libinit$$0000000F) for .ARM.Collect$$libinit$$0000000F
    libinit2.o(.ARM.Collect$$libinit$$00000018) refers to libinit2.o(.ARM.Collect$$libinit$$0000000F) for .ARM.Collect$$libinit$$0000000F
    libinit2.o(.ARM.Collect$$libinit$$00000026) refers to argv_veneer.o(.text) for __ARM_argv_veneer
    libinit2.o(.ARM.Collect$$libinit$$00000027) refers to argv_veneer.o(.text) for __ARM_argv_veneer
    rtexit2.o(.ARM.Collect$$rtexit$$00000003) refers to libshutdown.o(.ARM.Collect$$libshutdown$$00000000) for __rt_lib_shutdown
    rtexit2.o(.ARM.Collect$$rtexit$$00000004) refers to sys_exit.o(.text) for _sys_exit
    rtexit2.o(.ARM.exidx) refers to rtexit2.o(.ARM.Collect$$rtexit$$00000001) for .ARM.Collect$$rtexit$$00000001
    rtexit2.o(.ARM.exidx) refers to rtexit2.o(.ARM.Collect$$rtexit$$00000003) for .ARM.Collect$$rtexit$$00000003
    rtexit2.o(.ARM.exidx) refers to rtexit2.o(.ARM.Collect$$rtexit$$00000004) for .ARM.Collect$$rtexit$$00000004
    sys_exit.o(.text) refers (Special) to use_no_semi.o(.text) for __I$use$semihosting
    sys_exit.o(.text) refers (Special) to indicate_semi.o(.text) for __semihosting_library_function
    _get_argv_nomalloc.o(.text) refers (Special) to hrguard.o(.text) for __heap_region$guard
    _get_argv_nomalloc.o(.text) refers to defsig_rtmem_outer.o(.text) for __rt_SIGRTMEM
    _get_argv_nomalloc.o(.text) refers to sys_command.o(.text) for _sys_command_string
    libshutdown.o(.ARM.Collect$$libshutdown$$00000000) refers (Special) to libshutdown2.o(.ARM.Collect$$libshutdown$$00000002) for __rt_lib_shutdown_cpp_1
    libshutdown.o(.ARM.Collect$$libshutdown$$00000000) refers (Special) to libshutdown2.o(.ARM.Collect$$libshutdown$$00000007) for __rt_lib_shutdown_fp_trap_1
    libshutdown.o(.ARM.Collect$$libshutdown$$00000000) refers (Special) to libshutdown2.o(.ARM.Collect$$libshutdown$$0000000F) for __rt_lib_shutdown_heap_1
    libshutdown.o(.ARM.Collect$$libshutdown$$00000000) refers (Special) to libshutdown2.o(.ARM.Collect$$libshutdown$$00000010) for __rt_lib_shutdown_return
    libshutdown.o(.ARM.Collect$$libshutdown$$00000000) refers (Special) to libshutdown2.o(.ARM.Collect$$libshutdown$$0000000A) for __rt_lib_shutdown_signal_1
    libshutdown.o(.ARM.Collect$$libshutdown$$00000000) refers (Special) to libshutdown2.o(.ARM.Collect$$libshutdown$$00000004) for __rt_lib_shutdown_stdio_1
    libshutdown.o(.ARM.Collect$$libshutdown$$00000000) refers (Special) to libshutdown2.o(.ARM.Collect$$libshutdown$$0000000C) for __rt_lib_shutdown_user_alloc_1
    sys_command.o(.text) refers (Special) to use_no_semi.o(.text) for __I$use$semihosting
    sys_command.o(.text) refers (Special) to indicate_semi.o(.text) for __semihosting_library_function
    defsig_rtmem_outer.o(.text) refers to defsig_rtmem_inner.o(.text) for __rt_SIGRTMEM_inner
    defsig_rtmem_outer.o(.text) refers to defsig_exit.o(.text) for __sig_exit
    defsig_rtmem_formal.o(.text) refers to rt_raise.o(.text) for __rt_raise
    rt_raise.o(.text) refers to __raise.o(.text) for __raise
    rt_raise.o(.text) refers to sys_exit.o(.text) for _sys_exit
    defsig_exit.o(.text) refers to sys_exit.o(.text) for _sys_exit
    defsig_rtmem_inner.o(.text) refers to defsig_general.o(.text) for __default_signal_display
    __raise.o(.text) refers to defsig.o(CL$$defsig) for __default_signal_handler
    defsig_general.o(.text) refers to sys_wrch.o(.text) for _ttywrch
    sys_wrch.o(.text) refers (Special) to use_no_semi.o(.text) for __I$use$semihosting
    sys_wrch.o(.text) refers (Special) to indicate_semi.o(.text) for __semihosting_library_function
    defsig.o(CL$$defsig) refers to defsig_rtmem_inner.o(.text) for __rt_SIGRTMEM_inner
    defsig_abrt_inner.o(.text) refers to defsig_general.o(.text) for __default_signal_display
    defsig_fpe_inner.o(.text) refers to defsig_general.o(.text) for __default_signal_display
    defsig_rtred_inner.o(.text) refers to defsig_general.o(.text) for __default_signal_display
    defsig_stak_inner.o(.text) refers to defsig_general.o(.text) for __default_signal_display
    defsig_pvfn_inner.o(.text) refers to defsig_general.o(.text) for __default_signal_display
    defsig_cppl_inner.o(.text) refers to defsig_general.o(.text) for __default_signal_display
    defsig_segv_inner.o(.text) refers to defsig_general.o(.text) for __default_signal_display
    defsig_other.o(.text) refers to defsig_general.o(.text) for __default_signal_display


==============================================================================

Removing Unused input sections from the image.

    Removing system.o(.emb_text), (8 bytes).
    Removing system.o(i.CTL_APBPclkCmd), (28 bytes).
    Removing system.o(i.delay_ms), (48 bytes).
    Removing system.o(i.delay_us), (44 bytes).
    Removing system.o(i.register_systick_callback), (12 bytes).
    Removing main.o(.emb_text), (8 bytes).
    Removing gpio.o(.emb_text), (8 bytes).
    Removing gpio.o(i.gpio_input_val), (40 bytes).
    Removing gpio.o(i.gpio_mode_config), (196 bytes).
    Removing gpio.o(i.gpio_output_high), (32 bytes).
    Removing gpio.o(i.gpio_output_low), (28 bytes).
    Removing gpio.o(i.gpio_sleep_config), (96 bytes).
    Removing gpio.o(i.init_gpio), (80 bytes).
    Removing gpio.o(.data), (40 bytes).
    Removing uart.o(.emb_text), (8 bytes).
    Removing uart.o(i.uart_dma_send), (72 bytes).
    Removing uart.o(i.uart_isr_status), (20 bytes).
    Removing uart.o(i.uart_read), (24 bytes).
    Removing uart.o(i.uart_recv_buf), (32 bytes).
    Removing uart.o(i.uart_register_callback), (12 bytes).
    Removing uart.o(i.uart_send_buf), (26 bytes).
    Removing uart.o(i.uart_send_char), (28 bytes).
    Removing uart.o(i.uart_send_str), (24 bytes).
    Removing uart.o(.bss), (128 bytes).
    Removing board.o(.emb_text), (8 bytes).
    Removing board.o(i.board_init), (8 bytes).
    Removing i2c.o(.emb_text), (8 bytes).
    Removing i2c.o(i.i2c_master_init), (112 bytes).
    Removing i2c.o(i.i2c_master_read), (44 bytes).
    Removing i2c.o(i.i2c_master_readmulti), (100 bytes).
    Removing i2c.o(i.i2c_master_write), (32 bytes).
    Removing i2c.o(i.i2c_master_writemulti), (72 bytes).
    Removing i2c.o(i.i2c_slave_read), (12 bytes).

33 unused section(s) (total 1438 bytes) removed from the image.

==============================================================================

Image Symbol Table

    Local Symbols

    Symbol Name                              Value     Ov Type        Size  Object(Section)

    ../clib/angel/boardlib.s                 0x00000000   Number         0  boardinit2.o ABSOLUTE
    ../clib/angel/boardlib.s                 0x00000000   Number         0  boardinit3.o ABSOLUTE
    ../clib/angel/boardlib.s                 0x00000000   Number         0  boardshut.o ABSOLUTE
    ../clib/angel/boardlib.s                 0x00000000   Number         0  boardinit1.o ABSOLUTE
    ../clib/angel/handlers.s                 0x00000000   Number         0  __scatter_zi.o ABSOLUTE
    ../clib/angel/handlers.s                 0x00000000   Number         0  __scatter_copy.o ABSOLUTE
    ../clib/angel/kernel.s                   0x00000000   Number         0  rtexit2.o ABSOLUTE
    ../clib/angel/kernel.s                   0x00000000   Number         0  __rtentry4.o ABSOLUTE
    ../clib/angel/kernel.s                   0x00000000   Number         0  __rtentry.o ABSOLUTE
    ../clib/angel/kernel.s                   0x00000000   Number         0  __rtentry2.o ABSOLUTE
    ../clib/angel/kernel.s                   0x00000000   Number         0  rtexit.o ABSOLUTE
    ../clib/angel/rt.s                       0x00000000   Number         0  rt_raise.o ABSOLUTE
    ../clib/angel/scatterp.s                 0x00000000   Number         0  __scatter.o ABSOLUTE
    ../clib/angel/startup.s                  0x00000000   Number         0  __main.o ABSOLUTE
    ../clib/angel/sys.s                      0x00000000   Number         0  indicate_semi.o ABSOLUTE
    ../clib/angel/sys.s                      0x00000000   Number         0  libspace.o ABSOLUTE
    ../clib/angel/sys.s                      0x00000000   Number         0  sys_stackheap_outer.o ABSOLUTE
    ../clib/angel/sys.s                      0x00000000   Number         0  use_no_semi.o ABSOLUTE
    ../clib/angel/sys.s                      0x00000000   Number         0  tempstk.o ABSOLUTE
    ../clib/angel/sysapp.c                   0x00000000   Number         0  sys_command.o ABSOLUTE
    ../clib/angel/sysapp.c                   0x00000000   Number         0  sys_exit.o ABSOLUTE
    ../clib/angel/sysapp.c                   0x00000000   Number         0  sys_wrch.o ABSOLUTE
    ../clib/armsys.c                         0x00000000   Number         0  no_argv.o ABSOLUTE
    ../clib/armsys.c                         0x00000000   Number         0  argv_veneer.o ABSOLUTE
    ../clib/armsys.c                         0x00000000   Number         0  _get_argv_nomalloc.o ABSOLUTE
    ../clib/heapalloc.c                      0x00000000   Number         0  hrguard.o ABSOLUTE
    ../clib/heapaux.c                        0x00000000   Number         0  heapauxi.o ABSOLUTE
    ../clib/libinit.s                        0x00000000   Number         0  libshutdown2.o ABSOLUTE
    ../clib/libinit.s                        0x00000000   Number         0  libinit.o ABSOLUTE
    ../clib/libinit.s                        0x00000000   Number         0  libshutdown.o ABSOLUTE
    ../clib/libinit.s                        0x00000000   Number         0  libinit2.o ABSOLUTE
    ../clib/signal.c                         0x00000000   Number         0  defsig_abrt_inner.o ABSOLUTE
    ../clib/signal.c                         0x00000000   Number         0  defsig_rtmem_inner.o ABSOLUTE
    ../clib/signal.c                         0x00000000   Number         0  defsig_exit.o ABSOLUTE
    ../clib/signal.c                         0x00000000   Number         0  defsig_general.o ABSOLUTE
    ../clib/signal.c                         0x00000000   Number         0  __raise.o ABSOLUTE
    ../clib/signal.c                         0x00000000   Number         0  defsig_rtmem_formal.o ABSOLUTE
    ../clib/signal.c                         0x00000000   Number         0  defsig_rtred_inner.o ABSOLUTE
    ../clib/signal.c                         0x00000000   Number         0  defsig_fpe_inner.o ABSOLUTE
    ../clib/signal.c                         0x00000000   Number         0  defsig_pvfn_inner.o ABSOLUTE
    ../clib/signal.c                         0x00000000   Number         0  defsig_cppl_inner.o ABSOLUTE
    ../clib/signal.c                         0x00000000   Number         0  defsig_segv_inner.o ABSOLUTE
    ../clib/signal.c                         0x00000000   Number         0  defsig_other.o ABSOLUTE
    ../clib/signal.c                         0x00000000   Number         0  defsig_rtmem_outer.o ABSOLUTE
    ../clib/signal.c                         0x00000000   Number         0  defsig_stak_inner.o ABSOLUTE
    ../clib/signal.s                         0x00000000   Number         0  defsig.o ABSOLUTE
    ../clib/stdlib.c                         0x00000000   Number         0  exit.o ABSOLUTE
    ../fplib/cfplib/fpinit.c                 0x00000000   Number         0  fpinit.o ABSOLUTE
    ..\..\..\bsp\core\board.c                0x00000000   Number         0  board.o ABSOLUTE
    ..\..\..\bsp\core\driver\gpio.c          0x00000000   Number         0  gpio.o ABSOLUTE
    ..\..\..\bsp\core\driver\i2c.c           0x00000000   Number         0  i2c.o ABSOLUTE
    ..\..\..\bsp\core\driver\system.c        0x00000000   Number         0  system.o ABSOLUTE
    ..\..\..\bsp\core\driver\uart.c          0x00000000   Number         0  uart.o ABSOLUTE
    ..\..\..\bsp\core\startup\core_cm0.c     0x00000000   Number         0  core_cm0.o ABSOLUTE
    ..\..\..\bsp\core\startup\startup_xinc.s 0x00000000   Number         0  startup_xinc.o ABSOLUTE
    ..\\..\\..\\bsp\\core\\board.c           0x00000000   Number         0  board.o ABSOLUTE
    ..\\..\\..\\bsp\\core\\driver\\gpio.c    0x00000000   Number         0  gpio.o ABSOLUTE
    ..\\..\\..\\bsp\\core\\driver\\i2c.c     0x00000000   Number         0  i2c.o ABSOLUTE
    ..\\..\\..\\bsp\\core\\driver\\system.c  0x00000000   Number         0  system.o ABSOLUTE
    ..\\..\\..\\bsp\\core\\driver\\uart.c    0x00000000   Number         0  uart.o ABSOLUTE
    ..\\app\\main.c                          0x00000000   Number         0  main.o ABSOLUTE
    ..\app\main.c                            0x00000000   Number         0  main.o ABSOLUTE
    dc.s                                     0x00000000   Number         0  dc.o ABSOLUTE
    RESET                                    0x10000000   Section      144  startup_xinc.o(RESET)
    !!!main                                  0x10000090   Section        8  __main.o(!!!main)
    !!!scatter                               0x10000098   Section       60  __scatter.o(!!!scatter)
    !!handler_copy                           0x100000d4   Section       26  __scatter_copy.o(!!handler_copy)
    !!handler_zi                             0x100000f0   Section       28  __scatter_zi.o(!!handler_zi)
    .ARM.Collect$$libinit$$00000000          0x1000010c   Section        2  libinit.o(.ARM.Collect$$libinit$$00000000)
    .ARM.Collect$$libinit$$00000002          0x1000010e   Section        0  libinit2.o(.ARM.Collect$$libinit$$00000002)
    .ARM.Collect$$libinit$$00000004          0x1000010e   Section        0  libinit2.o(.ARM.Collect$$libinit$$00000004)
    .ARM.Collect$$libinit$$0000000A          0x1000010e   Section        0  libinit2.o(.ARM.Collect$$libinit$$0000000A)
    .ARM.Collect$$libinit$$0000000C          0x1000010e   Section        0  libinit2.o(.ARM.Collect$$libinit$$0000000C)
    .ARM.Collect$$libinit$$0000000E          0x1000010e   Section        0  libinit2.o(.ARM.Collect$$libinit$$0000000E)
    .ARM.Collect$$libinit$$00000011          0x1000010e   Section        0  libinit2.o(.ARM.Collect$$libinit$$00000011)
    .ARM.Collect$$libinit$$00000013          0x1000010e   Section        0  libinit2.o(.ARM.Collect$$libinit$$00000013)
    .ARM.Collect$$libinit$$00000015          0x1000010e   Section        0  libinit2.o(.ARM.Collect$$libinit$$00000015)
    .ARM.Collect$$libinit$$00000017          0x1000010e   Section        0  libinit2.o(.ARM.Collect$$libinit$$00000017)
    .ARM.Collect$$libinit$$00000019          0x1000010e   Section        0  libinit2.o(.ARM.Collect$$libinit$$00000019)
    .ARM.Collect$$libinit$$0000001B          0x1000010e   Section        0  libinit2.o(.ARM.Collect$$libinit$$0000001B)
    .ARM.Collect$$libinit$$0000001D          0x1000010e   Section        0  libinit2.o(.ARM.Collect$$libinit$$0000001D)
    .ARM.Collect$$libinit$$0000001F          0x1000010e   Section        0  libinit2.o(.ARM.Collect$$libinit$$0000001F)
    .ARM.Collect$$libinit$$00000021          0x1000010e   Section        0  libinit2.o(.ARM.Collect$$libinit$$00000021)
    .ARM.Collect$$libinit$$00000023          0x1000010e   Section        0  libinit2.o(.ARM.Collect$$libinit$$00000023)
    .ARM.Collect$$libinit$$00000025          0x1000010e   Section        0  libinit2.o(.ARM.Collect$$libinit$$00000025)
    .ARM.Collect$$libinit$$0000002C          0x1000010e   Section        0  libinit2.o(.ARM.Collect$$libinit$$0000002C)
    .ARM.Collect$$libinit$$0000002E          0x1000010e   Section        0  libinit2.o(.ARM.Collect$$libinit$$0000002E)
    .ARM.Collect$$libinit$$00000030          0x1000010e   Section        0  libinit2.o(.ARM.Collect$$libinit$$00000030)
    .ARM.Collect$$libinit$$00000032          0x1000010e   Section        0  libinit2.o(.ARM.Collect$$libinit$$00000032)
    .ARM.Collect$$libinit$$00000033          0x1000010e   Section        2  libinit2.o(.ARM.Collect$$libinit$$00000033)
    .ARM.Collect$$libshutdown$$00000000      0x10000110   Section        2  libshutdown.o(.ARM.Collect$$libshutdown$$00000000)
    .ARM.Collect$$libshutdown$$00000002      0x10000112   Section        0  libshutdown2.o(.ARM.Collect$$libshutdown$$00000002)
    .ARM.Collect$$libshutdown$$00000004      0x10000112   Section        0  libshutdown2.o(.ARM.Collect$$libshutdown$$00000004)
    .ARM.Collect$$libshutdown$$00000007      0x10000112   Section        0  libshutdown2.o(.ARM.Collect$$libshutdown$$00000007)
    .ARM.Collect$$libshutdown$$0000000A      0x10000112   Section        0  libshutdown2.o(.ARM.Collect$$libshutdown$$0000000A)
    .ARM.Collect$$libshutdown$$0000000C      0x10000112   Section        0  libshutdown2.o(.ARM.Collect$$libshutdown$$0000000C)
    .ARM.Collect$$libshutdown$$0000000F      0x10000112   Section        0  libshutdown2.o(.ARM.Collect$$libshutdown$$0000000F)
    .ARM.Collect$$libshutdown$$00000010      0x10000112   Section        2  libshutdown2.o(.ARM.Collect$$libshutdown$$00000010)
    .ARM.Collect$$rtentry$$00000000          0x10000114   Section        0  __rtentry.o(.ARM.Collect$$rtentry$$00000000)
    .ARM.Collect$$rtentry$$00000002          0x10000114   Section        0  __rtentry2.o(.ARM.Collect$$rtentry$$00000002)
    .ARM.Collect$$rtentry$$00000004          0x10000114   Section        6  __rtentry4.o(.ARM.Collect$$rtentry$$00000004)
    .ARM.Collect$$rtentry$$00000009          0x1000011a   Section        0  __rtentry2.o(.ARM.Collect$$rtentry$$00000009)
    .ARM.Collect$$rtentry$$0000000A          0x1000011a   Section        4  __rtentry2.o(.ARM.Collect$$rtentry$$0000000A)
    .ARM.Collect$$rtentry$$0000000C          0x1000011e   Section        0  __rtentry2.o(.ARM.Collect$$rtentry$$0000000C)
    .ARM.Collect$$rtentry$$0000000D          0x1000011e   Section        8  __rtentry2.o(.ARM.Collect$$rtentry$$0000000D)
    .ARM.Collect$$rtexit$$00000000           0x10000126   Section        2  rtexit.o(.ARM.Collect$$rtexit$$00000000)
    .ARM.Collect$$rtexit$$00000002           0x10000128   Section        0  rtexit2.o(.ARM.Collect$$rtexit$$00000002)
    .ARM.Collect$$rtexit$$00000003           0x10000128   Section        4  rtexit2.o(.ARM.Collect$$rtexit$$00000003)
    .ARM.Collect$$rtexit$$00000004           0x1000012c   Section        6  rtexit2.o(.ARM.Collect$$rtexit$$00000004)
    .text                                    0x10000134   Section       72  startup_xinc.o(.text)
    .text                                    0x1000017c   Section        0  heapauxi.o(.text)
    .text                                    0x10000182   Section       62  sys_stackheap_outer.o(.text)
    .text                                    0x100001c0   Section        0  exit.o(.text)
    .text                                    0x100001d0   Section        8  libspace.o(.text)
    .text                                    0x100001d8   Section        0  sys_exit.o(.text)
    .text                                    0x100001e4   Section        2  use_no_semi.o(.text)
    .text                                    0x100001e6   Section        0  indicate_semi.o(.text)
    i.I2C_Handler                            0x100001e8   Section        0  i2c.o(i.I2C_Handler)
    i.SysTick_Handler                        0x1000021c   Section        0  system.o(i.SysTick_Handler)
    i.SystemInit                             0x1000022c   Section        0  system.o(i.SystemInit)
    i.UART0_Handler                          0x10000238   Section        0  uart.o(i.UART0_Handler)
    i.UART1_Handler                          0x10000254   Section        0  uart.o(i.UART1_Handler)
    i.gpio_fun_inter                         0x1000027c   Section        0  gpio.o(i.gpio_fun_inter)
    i.gpio_fun_sel                           0x100002b0   Section        0  gpio.o(i.gpio_fun_sel)
    i.gpio_mux_ctl                           0x100002dc   Section        0  gpio.o(i.gpio_mux_ctl)
    i.i2c_callback                           0x10000308   Section        0  main.o(i.i2c_callback)
    i.i2c_slave_init                         0x10000314   Section        0  i2c.o(i.i2c_slave_init)
    i.i2c_slave_register_callback            0x100003bc   Section        0  i2c.o(i.i2c_slave_register_callback)
    i.i2c_slave_write                        0x100003c8   Section        0  i2c.o(i.i2c_slave_write)
    i.i2c_statuscheck                        0x100003d4   Section        0  i2c.o(i.i2c_statuscheck)
    i.init_uart                              0x100003ec   Section        0  uart.o(i.init_uart)
    i.main                                   0x100004c0   Section        0  main.o(i.main)
    .data                                    0x10001508   Section        4  system.o(.data)
    .data                                    0x1000150c   Section        8  uart.o(.data)
    .data                                    0x10001514   Section        4  i2c.o(.data)
    .bss                                     0x10001518   Section       96  libspace.o(.bss)
    HEAP                                     0x10001578   Section        0  startup_xinc.o(HEAP)
    STACK                                    0x10001578   Section     2048  startup_xinc.o(STACK)
    Heap_Mem                                 0x10001578   Data           0  startup_xinc.o(HEAP)
    Stack_Mem                                0x10001578   Data        2048  startup_xinc.o(STACK)
    __initial_sp                             0x10001d78   Data           0  startup_xinc.o(STACK)

    Global Symbols

    Symbol Name                              Value     Ov Type        Size  Object(Section)

    BuildAttributes$$THM_ISAv3M$S$PE$A:L22$X:L11$S22$IEEE1$IW$USESV6$~STKCKD$USESV7$~SHL$OSPACE$ROPI$EBA8$UX$STANDARDLIB$REQ8$PRES8$EABIv2 0x00000000   Number         0  anon$$obj.o ABSOLUTE
    __ARM_use_no_argv                        0x00000000   Number         0  main.o ABSOLUTE
    __ARM_exceptions_init                     - Undefined Weak Reference
    __alloca_initialize                       - Undefined Weak Reference
    __arm_preinit_                            - Undefined Weak Reference
    __cpp_initialize__aeabi_                  - Undefined Weak Reference
    __cxa_finalize                            - Undefined Weak Reference
    __rt_locale                               - Undefined Weak Reference
    __sigvec_lookup                           - Undefined Weak Reference
    _atexit_init                              - Undefined Weak Reference
    _call_atexit_fns                          - Undefined Weak Reference
    _clock_init                               - Undefined Weak Reference
    _fp_trap_init                             - Undefined Weak Reference
    _fp_trap_shutdown                         - Undefined Weak Reference
    _get_lc_collate                           - Undefined Weak Reference
    _get_lc_ctype                             - Undefined Weak Reference
    _get_lc_monetary                          - Undefined Weak Reference
    _get_lc_numeric                           - Undefined Weak Reference
    _get_lc_time                              - Undefined Weak Reference
    _getenv_init                              - Undefined Weak Reference
    _handle_redirection                       - Undefined Weak Reference
    _init_alloc                               - Undefined Weak Reference
    _init_user_alloc                          - Undefined Weak Reference
    _initio                                   - Undefined Weak Reference
    _rand_init                                - Undefined Weak Reference
    _signal_finish                            - Undefined Weak Reference
    _signal_init                              - Undefined Weak Reference
    _terminate_alloc                          - Undefined Weak Reference
    _terminate_user_alloc                     - Undefined Weak Reference
    _terminateio                              - Undefined Weak Reference
    __Vectors_Size                           0x00000090   Number         0  startup_xinc.o ABSOLUTE
    __Vectors                                0x10000000   Data           4  startup_xinc.o(RESET)
    __Vectors_End                            0x10000090   Data           0  startup_xinc.o(RESET)
    __main                                   0x10000091   Thumb Code     8  __main.o(!!!main)
    __scatterload                            0x10000099   Thumb Code     0  __scatter.o(!!!scatter)
    __scatterload_rt2                        0x10000099   Thumb Code    52  __scatter.o(!!!scatter)
    __scatterload_rt2_thumb_only             0x10000099   Thumb Code     0  __scatter.o(!!!scatter)
    __scatterload_null                       0x100000a9   Thumb Code     0  __scatter.o(!!!scatter)
    __scatterload_copy                       0x100000d5   Thumb Code    26  __scatter_copy.o(!!handler_copy)
    __scatterload_zeroinit                   0x100000f1   Thumb Code    28  __scatter_zi.o(!!handler_zi)
    __rt_lib_init                            0x1000010d   Thumb Code     0  libinit.o(.ARM.Collect$$libinit$$00000000)
    __rt_lib_init_alloca_1                   0x1000010f   Thumb Code     0  libinit2.o(.ARM.Collect$$libinit$$0000002E)
    __rt_lib_init_argv_1                     0x1000010f   Thumb Code     0  libinit2.o(.ARM.Collect$$libinit$$0000002C)
    __rt_lib_init_atexit_1                   0x1000010f   Thumb Code     0  libinit2.o(.ARM.Collect$$libinit$$0000001B)
    __rt_lib_init_clock_1                    0x1000010f   Thumb Code     0  libinit2.o(.ARM.Collect$$libinit$$00000021)
    __rt_lib_init_cpp_1                      0x1000010f   Thumb Code     0  libinit2.o(.ARM.Collect$$libinit$$00000032)
    __rt_lib_init_exceptions_1               0x1000010f   Thumb Code     0  libinit2.o(.ARM.Collect$$libinit$$00000030)
    __rt_lib_init_fp_1                       0x1000010f   Thumb Code     0  libinit2.o(.ARM.Collect$$libinit$$00000002)
    __rt_lib_init_fp_trap_1                  0x1000010f   Thumb Code     0  libinit2.o(.ARM.Collect$$libinit$$0000001F)
    __rt_lib_init_getenv_1                   0x1000010f   Thumb Code     0  libinit2.o(.ARM.Collect$$libinit$$00000023)
    __rt_lib_init_heap_1                     0x1000010f   Thumb Code     0  libinit2.o(.ARM.Collect$$libinit$$0000000A)
    __rt_lib_init_lc_collate_1               0x1000010f   Thumb Code     0  libinit2.o(.ARM.Collect$$libinit$$00000011)
    __rt_lib_init_lc_ctype_1                 0x1000010f   Thumb Code     0  libinit2.o(.ARM.Collect$$libinit$$00000013)
    __rt_lib_init_lc_monetary_1              0x1000010f   Thumb Code     0  libinit2.o(.ARM.Collect$$libinit$$00000015)
    __rt_lib_init_lc_numeric_1               0x1000010f   Thumb Code     0  libinit2.o(.ARM.Collect$$libinit$$00000017)
    __rt_lib_init_lc_time_1                  0x1000010f   Thumb Code     0  libinit2.o(.ARM.Collect$$libinit$$00000019)
    __rt_lib_init_preinit_1                  0x1000010f   Thumb Code     0  libinit2.o(.ARM.Collect$$libinit$$00000004)
    __rt_lib_init_rand_1                     0x1000010f   Thumb Code     0  libinit2.o(.ARM.Collect$$libinit$$0000000E)
    __rt_lib_init_return                     0x1000010f   Thumb Code     0  libinit2.o(.ARM.Collect$$libinit$$00000033)
    __rt_lib_init_signal_1                   0x1000010f   Thumb Code     0  libinit2.o(.ARM.Collect$$libinit$$0000001D)
    __rt_lib_init_stdio_1                    0x1000010f   Thumb Code     0  libinit2.o(.ARM.Collect$$libinit$$00000025)
    __rt_lib_init_user_alloc_1               0x1000010f   Thumb Code     0  libinit2.o(.ARM.Collect$$libinit$$0000000C)
    __rt_lib_shutdown                        0x10000111   Thumb Code     0  libshutdown.o(.ARM.Collect$$libshutdown$$00000000)
    __rt_lib_shutdown_cpp_1                  0x10000113   Thumb Code     0  libshutdown2.o(.ARM.Collect$$libshutdown$$00000002)
    __rt_lib_shutdown_fp_trap_1              0x10000113   Thumb Code     0  libshutdown2.o(.ARM.Collect$$libshutdown$$00000007)
    __rt_lib_shutdown_heap_1                 0x10000113   Thumb Code     0  libshutdown2.o(.ARM.Collect$$libshutdown$$0000000F)
    __rt_lib_shutdown_return                 0x10000113   Thumb Code     0  libshutdown2.o(.ARM.Collect$$libshutdown$$00000010)
    __rt_lib_shutdown_signal_1               0x10000113   Thumb Code     0  libshutdown2.o(.ARM.Collect$$libshutdown$$0000000A)
    __rt_lib_shutdown_stdio_1                0x10000113   Thumb Code     0  libshutdown2.o(.ARM.Collect$$libshutdown$$00000004)
    __rt_lib_shutdown_user_alloc_1           0x10000113   Thumb Code     0  libshutdown2.o(.ARM.Collect$$libshutdown$$0000000C)
    __rt_entry                               0x10000115   Thumb Code     0  __rtentry.o(.ARM.Collect$$rtentry$$00000000)
    __rt_entry_presh_1                       0x10000115   Thumb Code     0  __rtentry2.o(.ARM.Collect$$rtentry$$00000002)
    __rt_entry_sh                            0x10000115   Thumb Code     0  __rtentry4.o(.ARM.Collect$$rtentry$$00000004)
    __rt_entry_li                            0x1000011b   Thumb Code     0  __rtentry2.o(.ARM.Collect$$rtentry$$0000000A)
    __rt_entry_postsh_1                      0x1000011b   Thumb Code     0  __rtentry2.o(.ARM.Collect$$rtentry$$00000009)
    __rt_entry_main                          0x1000011f   Thumb Code     0  __rtentry2.o(.ARM.Collect$$rtentry$$0000000D)
    __rt_entry_postli_1                      0x1000011f   Thumb Code     0  __rtentry2.o(.ARM.Collect$$rtentry$$0000000C)
    __rt_exit                                0x10000127   Thumb Code     0  rtexit.o(.ARM.Collect$$rtexit$$00000000)
    __rt_exit_ls                             0x10000129   Thumb Code     0  rtexit2.o(.ARM.Collect$$rtexit$$00000003)
    __rt_exit_prels_1                        0x10000129   Thumb Code     0  rtexit2.o(.ARM.Collect$$rtexit$$00000002)
    __rt_exit_exit                           0x1000012d   Thumb Code     0  rtexit2.o(.ARM.Collect$$rtexit$$00000004)
    Reset_Handler                            0x10000135   Thumb Code    14  startup_xinc.o(.text)
    NMI_Handler                              0x10000143   Thumb Code     2  startup_xinc.o(.text)
    HardFault_Handler                        0x10000145   Thumb Code     2  startup_xinc.o(.text)
    MemManage_Handler                        0x10000147   Thumb Code     2  startup_xinc.o(.text)
    BusFault_Handler                         0x10000149   Thumb Code     2  startup_xinc.o(.text)
    UsageFault_Handler                       0x1000014b   Thumb Code     2  startup_xinc.o(.text)
    SVC_Handler                              0x1000014d   Thumb Code     2  startup_xinc.o(.text)
    DebugMon_Handler                         0x1000014f   Thumb Code     2  startup_xinc.o(.text)
    AES_Handler                              0x10000151   Thumb Code     0  startup_xinc.o(.text)
    BLE_Handler                              0x10000151   Thumb Code     0  startup_xinc.o(.text)
    CPR_Handler                              0x10000151   Thumb Code     0  startup_xinc.o(.text)
    DMAS_Handler                             0x10000151   Thumb Code     0  startup_xinc.o(.text)
    GADC_Handler                             0x10000151   Thumb Code     0  startup_xinc.o(.text)
    GPIO_Handler                             0x10000151   Thumb Code     0  startup_xinc.o(.text)
    KBS_Handler                              0x10000151   Thumb Code     0  startup_xinc.o(.text)
    PendSV_Handler                           0x10000151   Thumb Code     0  startup_xinc.o(.text)
    QDEC_Handler                             0x10000151   Thumb Code     0  startup_xinc.o(.text)
    RTC_Handler                              0x10000151   Thumb Code     0  startup_xinc.o(.text)
    SIM_Handler                              0x10000151   Thumb Code     0  startup_xinc.o(.text)
    SPI0_Handler                             0x10000151   Thumb Code     0  startup_xinc.o(.text)
    SPI1_Handler                             0x10000151   Thumb Code     0  startup_xinc.o(.text)
    TIMER0_Handler                           0x10000151   Thumb Code     0  startup_xinc.o(.text)
    TIMER1_Handler                           0x10000151   Thumb Code     0  startup_xinc.o(.text)
    TIMER2_Handler                           0x10000151   Thumb Code     0  startup_xinc.o(.text)
    TIMER3_Handler                           0x10000151   Thumb Code     0  startup_xinc.o(.text)
    WDT_Handler                              0x10000151   Thumb Code     0  startup_xinc.o(.text)
    __user_initial_stackheap                 0x10000155   Thumb Code     0  startup_xinc.o(.text)
    __use_two_region_memory                  0x1000017d   Thumb Code     2  heapauxi.o(.text)
    __rt_heap_escrow$2region                 0x1000017f   Thumb Code     2  heapauxi.o(.text)
    __rt_heap_expand$2region                 0x10000181   Thumb Code     2  heapauxi.o(.text)
    __user_setup_stackheap                   0x10000183   Thumb Code    62  sys_stackheap_outer.o(.text)
    exit                                     0x100001c1   Thumb Code    16  exit.o(.text)
    __user_libspace                          0x100001d1   Thumb Code     8  libspace.o(.text)
    __user_perproc_libspace                  0x100001d1   Thumb Code     0  libspace.o(.text)
    __user_perthread_libspace                0x100001d1   Thumb Code     0  libspace.o(.text)
    _sys_exit                                0x100001d9   Thumb Code     8  sys_exit.o(.text)
    __I$use$semihosting                      0x100001e5   Thumb Code     0  use_no_semi.o(.text)
    __use_no_semihosting_swi                 0x100001e5   Thumb Code     2  use_no_semi.o(.text)
    __semihosting_library_function           0x100001e7   Thumb Code     0  indicate_semi.o(.text)
    I2C_Handler                              0x100001e9   Thumb Code    40  i2c.o(i.I2C_Handler)
    SysTick_Handler                          0x1000021d   Thumb Code    12  system.o(i.SysTick_Handler)
    SystemInit                               0x1000022d   Thumb Code     8  system.o(i.SystemInit)
    UART0_Handler                            0x10000239   Thumb Code    20  uart.o(i.UART0_Handler)
    UART1_Handler                            0x10000255   Thumb Code    32  uart.o(i.UART1_Handler)
    gpio_fun_inter                           0x1000027d   Thumb Code    44  gpio.o(i.gpio_fun_inter)
    gpio_fun_sel                             0x100002b1   Thumb Code    40  gpio.o(i.gpio_fun_sel)
    gpio_mux_ctl                             0x100002dd   Thumb Code    40  gpio.o(i.gpio_mux_ctl)
    i2c_callback                             0x10000309   Thumb Code    10  main.o(i.i2c_callback)
    i2c_slave_init                           0x10000315   Thumb Code   144  i2c.o(i.i2c_slave_init)
    i2c_slave_register_callback              0x100003bd   Thumb Code     6  i2c.o(i.i2c_slave_register_callback)
    i2c_slave_write                          0x100003c9   Thumb Code     6  i2c.o(i.i2c_slave_write)
    i2c_statuscheck                          0x100003d5   Thumb Code    18  i2c.o(i.i2c_statuscheck)
    init_uart                                0x100003ed   Thumb Code   196  uart.o(i.init_uart)
    main                                     0x100004c1   Thumb Code    30  main.o(i.main)
    Region$$Table$$Base                      0x100004e8   Number         0  anon$$obj.o(Region$$Table)
    Region$$Table$$Limit                     0x10000508   Number         0  anon$$obj.o(Region$$Table)
    systick_callback                         0x10001508   Data           4  system.o(.data)
    uHandler_Callback                        0x1000150c   Data           8  uart.o(.data)
    i2cHandler_Callback                      0x10001514   Data           4  i2c.o(.data)
    __libspace_start                         0x10001518   Data          96  libspace.o(.bss)
    __temporary_stack_top$libspace           0x10001578   Data           0  libspace.o(.bss)



==============================================================================

Memory Map of the image

  Image Entry point : 0x10000091

  Load Region LOAD (Base: 0x10000000, Size: 0x00000518, Max: 0xffffffff, ABSOLUTE)

    Execution Region EXE (Base: 0x10000000, Size: 0x00000508, Max: 0xffffffff, ABSOLUTE)

    Base Addr    Size         Type   Attr      Idx    E Section Name        Object

    0x10000000   0x00000090   Data   RO           14    RESET               startup_xinc.o
    0x10000090   0x00000008   Code   RO          426  * !!!main             c_p.l(__main.o)
    0x10000098   0x0000003c   Code   RO          585    !!!scatter          c_p.l(__scatter.o)
    0x100000d4   0x0000001a   Code   RO          587    !!handler_copy      c_p.l(__scatter_copy.o)
    0x100000ee   0x00000002   PAD
    0x100000f0   0x0000001c   Code   RO          589    !!handler_zi        c_p.l(__scatter_zi.o)
    0x1000010c   0x00000002   Code   RO          454    .ARM.Collect$$libinit$$00000000  c_p.l(libinit.o)
    0x1000010e   0x00000000   Code   RO          462    .ARM.Collect$$libinit$$00000002  c_p.l(libinit2.o)
    0x1000010e   0x00000000   Code   RO          464    .ARM.Collect$$libinit$$00000004  c_p.l(libinit2.o)
    0x1000010e   0x00000000   Code   RO          467    .ARM.Collect$$libinit$$0000000A  c_p.l(libinit2.o)
    0x1000010e   0x00000000   Code   RO          469    .ARM.Collect$$libinit$$0000000C  c_p.l(libinit2.o)
    0x1000010e   0x00000000   Code   RO          471    .ARM.Collect$$libinit$$0000000E  c_p.l(libinit2.o)
    0x1000010e   0x00000000   Code   RO          474    .ARM.Collect$$libinit$$00000011  c_p.l(libinit2.o)
    0x1000010e   0x00000000   Code   RO          476    .ARM.Collect$$libinit$$00000013  c_p.l(libinit2.o)
    0x1000010e   0x00000000   Code   RO          478    .ARM.Collect$$libinit$$00000015  c_p.l(libinit2.o)
    0x1000010e   0x00000000   Code   RO          480    .ARM.Collect$$libinit$$00000017  c_p.l(libinit2.o)
    0x1000010e   0x00000000   Code   RO          482    .ARM.Collect$$libinit$$00000019  c_p.l(libinit2.o)
    0x1000010e   0x00000000   Code   RO          484    .ARM.Collect$$libinit$$0000001B  c_p.l(libinit2.o)
    0x1000010e   0x00000000   Code   RO          486    .ARM.Collect$$libinit$$0000001D  c_p.l(libinit2.o)
    0x1000010e   0x00000000   Code   RO          488    .ARM.Collect$$libinit$$0000001F  c_p.l(libinit2.o)
    0x1000010e   0x00000000   Code   RO          490    .ARM.Collect$$libinit$$00000021  c_p.l(libinit2.o)
    0x1000010e   0x00000000   Code   RO          492    .ARM.Collect$$libinit$$00000023  c_p.l(libinit2.o)
    0x1000010e   0x00000000   Code   RO          494    .ARM.Collect$$libinit$$00000025  c_p.l(libinit2.o)
    0x1000010e   0x00000000   Code   RO          498    .ARM.Collect$$libinit$$0000002C  c_p.l(libinit2.o)
    0x1000010e   0x00000000   Code   RO          500    .ARM.Collect$$libinit$$0000002E  c_p.l(libinit2.o)
    0x1000010e   0x00000000   Code   RO          502    .ARM.Collect$$libinit$$00000030  c_p.l(libinit2.o)
    0x1000010e   0x00000000   Code   RO          504    .ARM.Collect$$libinit$$00000032  c_p.l(libinit2.o)
    0x1000010e   0x00000002   Code   RO          505    .ARM.Collect$$libinit$$00000033  c_p.l(libinit2.o)
    0x10000110   0x00000002   Code   RO          525    .ARM.Collect$$libshutdown$$00000000  c_p.l(libshutdown.o)
    0x10000112   0x00000000   Code   RO          538    .ARM.Collect$$libshutdown$$00000002  c_p.l(libshutdown2.o)
    0x10000112   0x00000000   Code   RO          540    .ARM.Collect$$libshutdown$$00000004  c_p.l(libshutdown2.o)
    0x10000112   0x00000000   Code   RO          543    .ARM.Collect$$libshutdown$$00000007  c_p.l(libshutdown2.o)
    0x10000112   0x00000000   Code   RO          546    .ARM.Collect$$libshutdown$$0000000A  c_p.l(libshutdown2.o)
    0x10000112   0x00000000   Code   RO          548    .ARM.Collect$$libshutdown$$0000000C  c_p.l(libshutdown2.o)
    0x10000112   0x00000000   Code   RO          551    .ARM.Collect$$libshutdown$$0000000F  c_p.l(libshutdown2.o)
    0x10000112   0x00000002   Code   RO          552    .ARM.Collect$$libshutdown$$00000010  c_p.l(libshutdown2.o)
    0x10000114   0x00000000   Code   RO          428    .ARM.Collect$$rtentry$$00000000  c_p.l(__rtentry.o)
    0x10000114   0x00000000   Code   RO          430    .ARM.Collect$$rtentry$$00000002  c_p.l(__rtentry2.o)
    0x10000114   0x00000006   Code   RO          442    .ARM.Collect$$rtentry$$00000004  c_p.l(__rtentry4.o)
    0x1000011a   0x00000000   Code   RO          432    .ARM.Collect$$rtentry$$00000009  c_p.l(__rtentry2.o)
    0x1000011a   0x00000004   Code   RO          433    .ARM.Collect$$rtentry$$0000000A  c_p.l(__rtentry2.o)
    0x1000011e   0x00000000   Code   RO          435    .ARM.Collect$$rtentry$$0000000C  c_p.l(__rtentry2.o)
    0x1000011e   0x00000008   Code   RO          436    .ARM.Collect$$rtentry$$0000000D  c_p.l(__rtentry2.o)
    0x10000126   0x00000002   Code   RO          459    .ARM.Collect$$rtexit$$00000000  c_p.l(rtexit.o)
    0x10000128   0x00000000   Code   RO          507    .ARM.Collect$$rtexit$$00000002  c_p.l(rtexit2.o)
    0x10000128   0x00000004   Code   RO          508    .ARM.Collect$$rtexit$$00000003  c_p.l(rtexit2.o)
    0x1000012c   0x00000006   Code   RO          509    .ARM.Collect$$rtexit$$00000004  c_p.l(rtexit2.o)
    0x10000132   0x00000002   PAD
    0x10000134   0x00000048   Code   RO           15    .text               startup_xinc.o
    0x1000017c   0x00000006   Code   RO          424    .text               c_p.l(heapauxi.o)
    0x10000182   0x0000003e   Code   RO          444    .text               c_p.l(sys_stackheap_outer.o)
    0x100001c0   0x00000010   Code   RO          447    .text               c_p.l(exit.o)
    0x100001d0   0x00000008   Code   RO          455    .text               c_p.l(libspace.o)
    0x100001d8   0x0000000c   Code   RO          517    .text               c_p.l(sys_exit.o)
    0x100001e4   0x00000002   Code   RO          528    .text               c_p.l(use_no_semi.o)
    0x100001e6   0x00000000   Code   RO          530    .text               c_p.l(indicate_semi.o)
    0x100001e6   0x00000002   PAD
    0x100001e8   0x00000034   Code   RO          338    i.I2C_Handler       i2c.o
    0x1000021c   0x00000010   Code   RO           22    i.SysTick_Handler   system.o
    0x1000022c   0x0000000c   Code   RO           23    i.SystemInit        system.o
    0x10000238   0x0000001c   Code   RO          236    i.UART0_Handler     uart.o
    0x10000254   0x00000028   Code   RO          237    i.UART1_Handler     uart.o
    0x1000027c   0x00000034   Code   RO          169    i.gpio_fun_inter    gpio.o
    0x100002b0   0x0000002c   Code   RO          170    i.gpio_fun_sel      gpio.o
    0x100002dc   0x0000002c   Code   RO          173    i.gpio_mux_ctl      gpio.o
    0x10000308   0x0000000a   Code   RO          125    i.i2c_callback      main.o
    0x10000312   0x00000002   PAD
    0x10000314   0x000000a8   Code   RO          344    i.i2c_slave_init    i2c.o
    0x100003bc   0x0000000c   Code   RO          346    i.i2c_slave_register_callback  i2c.o
    0x100003c8   0x0000000c   Code   RO          347    i.i2c_slave_write   i2c.o
    0x100003d4   0x00000018   Code   RO          348    i.i2c_statuscheck   i2c.o
    0x100003ec   0x000000d4   Code   RO          238    i.init_uart         uart.o
    0x100004c0   0x00000028   Code   RO          126    i.main              main.o
    0x100004e8   0x00000020   Data   RO          583    Region$$Table       anon$$obj.o


    Execution Region RW (Base: 0x10001508, Size: 0x00000870, Max: 0xffffffff, ABSOLUTE)

    Base Addr    Size         Type   Attr      Idx    E Section Name        Object

    0x10001508   0x00000004   Data   RW           27    .data               system.o
    0x1000150c   0x00000008   Data   RW          248    .data               uart.o
    0x10001514   0x00000004   Data   RW          349    .data               i2c.o
    0x10001518   0x00000060   Zero   RW          456    .bss                c_p.l(libspace.o)
    0x10001578   0x00000000   Zero   RW           13    HEAP                startup_xinc.o
    0x10001578   0x00000800   Zero   RW           12    STACK               startup_xinc.o


==============================================================================

Image component sizes


      Code (inc. data)   RO Data    RW Data    ZI Data      Debug   Object Name

         0          0          0          0          0       4500   core_cm0.o
       140         16          0          0          0       1859   gpio.o
       268         54          0          4          0       3951   i2c.o
        50         10          0          0          0        834   main.o
        72         32        144          0       2048        780   startup_xinc.o
        28          8          0          4          0       3402   system.o
       280         32          0          8          0      10445   uart.o

    ----------------------------------------------------------------------
       840        152        176         16       2048      25771   Object Totals
         0          0         32          0          0          0   (incl. Generated)
         2          0          0          0          0          0   (incl. Padding)

    ----------------------------------------------------------------------

      Code (inc. data)   RO Data    RW Data    ZI Data      Debug   Library Member Name

         8          0          0          0          0         68   __main.o
         0          0          0          0          0          0   __rtentry.o
        12          0          0          0          0          0   __rtentry2.o
         6          0          0          0          0          0   __rtentry4.o
        60          8          0          0          0          0   __scatter.o
        26          0          0          0          0          0   __scatter_copy.o
        28          0          0          0          0          0   __scatter_zi.o
        16          0          0          0          0         68   exit.o
         6          0          0          0          0        136   heapauxi.o
         0          0          0          0          0          0   indicate_semi.o
         2          0          0          0          0          0   libinit.o
         2          0          0          0          0          0   libinit2.o
         2          0          0          0          0          0   libshutdown.o
         2          0          0          0          0          0   libshutdown2.o
         8          4          0          0         96         68   libspace.o
         2          0          0          0          0          0   rtexit.o
        10          0          0          0          0          0   rtexit2.o
        12          4          0          0          0         60   sys_exit.o
        62          0          0          0          0         80   sys_stackheap_outer.o
         2          0          0          0          0         68   use_no_semi.o

    ----------------------------------------------------------------------
       272         16          0          0         96        548   Library Totals
         6          0          0          0          0          0   (incl. Padding)

    ----------------------------------------------------------------------

      Code (inc. data)   RO Data    RW Data    ZI Data      Debug   Library Name

       266         16          0          0         96        548   c_p.l

    ----------------------------------------------------------------------
       272         16          0          0         96        548   Library Totals

    ----------------------------------------------------------------------

==============================================================================


      Code (inc. data)   RO Data    RW Data    ZI Data      Debug   

      1112        168        176         16       2144      25655   Grand Totals
      1112        168        176         16       2144      25655   ELF Image Totals
      1112        168        176         16          0          0   ROM Totals

==============================================================================

    Total RO  Size (Code + RO Data)                 1288 (   1.26kB)
    Total RW  Size (RW Data + ZI Data)              2160 (   2.11kB)
    Total ROM Size (Code + RO Data + RW Data)       1304 (   1.27kB)

==============================================================================

