<html>
<body>
<pre>
<h1>µVision Build Log</h1>
<h2>Tool Versions:</h2>
IDE-Version: ¦ÌVision V5.14.2
Copyright (C) 2015 ARM Ltd and ARM Germany GmbH. All rights reserved.
License Information: tom tom, tom, LIC=----
 
Tool Versions:
Toolchain:       MDK-Lite  Version: 5.29.0.0
Toolchain Path:  E:\keil\ARM\ARMCC\Bin
C Compiler:      Armcc.exe V5.06 update 6 (build 750)
Assembler:       Armasm.exe V5.06 update 6 (build 750)
Linker/Locator:  ArmLink.exe V5.06 update 6 (build 750)
Library Manager: ArmAr.exe V5.06 update 6 (build 750)
Hex Converter:   FromElf.exe V5.06 update 6 (build 750)
CPU DLL:         SARMCM3.DLL V5.29.0.0
Dialog DLL:      DARMCM1.DLL V1.19.2.0
Target DLL:      Segger\JL2CM3.dll V2.99.36.0
Dialog DLL:      TARMCM1.DLL V1.14.1.0
 
<h2>Project:</h2>
F:\Tom\Github_tom\xinchip\Project\i2c_slave\mdk\i2c_slave.uvprojx
Project File Date:  08/10/2021

<h2>Output:</h2>
*** Using Compiler 'V5.06 update 6 (build 750)', folder: 'E:\keil\ARM\ARMCC\Bin'
Rebuild target 'i2c_slave'
compiling core_cm0.c...
assembling startup_xinc.s...
compiling system.c...
compiling main.c...
compiling gpio.c...
compiling uart.c...
compiling board.c...
compiling i2c.c...
..\..\..\bsp\core\driver\i2c.c(205): warning:  #550-D: variable "value"  was set but never used
      uint32_t stat, value;   
..\..\..\bsp\core\driver\i2c.c: 1 warning, 0 errors
linking...
Program Size: Code=1112 RO-data=176 RW-data=16 ZI-data=2144  
FromELF: creating hex file...
".\Objects\i2c_slave.axf" - 0 Error(s), 1 Warning(s).

<h2>Collection of Component include folders:</h2>
  F:\Tom\Github_tom\xinchip\Project\i2c_slave\mdk\RTE
  E:\keil\pack\ARM\CMSIS\5.6.0\Device\ARM\ARMCM0\Include

<h2>Collection of Component Files used:</h2>
</pre>
</body>
</html>
