<html>
<body>
<pre>
<h1>µVision Build Log</h1>
<h2>Tool Versions:</h2>
IDE-Version: ¦ÌVision V5.14.2
Copyright (C) 2015 ARM Ltd and ARM Germany GmbH. All rights reserved.
License Information: tom tom, tom, LIC=----
 
Tool Versions:
Toolchain:       MDK-Lite  Version: 5.29.0.0
Toolchain Path:  E:\keil\ARM\ARMCC\Bin
C Compiler:      Armcc.exe V5.06 update 6 (build 750)
Assembler:       Armasm.exe V5.06 update 6 (build 750)
Linker/Locator:  ArmLink.exe V5.06 update 6 (build 750)
Library Manager: ArmAr.exe V5.06 update 6 (build 750)
Hex Converter:   FromElf.exe V5.06 update 6 (build 750)
CPU DLL:         SARMCM3.DLL V5.29.0.0
Dialog DLL:      DARMCM1.DLL V1.19.2.0
Target DLL:      Segger\JL2CM3.dll V2.99.36.0
Dialog DLL:      TARMCM1.DLL V1.14.1.0
 
<h2>Project:</h2>
C:\Users\Administrator\Desktop\Infrared_tracking\Infrared_tracking.uvprojx
Project File Date:  08/09/2021

<h2>Output:</h2>
*** Using Compiler 'V5.06 update 6 (build 750)', folder: 'E:\keil\ARM\ARMCC\Bin'
Rebuild target 'Infrared_tracking'
compiling core_cm0.c...
compiling system_xinc.c...
assembling startup_xinc.s...
compiling bsp_gpio.c...
.\system_software\Infrared.h(22): warning:  #1-D: last line of file ends without a newline
  #endif
.\application\Infrared_core.h(20): warning:  #1-D: last line of file ends without a newline
  #endif
bsp\bsp_gpio.c(321): warning:  #186-D: pointless comparison of unsigned integer with zero
                if(num>=0 && num<=4)
bsp\bsp_gpio.c: 3 warnings, 0 errors
compiling bsp_retarget.c...
compiling bsp_i2c_master.c...
.\system_software\Infrared.h(22): warning:  #1-D: last line of file ends without a newline
  #endif
.\application\Infrared_core.h(20): warning:  #1-D: last line of file ends without a newline
  #endif
bsp\bsp_i2c_master.c(36): warning:  #187-D: use of "=" where "==" may have been intended
      __ASSERT((speed==I2C_FAST_MODE) || (speed = I2C_STANDARD_MODE));
bsp\bsp_i2c_master.c(34): warning:  #177-D: variable "i"  was declared but never referenced
        uint32_t        i;
bsp\bsp_i2c_master.c: 4 warnings, 0 errors
compiling bsp_i2c_slave.c...
.\system_software\Infrared.h(22): warning:  #1-D: last line of file ends without a newline
  #endif
.\application\Infrared_core.h(20): warning:  #1-D: last line of file ends without a newline
  #endif
bsp\bsp_i2c_slave.c(110): warning:  #177-D: variable "count"  was declared but never referenced
           static uint8_t count=1;
bsp\bsp_i2c_slave.c(78): warning:  #550-D: variable "VAL"  was set but never used
      uint32_t    stat, VAL;
bsp\bsp_i2c_slave.c(223): warning:  #1-D: last line of file ends without a newline
  #endif
bsp\bsp_i2c_slave.c: 5 warnings, 0 errors
compiling bsp_uart.c...
.\system_software\Infrared.h(22): warning:  #1-D: last line of file ends without a newline
  #endif
.\application\Infrared_core.h(20): warning:  #1-D: last line of file ends without a newline
  #endif
bsp\bsp_uart.c(242): warning:  #1-D: last line of file ends without a newline
  }
bsp\bsp_uart.c: 3 warnings, 0 errors
compiling main.c...
.\system_software\Infrared.h(22): warning:  #1-D: last line of file ends without a newline
  #endif
.\application\Infrared_core.h(20): warning:  #1-D: last line of file ends without a newline
  #endif
application\main.c(8): warning:  #223-D: function "test_uart" declared implicitly
        test_uart();
application\main.c(9): warning:  #223-D: function "test_slave_i2c" declared implicitly
        test_slave_i2c();
application\main.c(15): warning:  #1-D: last line of file ends without a newline
  }
application\main.c: 5 warnings, 0 errors
compiling Infrared_core.c...
.\system_software\Infrared.h(22): warning:  #1-D: last line of file ends without a newline
  #endif
.\application\Infrared_core.h(20): warning:  #1-D: last line of file ends without a newline
  #endif
application\Infrared_core.c(25): warning:  #1-D: last line of file ends without a newline
  }                             
application\Infrared_core.c: 3 warnings, 0 errors
compiling Infrared.c...
system_software\Infrared.h(22): warning:  #1-D: last line of file ends without a newline
  #endif
system_software\Infrared.c(53): warning:  #1-D: last line of file ends without a newline
  };
system_software\Infrared.c: 2 warnings, 0 errors
linking...
Program Size: Code=3028 RO-data=236 RW-data=68 ZI-data=2220  
FromELF: creating hex file...
".\Objects\Tracking_module.axf" - 0 Error(s), 25 Warning(s).

<h2>Collection of Component include folders:</h2>
  C:\Users\Administrator\Desktop\Infrared_tracking\RTE
  E:\keil\pack\ARM\CMSIS\5.6.0\Device\ARM\ARMCM0\Include

<h2>Collection of Component Files used:</h2>
</pre>
</body>
</html>
