<!doctype html public "-//w3c//dtd html 4.0 transitional//en">
<html><head>
<title>Static Call Graph - [.\Objects\Tracking_module.axf]</title></head>
<body><HR>
<H1>Static Call Graph for image .\Objects\Tracking_module.axf</H1><HR>
<BR><P>#&#060CALLGRAPH&#062# ARM Linker, 5060750: Last Updated: Tue Aug 10 10:49:00 2021
<BR><P>
<H3>Maximum Stack Usage =        144 bytes + Unknown(Functions without stacksize, Cycles, Untraceable Function Pointers)</H3><H3>
Call chain for Maximum Stack Depth:</H3>
SystemInit &rArr; retarget_init &rArr; __2printf &rArr; _printf_char_file &rArr; _printf_char_common &rArr; __printf
<P>
<H3>
Functions with no stack information
</H3><UL>
 <LI><a href="#[51]">__user_initial_stackheap</a>
</UL>
</UL>
<P>
<H3>
Mutually Recursive functions
</H3> <LI><a href="#[5]">NMI_Handler</a>&nbsp;&nbsp;&nbsp;&rArr;&nbsp;&nbsp;&nbsp;<a href="#[5]">NMI_Handler</a><BR>
 <LI><a href="#[6]">HardFault_Handler</a>&nbsp;&nbsp;&nbsp;&rArr;&nbsp;&nbsp;&nbsp;<a href="#[6]">HardFault_Handler</a><BR>
 <LI><a href="#[7]">MemManage_Handler</a>&nbsp;&nbsp;&nbsp;&rArr;&nbsp;&nbsp;&nbsp;<a href="#[7]">MemManage_Handler</a><BR>
 <LI><a href="#[8]">BusFault_Handler</a>&nbsp;&nbsp;&nbsp;&rArr;&nbsp;&nbsp;&nbsp;<a href="#[8]">BusFault_Handler</a><BR>
 <LI><a href="#[9]">UsageFault_Handler</a>&nbsp;&nbsp;&nbsp;&rArr;&nbsp;&nbsp;&nbsp;<a href="#[9]">UsageFault_Handler</a><BR>
 <LI><a href="#[a]">SVC_Handler</a>&nbsp;&nbsp;&nbsp;&rArr;&nbsp;&nbsp;&nbsp;<a href="#[a]">SVC_Handler</a><BR>
 <LI><a href="#[b]">DebugMon_Handler</a>&nbsp;&nbsp;&nbsp;&rArr;&nbsp;&nbsp;&nbsp;<a href="#[b]">DebugMon_Handler</a><BR>
 <LI><a href="#[21]">AES_Handler</a>&nbsp;&nbsp;&nbsp;&rArr;&nbsp;&nbsp;&nbsp;<a href="#[21]">AES_Handler</a><BR>
 <LI><a href="#[3f]">_sys_exit</a>&nbsp;&nbsp;&nbsp;&rArr;&nbsp;&nbsp;&nbsp;<a href="#[3f]">_sys_exit</a><BR>
</UL>
<P>
<H3>
Function Pointers
</H3><UL>
 <LI><a href="#[21]">AES_Handler</a> from startup_xinc.o(.text) referenced from startup_xinc.o(RESET)
 <LI><a href="#[e]">BLE_Handler</a> from startup_xinc.o(.text) referenced from startup_xinc.o(RESET)
 <LI><a href="#[8]">BusFault_Handler</a> from startup_xinc.o(.text) referenced from startup_xinc.o(RESET)
 <LI><a href="#[10]">CPR_Handler</a> from startup_xinc.o(.text) referenced from startup_xinc.o(RESET)
 <LI><a href="#[f]">DMAS_Handler</a> from startup_xinc.o(.text) referenced from startup_xinc.o(RESET)
 <LI><a href="#[b]">DebugMon_Handler</a> from startup_xinc.o(.text) referenced from startup_xinc.o(RESET)
 <LI><a href="#[1f]">GADC_Handler</a> from startup_xinc.o(.text) referenced from startup_xinc.o(RESET)
 <LI><a href="#[11]">GPIO_Handler</a> from bsp_gpio.o(i.GPIO_Handler) referenced from startup_xinc.o(RESET)
 <LI><a href="#[6]">HardFault_Handler</a> from startup_xinc.o(.text) referenced from startup_xinc.o(RESET)
 <LI><a href="#[18]">I2C_Handler</a> from bsp_i2c_slave.o(i.I2C_Handler) referenced from startup_xinc.o(RESET)
 <LI><a href="#[1d]">KBS_Handler</a> from startup_xinc.o(.text) referenced from startup_xinc.o(RESET)
 <LI><a href="#[7]">MemManage_Handler</a> from startup_xinc.o(.text) referenced from startup_xinc.o(RESET)
 <LI><a href="#[5]">NMI_Handler</a> from startup_xinc.o(.text) referenced from startup_xinc.o(RESET)
 <LI><a href="#[c]">PendSV_Handler</a> from startup_xinc.o(.text) referenced from startup_xinc.o(RESET)
 <LI><a href="#[1e]">QDEC_Handler</a> from startup_xinc.o(.text) referenced from startup_xinc.o(RESET)
 <LI><a href="#[12]">RTC_Handler</a> from startup_xinc.o(.text) referenced from startup_xinc.o(RESET)
 <LI><a href="#[4]">Reset_Handler</a> from startup_xinc.o(.text) referenced from startup_xinc.o(RESET)
 <LI><a href="#[20]">SIM_Handler</a> from startup_xinc.o(.text) referenced from startup_xinc.o(RESET)
 <LI><a href="#[1b]">SPI0_Handler</a> from startup_xinc.o(.text) referenced from startup_xinc.o(RESET)
 <LI><a href="#[1c]">SPI1_Handler</a> from startup_xinc.o(.text) referenced from startup_xinc.o(RESET)
 <LI><a href="#[a]">SVC_Handler</a> from startup_xinc.o(.text) referenced from startup_xinc.o(RESET)
 <LI><a href="#[d]">SysTick_Handler</a> from startup_xinc.o(.text) referenced from startup_xinc.o(RESET)
 <LI><a href="#[22]">SystemInit</a> from system_xinc.o(i.SystemInit) referenced from startup_xinc.o(.text)
 <LI><a href="#[13]">TIMER0_Handler</a> from startup_xinc.o(.text) referenced from startup_xinc.o(RESET)
 <LI><a href="#[14]">TIMER1_Handler</a> from startup_xinc.o(.text) referenced from startup_xinc.o(RESET)
 <LI><a href="#[15]">TIMER2_Handler</a> from startup_xinc.o(.text) referenced from startup_xinc.o(RESET)
 <LI><a href="#[16]">TIMER3_Handler</a> from startup_xinc.o(.text) referenced from startup_xinc.o(RESET)
 <LI><a href="#[19]">UART0_Handler</a> from bsp_uart.o(i.UART0_Handler) referenced from startup_xinc.o(RESET)
 <LI><a href="#[1a]">UART1_Handler</a> from bsp_uart.o(i.UART1_Handler) referenced from startup_xinc.o(RESET)
 <LI><a href="#[9]">UsageFault_Handler</a> from startup_xinc.o(.text) referenced from startup_xinc.o(RESET)
 <LI><a href="#[17]">WDT_Handler</a> from startup_xinc.o(.text) referenced from startup_xinc.o(RESET)
 <LI><a href="#[27]">_DigitalRead</a> from infrared.o(i._DigitalRead) referenced from infrared.o(.data)
 <LI><a href="#[26]">_Infrared_io_init</a> from infrared.o(i._Infrared_io_init) referenced from infrared.o(.data)
 <LI><a href="#[28]">_Infrared_state</a> from infrared.o(i._Infrared_state) referenced from infrared.o(.data)
 <LI><a href="#[29]">__main</a> from __main.o(!!!main) referenced from startup_xinc.o(.text)
 <LI><a href="#[25]">_printf_input_char</a> from _printf_char_common.o(.text) referenced from _printf_char_common.o(.text)
 <LI><a href="#[24]">fputc</a> from bsp_retarget.o(i.fputc) referenced from _printf_char_file.o(.text)
</UL>
<P>
<H3>
Global Symbols
</H3>
<P><STRONG><a name="[29]"></a>__main</STRONG> (Thumb, 8 bytes, Stack size 0 bytes, __main.o(!!!main))
<BR><BR>[Calls]<UL><LI><a href="#[2b]">&gt;&gt;</a>&nbsp;&nbsp;&nbsp;__rt_entry
<LI><a href="#[2a]">&gt;&gt;</a>&nbsp;&nbsp;&nbsp;__scatterload
</UL>

<P><STRONG><a name="[2a]"></a>__scatterload</STRONG> (Thumb, 0 bytes, Stack size unknown bytes, __scatter.o(!!!scatter))
<BR><BR>[Called By]<UL><LI><a href="#[29]">&gt;&gt;</a>&nbsp;&nbsp;&nbsp;__main
</UL>

<P><STRONG><a name="[2c]"></a>__scatterload_rt2</STRONG> (Thumb, 52 bytes, Stack size unknown bytes, __scatter.o(!!!scatter), UNUSED)
<BR><BR>[Calls]<UL><LI><a href="#[2b]">&gt;&gt;</a>&nbsp;&nbsp;&nbsp;__rt_entry
</UL>

<P><STRONG><a name="[63]"></a>__scatterload_rt2_thumb_only</STRONG> (Thumb, 0 bytes, Stack size unknown bytes, __scatter.o(!!!scatter), UNUSED)

<P><STRONG><a name="[64]"></a>__scatterload_null</STRONG> (Thumb, 0 bytes, Stack size unknown bytes, __scatter.o(!!!scatter), UNUSED)

<P><STRONG><a name="[2d]"></a>__scatterload_copy</STRONG> (Thumb, 26 bytes, Stack size unknown bytes, __scatter_copy.o(!!handler_copy), UNUSED)
<BR><BR>[Calls]<UL><LI><a href="#[2d]">&gt;&gt;</a>&nbsp;&nbsp;&nbsp;__scatterload_copy
</UL>
<BR>[Called By]<UL><LI><a href="#[2d]">&gt;&gt;</a>&nbsp;&nbsp;&nbsp;__scatterload_copy
</UL>

<P><STRONG><a name="[65]"></a>__scatterload_zeroinit</STRONG> (Thumb, 28 bytes, Stack size unknown bytes, __scatter_zi.o(!!handler_zi), UNUSED)

<P><STRONG><a name="[4a]"></a>_printf_percent</STRONG> (Thumb, 0 bytes, Stack size unknown bytes, _printf_percent.o(.ARM.Collect$$_printf_percent$$00000000))
<BR><BR>[Called By]<UL><LI><a href="#[49]">&gt;&gt;</a>&nbsp;&nbsp;&nbsp;__printf
</UL>

<P><STRONG><a name="[2e]"></a>_printf_d</STRONG> (Thumb, 0 bytes, Stack size unknown bytes, _printf_d.o(.ARM.Collect$$_printf_percent$$00000009))
<BR><BR>[Stack]<UL><LI>Max Depth = 72 + Unknown Stack Size
<LI>Call Chain = _printf_d &rArr; _printf_int_dec &rArr; _printf_int_common
</UL>
<BR>[Calls]<UL><LI><a href="#[2f]">&gt;&gt;</a>&nbsp;&nbsp;&nbsp;_printf_x
<LI><a href="#[30]">&gt;&gt;</a>&nbsp;&nbsp;&nbsp;_printf_int_dec
</UL>

<P><STRONG><a name="[2f]"></a>_printf_x</STRONG> (Thumb, 0 bytes, Stack size unknown bytes, _printf_x.o(.ARM.Collect$$_printf_percent$$0000000C))
<BR><BR>[Stack]<UL><LI>Max Depth = 56 + Unknown Stack Size
<LI>Call Chain = _printf_x &rArr; _printf_int_hex &rArr; _printf_int_common
</UL>
<BR>[Calls]<UL><LI><a href="#[31]">&gt;&gt;</a>&nbsp;&nbsp;&nbsp;_printf_s
<LI><a href="#[32]">&gt;&gt;</a>&nbsp;&nbsp;&nbsp;_printf_int_hex
</UL>
<BR>[Called By]<UL><LI><a href="#[2e]">&gt;&gt;</a>&nbsp;&nbsp;&nbsp;_printf_d
</UL>

<P><STRONG><a name="[31]"></a>_printf_s</STRONG> (Thumb, 0 bytes, Stack size unknown bytes, _printf_s.o(.ARM.Collect$$_printf_percent$$00000014))
<BR><BR>[Stack]<UL><LI>Max Depth = 24 + Unknown Stack Size
<LI>Call Chain = _printf_s &rArr; _printf_string &rArr; _printf_cs_common &rArr; _printf_str
</UL>
<BR>[Calls]<UL><LI><a href="#[33]">&gt;&gt;</a>&nbsp;&nbsp;&nbsp;_printf_percent_end
<LI><a href="#[34]">&gt;&gt;</a>&nbsp;&nbsp;&nbsp;_printf_string
</UL>
<BR>[Called By]<UL><LI><a href="#[2f]">&gt;&gt;</a>&nbsp;&nbsp;&nbsp;_printf_x
</UL>

<P><STRONG><a name="[33]"></a>_printf_percent_end</STRONG> (Thumb, 0 bytes, Stack size unknown bytes, _printf_percent_end.o(.ARM.Collect$$_printf_percent$$00000017))
<BR><BR>[Called By]<UL><LI><a href="#[31]">&gt;&gt;</a>&nbsp;&nbsp;&nbsp;_printf_s
</UL>

<P><STRONG><a name="[38]"></a>__rt_lib_init</STRONG> (Thumb, 0 bytes, Stack size unknown bytes, libinit.o(.ARM.Collect$$libinit$$00000000))
<BR><BR>[Called By]<UL><LI><a href="#[37]">&gt;&gt;</a>&nbsp;&nbsp;&nbsp;__rt_entry_li
</UL>

<P><STRONG><a name="[66]"></a>__rt_lib_init_alloca_1</STRONG> (Thumb, 0 bytes, Stack size unknown bytes, libinit2.o(.ARM.Collect$$libinit$$0000002E))

<P><STRONG><a name="[67]"></a>__rt_lib_init_argv_1</STRONG> (Thumb, 0 bytes, Stack size unknown bytes, libinit2.o(.ARM.Collect$$libinit$$0000002C))

<P><STRONG><a name="[68]"></a>__rt_lib_init_atexit_1</STRONG> (Thumb, 0 bytes, Stack size unknown bytes, libinit2.o(.ARM.Collect$$libinit$$0000001B))

<P><STRONG><a name="[69]"></a>__rt_lib_init_clock_1</STRONG> (Thumb, 0 bytes, Stack size unknown bytes, libinit2.o(.ARM.Collect$$libinit$$00000021))

<P><STRONG><a name="[6a]"></a>__rt_lib_init_cpp_1</STRONG> (Thumb, 0 bytes, Stack size unknown bytes, libinit2.o(.ARM.Collect$$libinit$$00000032))

<P><STRONG><a name="[6b]"></a>__rt_lib_init_exceptions_1</STRONG> (Thumb, 0 bytes, Stack size unknown bytes, libinit2.o(.ARM.Collect$$libinit$$00000030))

<P><STRONG><a name="[6c]"></a>__rt_lib_init_fp_1</STRONG> (Thumb, 0 bytes, Stack size unknown bytes, libinit2.o(.ARM.Collect$$libinit$$00000002))

<P><STRONG><a name="[6d]"></a>__rt_lib_init_fp_trap_1</STRONG> (Thumb, 0 bytes, Stack size unknown bytes, libinit2.o(.ARM.Collect$$libinit$$0000001F))

<P><STRONG><a name="[6e]"></a>__rt_lib_init_getenv_1</STRONG> (Thumb, 0 bytes, Stack size unknown bytes, libinit2.o(.ARM.Collect$$libinit$$00000023))

<P><STRONG><a name="[6f]"></a>__rt_lib_init_heap_1</STRONG> (Thumb, 0 bytes, Stack size unknown bytes, libinit2.o(.ARM.Collect$$libinit$$0000000A))

<P><STRONG><a name="[70]"></a>__rt_lib_init_lc_collate_1</STRONG> (Thumb, 0 bytes, Stack size unknown bytes, libinit2.o(.ARM.Collect$$libinit$$00000011))

<P><STRONG><a name="[71]"></a>__rt_lib_init_lc_ctype_1</STRONG> (Thumb, 0 bytes, Stack size unknown bytes, libinit2.o(.ARM.Collect$$libinit$$00000013))

<P><STRONG><a name="[72]"></a>__rt_lib_init_lc_monetary_1</STRONG> (Thumb, 0 bytes, Stack size unknown bytes, libinit2.o(.ARM.Collect$$libinit$$00000015))

<P><STRONG><a name="[73]"></a>__rt_lib_init_lc_numeric_1</STRONG> (Thumb, 0 bytes, Stack size unknown bytes, libinit2.o(.ARM.Collect$$libinit$$00000017))

<P><STRONG><a name="[74]"></a>__rt_lib_init_lc_time_1</STRONG> (Thumb, 0 bytes, Stack size unknown bytes, libinit2.o(.ARM.Collect$$libinit$$00000019))

<P><STRONG><a name="[75]"></a>__rt_lib_init_preinit_1</STRONG> (Thumb, 0 bytes, Stack size unknown bytes, libinit2.o(.ARM.Collect$$libinit$$00000004))

<P><STRONG><a name="[76]"></a>__rt_lib_init_rand_1</STRONG> (Thumb, 0 bytes, Stack size unknown bytes, libinit2.o(.ARM.Collect$$libinit$$0000000E))

<P><STRONG><a name="[77]"></a>__rt_lib_init_return</STRONG> (Thumb, 0 bytes, Stack size unknown bytes, libinit2.o(.ARM.Collect$$libinit$$00000033))

<P><STRONG><a name="[78]"></a>__rt_lib_init_signal_1</STRONG> (Thumb, 0 bytes, Stack size unknown bytes, libinit2.o(.ARM.Collect$$libinit$$0000001D))

<P><STRONG><a name="[79]"></a>__rt_lib_init_stdio_1</STRONG> (Thumb, 0 bytes, Stack size unknown bytes, libinit2.o(.ARM.Collect$$libinit$$00000025))

<P><STRONG><a name="[7a]"></a>__rt_lib_init_user_alloc_1</STRONG> (Thumb, 0 bytes, Stack size unknown bytes, libinit2.o(.ARM.Collect$$libinit$$0000000C))

<P><STRONG><a name="[3d]"></a>__rt_lib_shutdown</STRONG> (Thumb, 0 bytes, Stack size unknown bytes, libshutdown.o(.ARM.Collect$$libshutdown$$00000000))
<BR><BR>[Called By]<UL><LI><a href="#[3c]">&gt;&gt;</a>&nbsp;&nbsp;&nbsp;__rt_exit_ls
</UL>

<P><STRONG><a name="[7b]"></a>__rt_lib_shutdown_cpp_1</STRONG> (Thumb, 0 bytes, Stack size unknown bytes, libshutdown2.o(.ARM.Collect$$libshutdown$$00000002))

<P><STRONG><a name="[7c]"></a>__rt_lib_shutdown_fp_trap_1</STRONG> (Thumb, 0 bytes, Stack size unknown bytes, libshutdown2.o(.ARM.Collect$$libshutdown$$00000007))

<P><STRONG><a name="[7d]"></a>__rt_lib_shutdown_heap_1</STRONG> (Thumb, 0 bytes, Stack size unknown bytes, libshutdown2.o(.ARM.Collect$$libshutdown$$0000000F))

<P><STRONG><a name="[7e]"></a>__rt_lib_shutdown_return</STRONG> (Thumb, 0 bytes, Stack size unknown bytes, libshutdown2.o(.ARM.Collect$$libshutdown$$00000010))

<P><STRONG><a name="[7f]"></a>__rt_lib_shutdown_signal_1</STRONG> (Thumb, 0 bytes, Stack size unknown bytes, libshutdown2.o(.ARM.Collect$$libshutdown$$0000000A))

<P><STRONG><a name="[80]"></a>__rt_lib_shutdown_stdio_1</STRONG> (Thumb, 0 bytes, Stack size unknown bytes, libshutdown2.o(.ARM.Collect$$libshutdown$$00000004))

<P><STRONG><a name="[81]"></a>__rt_lib_shutdown_user_alloc_1</STRONG> (Thumb, 0 bytes, Stack size unknown bytes, libshutdown2.o(.ARM.Collect$$libshutdown$$0000000C))

<P><STRONG><a name="[2b]"></a>__rt_entry</STRONG> (Thumb, 0 bytes, Stack size unknown bytes, __rtentry.o(.ARM.Collect$$rtentry$$00000000))
<BR><BR>[Called By]<UL><LI><a href="#[29]">&gt;&gt;</a>&nbsp;&nbsp;&nbsp;__main
<LI><a href="#[2c]">&gt;&gt;</a>&nbsp;&nbsp;&nbsp;__scatterload_rt2
</UL>

<P><STRONG><a name="[82]"></a>__rt_entry_presh_1</STRONG> (Thumb, 0 bytes, Stack size unknown bytes, __rtentry2.o(.ARM.Collect$$rtentry$$00000002))

<P><STRONG><a name="[35]"></a>__rt_entry_sh</STRONG> (Thumb, 0 bytes, Stack size unknown bytes, __rtentry4.o(.ARM.Collect$$rtentry$$00000004))
<BR><BR>[Stack]<UL><LI>Max Depth = 8 + Unknown Stack Size
<LI>Call Chain = __rt_entry_sh &rArr; __user_setup_stackheap
</UL>
<BR>[Calls]<UL><LI><a href="#[36]">&gt;&gt;</a>&nbsp;&nbsp;&nbsp;__user_setup_stackheap
</UL>

<P><STRONG><a name="[37]"></a>__rt_entry_li</STRONG> (Thumb, 0 bytes, Stack size unknown bytes, __rtentry2.o(.ARM.Collect$$rtentry$$0000000A))
<BR><BR>[Calls]<UL><LI><a href="#[38]">&gt;&gt;</a>&nbsp;&nbsp;&nbsp;__rt_lib_init
</UL>

<P><STRONG><a name="[83]"></a>__rt_entry_postsh_1</STRONG> (Thumb, 0 bytes, Stack size unknown bytes, __rtentry2.o(.ARM.Collect$$rtentry$$00000009))

<P><STRONG><a name="[39]"></a>__rt_entry_main</STRONG> (Thumb, 0 bytes, Stack size unknown bytes, __rtentry2.o(.ARM.Collect$$rtentry$$0000000D))
<BR><BR>[Stack]<UL><LI>Max Depth = 144 + Unknown Stack Size
<LI>Call Chain = __rt_entry_main &rArr; main &rArr; DigitalRead &rArr; __2printf &rArr; _printf_char_file &rArr; _printf_char_common &rArr; __printf
</UL>
<BR>[Calls]<UL><LI><a href="#[3b]">&gt;&gt;</a>&nbsp;&nbsp;&nbsp;exit
<LI><a href="#[3a]">&gt;&gt;</a>&nbsp;&nbsp;&nbsp;main
</UL>

<P><STRONG><a name="[84]"></a>__rt_entry_postli_1</STRONG> (Thumb, 0 bytes, Stack size unknown bytes, __rtentry2.o(.ARM.Collect$$rtentry$$0000000C))

<P><STRONG><a name="[53]"></a>__rt_exit</STRONG> (Thumb, 0 bytes, Stack size unknown bytes, rtexit.o(.ARM.Collect$$rtexit$$00000000))
<BR><BR>[Called By]<UL><LI><a href="#[3b]">&gt;&gt;</a>&nbsp;&nbsp;&nbsp;exit
</UL>

<P><STRONG><a name="[3c]"></a>__rt_exit_ls</STRONG> (Thumb, 0 bytes, Stack size unknown bytes, rtexit2.o(.ARM.Collect$$rtexit$$00000003))
<BR><BR>[Calls]<UL><LI><a href="#[3d]">&gt;&gt;</a>&nbsp;&nbsp;&nbsp;__rt_lib_shutdown
</UL>

<P><STRONG><a name="[85]"></a>__rt_exit_prels_1</STRONG> (Thumb, 0 bytes, Stack size unknown bytes, rtexit2.o(.ARM.Collect$$rtexit$$00000002))

<P><STRONG><a name="[3e]"></a>__rt_exit_exit</STRONG> (Thumb, 0 bytes, Stack size unknown bytes, rtexit2.o(.ARM.Collect$$rtexit$$00000004))
<BR><BR>[Calls]<UL><LI><a href="#[3f]">&gt;&gt;</a>&nbsp;&nbsp;&nbsp;_sys_exit
</UL>

<P><STRONG><a name="[4]"></a>Reset_Handler</STRONG> (Thumb, 14 bytes, Stack size 0 bytes, startup_xinc.o(.text))
<BR>[Address Reference Count : 1]<UL><LI> startup_xinc.o(RESET)
</UL>
<P><STRONG><a name="[5]"></a>NMI_Handler</STRONG> (Thumb, 2 bytes, Stack size 0 bytes, startup_xinc.o(.text))
<BR><BR>[Calls]<UL><LI><a href="#[5]">&gt;&gt;</a>&nbsp;&nbsp;&nbsp;NMI_Handler
</UL>
<BR>[Called By]<UL><LI><a href="#[5]">&gt;&gt;</a>&nbsp;&nbsp;&nbsp;NMI_Handler
</UL>
<BR>[Address Reference Count : 1]<UL><LI> startup_xinc.o(RESET)
</UL>
<P><STRONG><a name="[6]"></a>HardFault_Handler</STRONG> (Thumb, 2 bytes, Stack size 0 bytes, startup_xinc.o(.text))
<BR><BR>[Calls]<UL><LI><a href="#[6]">&gt;&gt;</a>&nbsp;&nbsp;&nbsp;HardFault_Handler
</UL>
<BR>[Called By]<UL><LI><a href="#[6]">&gt;&gt;</a>&nbsp;&nbsp;&nbsp;HardFault_Handler
</UL>
<BR>[Address Reference Count : 1]<UL><LI> startup_xinc.o(RESET)
</UL>
<P><STRONG><a name="[7]"></a>MemManage_Handler</STRONG> (Thumb, 2 bytes, Stack size 0 bytes, startup_xinc.o(.text))
<BR><BR>[Calls]<UL><LI><a href="#[7]">&gt;&gt;</a>&nbsp;&nbsp;&nbsp;MemManage_Handler
</UL>
<BR>[Called By]<UL><LI><a href="#[7]">&gt;&gt;</a>&nbsp;&nbsp;&nbsp;MemManage_Handler
</UL>
<BR>[Address Reference Count : 1]<UL><LI> startup_xinc.o(RESET)
</UL>
<P><STRONG><a name="[8]"></a>BusFault_Handler</STRONG> (Thumb, 2 bytes, Stack size 0 bytes, startup_xinc.o(.text))
<BR><BR>[Calls]<UL><LI><a href="#[8]">&gt;&gt;</a>&nbsp;&nbsp;&nbsp;BusFault_Handler
</UL>
<BR>[Called By]<UL><LI><a href="#[8]">&gt;&gt;</a>&nbsp;&nbsp;&nbsp;BusFault_Handler
</UL>
<BR>[Address Reference Count : 1]<UL><LI> startup_xinc.o(RESET)
</UL>
<P><STRONG><a name="[9]"></a>UsageFault_Handler</STRONG> (Thumb, 2 bytes, Stack size 0 bytes, startup_xinc.o(.text))
<BR><BR>[Calls]<UL><LI><a href="#[9]">&gt;&gt;</a>&nbsp;&nbsp;&nbsp;UsageFault_Handler
</UL>
<BR>[Called By]<UL><LI><a href="#[9]">&gt;&gt;</a>&nbsp;&nbsp;&nbsp;UsageFault_Handler
</UL>
<BR>[Address Reference Count : 1]<UL><LI> startup_xinc.o(RESET)
</UL>
<P><STRONG><a name="[a]"></a>SVC_Handler</STRONG> (Thumb, 2 bytes, Stack size 0 bytes, startup_xinc.o(.text))
<BR><BR>[Calls]<UL><LI><a href="#[a]">&gt;&gt;</a>&nbsp;&nbsp;&nbsp;SVC_Handler
</UL>
<BR>[Called By]<UL><LI><a href="#[a]">&gt;&gt;</a>&nbsp;&nbsp;&nbsp;SVC_Handler
</UL>
<BR>[Address Reference Count : 1]<UL><LI> startup_xinc.o(RESET)
</UL>
<P><STRONG><a name="[b]"></a>DebugMon_Handler</STRONG> (Thumb, 2 bytes, Stack size 0 bytes, startup_xinc.o(.text))
<BR><BR>[Calls]<UL><LI><a href="#[b]">&gt;&gt;</a>&nbsp;&nbsp;&nbsp;DebugMon_Handler
</UL>
<BR>[Called By]<UL><LI><a href="#[b]">&gt;&gt;</a>&nbsp;&nbsp;&nbsp;DebugMon_Handler
</UL>
<BR>[Address Reference Count : 1]<UL><LI> startup_xinc.o(RESET)
</UL>
<P><STRONG><a name="[21]"></a>AES_Handler</STRONG> (Thumb, 0 bytes, Stack size 0 bytes, startup_xinc.o(.text))
<BR><BR>[Calls]<UL><LI><a href="#[21]">&gt;&gt;</a>&nbsp;&nbsp;&nbsp;AES_Handler
</UL>
<BR>[Called By]<UL><LI><a href="#[21]">&gt;&gt;</a>&nbsp;&nbsp;&nbsp;AES_Handler
</UL>
<BR>[Address Reference Count : 1]<UL><LI> startup_xinc.o(RESET)
</UL>
<P><STRONG><a name="[e]"></a>BLE_Handler</STRONG> (Thumb, 0 bytes, Stack size 0 bytes, startup_xinc.o(.text))
<BR>[Address Reference Count : 1]<UL><LI> startup_xinc.o(RESET)
</UL>
<P><STRONG><a name="[10]"></a>CPR_Handler</STRONG> (Thumb, 0 bytes, Stack size 0 bytes, startup_xinc.o(.text))
<BR>[Address Reference Count : 1]<UL><LI> startup_xinc.o(RESET)
</UL>
<P><STRONG><a name="[f]"></a>DMAS_Handler</STRONG> (Thumb, 0 bytes, Stack size 0 bytes, startup_xinc.o(.text))
<BR>[Address Reference Count : 1]<UL><LI> startup_xinc.o(RESET)
</UL>
<P><STRONG><a name="[1f]"></a>GADC_Handler</STRONG> (Thumb, 0 bytes, Stack size 0 bytes, startup_xinc.o(.text))
<BR>[Address Reference Count : 1]<UL><LI> startup_xinc.o(RESET)
</UL>
<P><STRONG><a name="[1d]"></a>KBS_Handler</STRONG> (Thumb, 0 bytes, Stack size 0 bytes, startup_xinc.o(.text))
<BR>[Address Reference Count : 1]<UL><LI> startup_xinc.o(RESET)
</UL>
<P><STRONG><a name="[c]"></a>PendSV_Handler</STRONG> (Thumb, 0 bytes, Stack size 0 bytes, startup_xinc.o(.text))
<BR>[Address Reference Count : 1]<UL><LI> startup_xinc.o(RESET)
</UL>
<P><STRONG><a name="[1e]"></a>QDEC_Handler</STRONG> (Thumb, 0 bytes, Stack size 0 bytes, startup_xinc.o(.text))
<BR>[Address Reference Count : 1]<UL><LI> startup_xinc.o(RESET)
</UL>
<P><STRONG><a name="[12]"></a>RTC_Handler</STRONG> (Thumb, 0 bytes, Stack size 0 bytes, startup_xinc.o(.text))
<BR>[Address Reference Count : 1]<UL><LI> startup_xinc.o(RESET)
</UL>
<P><STRONG><a name="[20]"></a>SIM_Handler</STRONG> (Thumb, 0 bytes, Stack size 0 bytes, startup_xinc.o(.text))
<BR>[Address Reference Count : 1]<UL><LI> startup_xinc.o(RESET)
</UL>
<P><STRONG><a name="[1b]"></a>SPI0_Handler</STRONG> (Thumb, 0 bytes, Stack size 0 bytes, startup_xinc.o(.text))
<BR>[Address Reference Count : 1]<UL><LI> startup_xinc.o(RESET)
</UL>
<P><STRONG><a name="[1c]"></a>SPI1_Handler</STRONG> (Thumb, 0 bytes, Stack size 0 bytes, startup_xinc.o(.text))
<BR>[Address Reference Count : 1]<UL><LI> startup_xinc.o(RESET)
</UL>
<P><STRONG><a name="[d]"></a>SysTick_Handler</STRONG> (Thumb, 0 bytes, Stack size 0 bytes, startup_xinc.o(.text))
<BR>[Address Reference Count : 1]<UL><LI> startup_xinc.o(RESET)
</UL>
<P><STRONG><a name="[13]"></a>TIMER0_Handler</STRONG> (Thumb, 0 bytes, Stack size 0 bytes, startup_xinc.o(.text))
<BR>[Address Reference Count : 1]<UL><LI> startup_xinc.o(RESET)
</UL>
<P><STRONG><a name="[14]"></a>TIMER1_Handler</STRONG> (Thumb, 0 bytes, Stack size 0 bytes, startup_xinc.o(.text))
<BR>[Address Reference Count : 1]<UL><LI> startup_xinc.o(RESET)
</UL>
<P><STRONG><a name="[15]"></a>TIMER2_Handler</STRONG> (Thumb, 0 bytes, Stack size 0 bytes, startup_xinc.o(.text))
<BR>[Address Reference Count : 1]<UL><LI> startup_xinc.o(RESET)
</UL>
<P><STRONG><a name="[16]"></a>TIMER3_Handler</STRONG> (Thumb, 0 bytes, Stack size 0 bytes, startup_xinc.o(.text))
<BR>[Address Reference Count : 1]<UL><LI> startup_xinc.o(RESET)
</UL>
<P><STRONG><a name="[17]"></a>WDT_Handler</STRONG> (Thumb, 0 bytes, Stack size 0 bytes, startup_xinc.o(.text))
<BR>[Address Reference Count : 1]<UL><LI> startup_xinc.o(RESET)
</UL>
<P><STRONG><a name="[51]"></a>__user_initial_stackheap</STRONG> (Thumb, 0 bytes, Stack size unknown bytes, startup_xinc.o(.text))
<BR><BR>[Called By]<UL><LI><a href="#[36]">&gt;&gt;</a>&nbsp;&nbsp;&nbsp;__user_setup_stackheap
</UL>

<P><STRONG><a name="[86]"></a>__I$use$semihosting</STRONG> (Thumb, 0 bytes, Stack size 0 bytes, use_no_semi.o(.text), UNUSED)

<P><STRONG><a name="[87]"></a>__use_no_semihosting_swi</STRONG> (Thumb, 2 bytes, Stack size 0 bytes, use_no_semi.o(.text), UNUSED)

<P><STRONG><a name="[40]"></a>__2printf</STRONG> (Thumb, 22 bytes, Stack size 24 bytes, noretval__2printf.o(.text))
<BR><BR>[Stack]<UL><LI>Max Depth = 128 + Unknown Stack Size
<LI>Call Chain = __2printf &rArr; _printf_char_file &rArr; _printf_char_common &rArr; __printf
</UL>
<BR>[Calls]<UL><LI><a href="#[41]">&gt;&gt;</a>&nbsp;&nbsp;&nbsp;_printf_char_file
</UL>
<BR>[Called By]<UL><LI><a href="#[54]">&gt;&gt;</a>&nbsp;&nbsp;&nbsp;DigitalRead
<LI><a href="#[11]">&gt;&gt;</a>&nbsp;&nbsp;&nbsp;GPIO_Handler
<LI><a href="#[57]">&gt;&gt;</a>&nbsp;&nbsp;&nbsp;retarget_init
</UL>

<P><STRONG><a name="[42]"></a>_printf_str</STRONG> (Thumb, 82 bytes, Stack size 16 bytes, _printf_str.o(.text))
<BR><BR>[Stack]<UL><LI>Max Depth = 16<LI>Call Chain = _printf_str
</UL>
<BR>[Calls]<UL><LI><a href="#[43]">&gt;&gt;</a>&nbsp;&nbsp;&nbsp;_printf_pre_padding (Weak Reference)
<LI><a href="#[44]">&gt;&gt;</a>&nbsp;&nbsp;&nbsp;_printf_post_padding (Weak Reference)
</UL>
<BR>[Called By]<UL><LI><a href="#[4b]">&gt;&gt;</a>&nbsp;&nbsp;&nbsp;_printf_cs_common
</UL>

<P><STRONG><a name="[30]"></a>_printf_int_dec</STRONG> (Thumb, 90 bytes, Stack size 32 bytes, _printf_dec.o(.text))
<BR><BR>[Stack]<UL><LI>Max Depth = 72<LI>Call Chain = _printf_int_dec &rArr; _printf_int_common
</UL>
<BR>[Calls]<UL><LI><a href="#[47]">&gt;&gt;</a>&nbsp;&nbsp;&nbsp;__rt_udiv10
<LI><a href="#[48]">&gt;&gt;</a>&nbsp;&nbsp;&nbsp;_printf_int_common
<LI><a href="#[46]">&gt;&gt;</a>&nbsp;&nbsp;&nbsp;_printf_truncate_unsigned (Weak Reference)
<LI><a href="#[45]">&gt;&gt;</a>&nbsp;&nbsp;&nbsp;_printf_truncate_signed (Weak Reference)
</UL>
<BR>[Called By]<UL><LI><a href="#[2e]">&gt;&gt;</a>&nbsp;&nbsp;&nbsp;_printf_d
</UL>

<P><STRONG><a name="[32]"></a>_printf_int_hex</STRONG> (Thumb, 84 bytes, Stack size 16 bytes, _printf_hex_int.o(.text))
<BR><BR>[Stack]<UL><LI>Max Depth = 56<LI>Call Chain = _printf_int_hex &rArr; _printf_int_common
</UL>
<BR>[Calls]<UL><LI><a href="#[48]">&gt;&gt;</a>&nbsp;&nbsp;&nbsp;_printf_int_common
<LI><a href="#[46]">&gt;&gt;</a>&nbsp;&nbsp;&nbsp;_printf_truncate_unsigned (Weak Reference)
</UL>
<BR>[Called By]<UL><LI><a href="#[2f]">&gt;&gt;</a>&nbsp;&nbsp;&nbsp;_printf_x
</UL>

<P><STRONG><a name="[88]"></a>_printf_longlong_hex</STRONG> (Thumb, 0 bytes, Stack size 16 bytes, _printf_hex_int.o(.text), UNUSED)

<P><STRONG><a name="[49]"></a>__printf</STRONG> (Thumb, 146 bytes, Stack size 24 bytes, __printf_flags.o(.text))
<BR><BR>[Stack]<UL><LI>Max Depth = 24 + Unknown Stack Size
<LI>Call Chain = __printf
</UL>
<BR>[Calls]<UL><LI><a href="#[4a]">&gt;&gt;</a>&nbsp;&nbsp;&nbsp;_printf_percent
</UL>
<BR>[Called By]<UL><LI><a href="#[4e]">&gt;&gt;</a>&nbsp;&nbsp;&nbsp;_printf_char_common
</UL>

<P><STRONG><a name="[89]"></a>__use_two_region_memory</STRONG> (Thumb, 2 bytes, Stack size 0 bytes, heapauxi.o(.text), UNUSED)

<P><STRONG><a name="[8a]"></a>__rt_heap_escrow$2region</STRONG> (Thumb, 2 bytes, Stack size 0 bytes, heapauxi.o(.text), UNUSED)

<P><STRONG><a name="[8b]"></a>__rt_heap_expand$2region</STRONG> (Thumb, 2 bytes, Stack size 0 bytes, heapauxi.o(.text), UNUSED)

<P><STRONG><a name="[48]"></a>_printf_int_common</STRONG> (Thumb, 176 bytes, Stack size 40 bytes, _printf_intcommon.o(.text))
<BR><BR>[Stack]<UL><LI>Max Depth = 40<LI>Call Chain = _printf_int_common
</UL>
<BR>[Calls]<UL><LI><a href="#[43]">&gt;&gt;</a>&nbsp;&nbsp;&nbsp;_printf_pre_padding (Weak Reference)
<LI><a href="#[44]">&gt;&gt;</a>&nbsp;&nbsp;&nbsp;_printf_post_padding (Weak Reference)
</UL>
<BR>[Called By]<UL><LI><a href="#[32]">&gt;&gt;</a>&nbsp;&nbsp;&nbsp;_printf_int_hex
<LI><a href="#[30]">&gt;&gt;</a>&nbsp;&nbsp;&nbsp;_printf_int_dec
</UL>

<P><STRONG><a name="[4b]"></a>_printf_cs_common</STRONG> (Thumb, 22 bytes, Stack size 8 bytes, _printf_char.o(.text))
<BR><BR>[Stack]<UL><LI>Max Depth = 24<LI>Call Chain = _printf_cs_common &rArr; _printf_str
</UL>
<BR>[Calls]<UL><LI><a href="#[4c]">&gt;&gt;</a>&nbsp;&nbsp;&nbsp;_printf_mbtowc (Weak Reference)
<LI><a href="#[42]">&gt;&gt;</a>&nbsp;&nbsp;&nbsp;_printf_str
</UL>
<BR>[Called By]<UL><LI><a href="#[34]">&gt;&gt;</a>&nbsp;&nbsp;&nbsp;_printf_string
<LI><a href="#[4d]">&gt;&gt;</a>&nbsp;&nbsp;&nbsp;_printf_char
</UL>

<P><STRONG><a name="[4d]"></a>_printf_char</STRONG> (Thumb, 16 bytes, Stack size 0 bytes, _printf_char.o(.text), UNUSED)
<BR><BR>[Calls]<UL><LI><a href="#[4b]">&gt;&gt;</a>&nbsp;&nbsp;&nbsp;_printf_cs_common
</UL>

<P><STRONG><a name="[34]"></a>_printf_string</STRONG> (Thumb, 8 bytes, Stack size 0 bytes, _printf_char.o(.text))
<BR><BR>[Stack]<UL><LI>Max Depth = 24<LI>Call Chain = _printf_string &rArr; _printf_cs_common &rArr; _printf_str
</UL>
<BR>[Calls]<UL><LI><a href="#[4b]">&gt;&gt;</a>&nbsp;&nbsp;&nbsp;_printf_cs_common
</UL>
<BR>[Called By]<UL><LI><a href="#[31]">&gt;&gt;</a>&nbsp;&nbsp;&nbsp;_printf_s
</UL>

<P><STRONG><a name="[41]"></a>_printf_char_file</STRONG> (Thumb, 34 bytes, Stack size 16 bytes, _printf_char_file.o(.text))
<BR><BR>[Stack]<UL><LI>Max Depth = 104 + Unknown Stack Size
<LI>Call Chain = _printf_char_file &rArr; _printf_char_common &rArr; __printf
</UL>
<BR>[Calls]<UL><LI><a href="#[4e]">&gt;&gt;</a>&nbsp;&nbsp;&nbsp;_printf_char_common
<LI><a href="#[4f]">&gt;&gt;</a>&nbsp;&nbsp;&nbsp;ferror
</UL>
<BR>[Called By]<UL><LI><a href="#[40]">&gt;&gt;</a>&nbsp;&nbsp;&nbsp;__2printf
</UL>

<P><STRONG><a name="[47]"></a>__rt_udiv10</STRONG> (Thumb, 40 bytes, Stack size 0 bytes, rtudiv10.o(.text))
<BR><BR>[Called By]<UL><LI><a href="#[30]">&gt;&gt;</a>&nbsp;&nbsp;&nbsp;_printf_int_dec
</UL>

<P><STRONG><a name="[4e]"></a>_printf_char_common</STRONG> (Thumb, 32 bytes, Stack size 64 bytes, _printf_char_common.o(.text))
<BR><BR>[Stack]<UL><LI>Max Depth = 88 + Unknown Stack Size
<LI>Call Chain = _printf_char_common &rArr; __printf
</UL>
<BR>[Calls]<UL><LI><a href="#[49]">&gt;&gt;</a>&nbsp;&nbsp;&nbsp;__printf
</UL>
<BR>[Called By]<UL><LI><a href="#[41]">&gt;&gt;</a>&nbsp;&nbsp;&nbsp;_printf_char_file
</UL>

<P><STRONG><a name="[36]"></a>__user_setup_stackheap</STRONG> (Thumb, 62 bytes, Stack size 8 bytes, sys_stackheap_outer.o(.text))
<BR><BR>[Stack]<UL><LI>Max Depth = 8 + Unknown Stack Size
<LI>Call Chain = __user_setup_stackheap
</UL>
<BR>[Calls]<UL><LI><a href="#[50]">&gt;&gt;</a>&nbsp;&nbsp;&nbsp;__user_perproc_libspace
<LI><a href="#[51]">&gt;&gt;</a>&nbsp;&nbsp;&nbsp;__user_initial_stackheap
</UL>
<BR>[Called By]<UL><LI><a href="#[35]">&gt;&gt;</a>&nbsp;&nbsp;&nbsp;__rt_entry_sh
</UL>

<P><STRONG><a name="[3b]"></a>exit</STRONG> (Thumb, 16 bytes, Stack size 8 bytes, exit.o(.text))
<BR><BR>[Stack]<UL><LI>Max Depth = 8 + Unknown Stack Size
<LI>Call Chain = exit
</UL>
<BR>[Calls]<UL><LI><a href="#[52]">&gt;&gt;</a>&nbsp;&nbsp;&nbsp;_call_atexit_fns (Weak Reference)
<LI><a href="#[53]">&gt;&gt;</a>&nbsp;&nbsp;&nbsp;__rt_exit
</UL>
<BR>[Called By]<UL><LI><a href="#[39]">&gt;&gt;</a>&nbsp;&nbsp;&nbsp;__rt_entry_main
</UL>

<P><STRONG><a name="[8c]"></a>__user_libspace</STRONG> (Thumb, 8 bytes, Stack size 0 bytes, libspace.o(.text), UNUSED)

<P><STRONG><a name="[50]"></a>__user_perproc_libspace</STRONG> (Thumb, 0 bytes, Stack size 0 bytes, libspace.o(.text))
<BR><BR>[Called By]<UL><LI><a href="#[36]">&gt;&gt;</a>&nbsp;&nbsp;&nbsp;__user_setup_stackheap
</UL>

<P><STRONG><a name="[8d]"></a>__user_perthread_libspace</STRONG> (Thumb, 0 bytes, Stack size 0 bytes, libspace.o(.text), UNUSED)

<P><STRONG><a name="[54]"></a>DigitalRead</STRONG> (Thumb, 70 bytes, Stack size 16 bytes, infrared_core.o(i.DigitalRead))
<BR><BR>[Stack]<UL><LI>Max Depth = 144 + Unknown Stack Size
<LI>Call Chain = DigitalRead &rArr; __2printf &rArr; _printf_char_file &rArr; _printf_char_common &rArr; __printf
</UL>
<BR>[Calls]<UL><LI><a href="#[40]">&gt;&gt;</a>&nbsp;&nbsp;&nbsp;__2printf
</UL>
<BR>[Called By]<UL><LI><a href="#[3a]">&gt;&gt;</a>&nbsp;&nbsp;&nbsp;main
</UL>

<P><STRONG><a name="[11]"></a>GPIO_Handler</STRONG> (Thumb, 46 bytes, Stack size 8 bytes, bsp_gpio.o(i.GPIO_Handler))
<BR><BR>[Stack]<UL><LI>Max Depth = 136 + Unknown Stack Size
<LI>Call Chain = GPIO_Handler &rArr; __2printf &rArr; _printf_char_file &rArr; _printf_char_common &rArr; __printf
</UL>
<BR>[Calls]<UL><LI><a href="#[40]">&gt;&gt;</a>&nbsp;&nbsp;&nbsp;__2printf
</UL>
<BR>[Address Reference Count : 1]<UL><LI> startup_xinc.o(RESET)
</UL>
<P><STRONG><a name="[55]"></a>Gpio_init</STRONG> (Thumb, 18 bytes, Stack size 8 bytes, infrared_core.o(i.Gpio_init))
<BR><BR>[Stack]<UL><LI>Max Depth = 8<LI>Call Chain = Gpio_init
</UL>
<BR>[Calls]<UL><LI><a href="#[56]">&gt;&gt;</a>&nbsp;&nbsp;&nbsp;Init_gpio
</UL>
<BR>[Called By]<UL><LI><a href="#[3a]">&gt;&gt;</a>&nbsp;&nbsp;&nbsp;main
</UL>

<P><STRONG><a name="[18]"></a>I2C_Handler</STRONG> (Thumb, 38 bytes, Stack size 0 bytes, bsp_i2c_slave.o(i.I2C_Handler))
<BR>[Address Reference Count : 1]<UL><LI> startup_xinc.o(RESET)
</UL>
<P><STRONG><a name="[56]"></a>Init_gpio</STRONG> (Thumb, 128 bytes, Stack size 0 bytes, bsp_gpio.o(i.Init_gpio))
<BR><BR>[Called By]<UL><LI><a href="#[55]">&gt;&gt;</a>&nbsp;&nbsp;&nbsp;Gpio_init
</UL>

<P><STRONG><a name="[62]"></a>Init_uart</STRONG> (Thumb, 116 bytes, Stack size 16 bytes, bsp_uart.o(i.Init_uart))
<BR><BR>[Stack]<UL><LI>Max Depth = 16<LI>Call Chain = Init_uart
</UL>
<BR>[Called By]<UL><LI><a href="#[60]">&gt;&gt;</a>&nbsp;&nbsp;&nbsp;test_uart
</UL>

<P><STRONG><a name="[22]"></a>SystemInit</STRONG> (Thumb, 14 bytes, Stack size 8 bytes, system_xinc.o(i.SystemInit))
<BR><BR>[Stack]<UL><LI>Max Depth = 144 + Unknown Stack Size
<LI>Call Chain = SystemInit &rArr; retarget_init &rArr; __2printf &rArr; _printf_char_file &rArr; _printf_char_common &rArr; __printf
</UL>
<BR>[Calls]<UL><LI><a href="#[57]">&gt;&gt;</a>&nbsp;&nbsp;&nbsp;retarget_init
</UL>
<BR>[Address Reference Count : 1]<UL><LI> startup_xinc.o(.text)
</UL>
<P><STRONG><a name="[19]"></a>UART0_Handler</STRONG> (Thumb, 32 bytes, Stack size 0 bytes, bsp_uart.o(i.UART0_Handler))
<BR>[Address Reference Count : 1]<UL><LI> startup_xinc.o(RESET)
</UL>
<P><STRONG><a name="[1a]"></a>UART1_Handler</STRONG> (Thumb, 32 bytes, Stack size 0 bytes, bsp_uart.o(i.UART1_Handler))
<BR>[Address Reference Count : 1]<UL><LI> startup_xinc.o(RESET)
</UL>
<P><STRONG><a name="[27]"></a>_DigitalRead</STRONG> (Thumb, 12 bytes, Stack size 8 bytes, infrared.o(i._DigitalRead))
<BR><BR>[Stack]<UL><LI>Max Depth = 8<LI>Call Chain = _DigitalRead
</UL>
<BR>[Calls]<UL><LI><a href="#[58]">&gt;&gt;</a>&nbsp;&nbsp;&nbsp;gpio_input_val
</UL>
<BR>[Address Reference Count : 1]<UL><LI> infrared.o(.data)
</UL>
<P><STRONG><a name="[26]"></a>_Infrared_io_init</STRONG> (Thumb, 164 bytes, Stack size 8 bytes, infrared.o(i._Infrared_io_init))
<BR><BR>[Stack]<UL><LI>Max Depth = 24<LI>Call Chain = _Infrared_io_init &rArr; gpio_direction_input
</UL>
<BR>[Calls]<UL><LI><a href="#[59]">&gt;&gt;</a>&nbsp;&nbsp;&nbsp;gpio_mux_ctl
<LI><a href="#[5a]">&gt;&gt;</a>&nbsp;&nbsp;&nbsp;gpio_fun_sel
<LI><a href="#[5b]">&gt;&gt;</a>&nbsp;&nbsp;&nbsp;gpio_fun_inter
<LI><a href="#[5c]">&gt;&gt;</a>&nbsp;&nbsp;&nbsp;gpio_direction_input
</UL>
<BR>[Address Reference Count : 1]<UL><LI> infrared.o(.data)
</UL>
<P><STRONG><a name="[28]"></a>_Infrared_state</STRONG> (Thumb, 62 bytes, Stack size 16 bytes, infrared.o(i._Infrared_state))
<BR><BR>[Stack]<UL><LI>Max Depth = 16<LI>Call Chain = _Infrared_state
</UL>
<BR>[Calls]<UL><LI><a href="#[58]">&gt;&gt;</a>&nbsp;&nbsp;&nbsp;gpio_input_val
</UL>
<BR>[Address Reference Count : 1]<UL><LI> infrared.o(.data)
</UL>
<P><STRONG><a name="[3f]"></a>_sys_exit</STRONG> (Thumb, 2 bytes, Stack size 0 bytes, bsp_retarget.o(i._sys_exit))
<BR><BR>[Calls]<UL><LI><a href="#[3f]">&gt;&gt;</a>&nbsp;&nbsp;&nbsp;_sys_exit
</UL>
<BR>[Called By]<UL><LI><a href="#[3f]">&gt;&gt;</a>&nbsp;&nbsp;&nbsp;_sys_exit
<LI><a href="#[3e]">&gt;&gt;</a>&nbsp;&nbsp;&nbsp;__rt_exit_exit
</UL>

<P><STRONG><a name="[4f]"></a>ferror</STRONG> (Thumb, 6 bytes, Stack size 0 bytes, bsp_retarget.o(i.ferror))
<BR><BR>[Called By]<UL><LI><a href="#[41]">&gt;&gt;</a>&nbsp;&nbsp;&nbsp;_printf_char_file
</UL>

<P><STRONG><a name="[24]"></a>fputc</STRONG> (Thumb, 8 bytes, Stack size 4 bytes, bsp_retarget.o(i.fputc))
<BR><BR>[Stack]<UL><LI>Max Depth = 4<LI>Call Chain = fputc
</UL>
<BR>[Calls]<UL><LI><a href="#[5d]">&gt;&gt;</a>&nbsp;&nbsp;&nbsp;sendchar
</UL>
<BR>[Address Reference Count : 1]<UL><LI> _printf_char_file.o(.text)
</UL>
<P><STRONG><a name="[5c]"></a>gpio_direction_input</STRONG> (Thumb, 152 bytes, Stack size 16 bytes, bsp_gpio.o(i.gpio_direction_input))
<BR><BR>[Stack]<UL><LI>Max Depth = 16<LI>Call Chain = gpio_direction_input
</UL>
<BR>[Called By]<UL><LI><a href="#[26]">&gt;&gt;</a>&nbsp;&nbsp;&nbsp;_Infrared_io_init
</UL>

<P><STRONG><a name="[5b]"></a>gpio_fun_inter</STRONG> (Thumb, 90 bytes, Stack size 8 bytes, bsp_gpio.o(i.gpio_fun_inter))
<BR><BR>[Stack]<UL><LI>Max Depth = 8<LI>Call Chain = gpio_fun_inter
</UL>
<BR>[Called By]<UL><LI><a href="#[26]">&gt;&gt;</a>&nbsp;&nbsp;&nbsp;_Infrared_io_init
<LI><a href="#[60]">&gt;&gt;</a>&nbsp;&nbsp;&nbsp;test_uart
<LI><a href="#[61]">&gt;&gt;</a>&nbsp;&nbsp;&nbsp;test_slave_i2c
</UL>

<P><STRONG><a name="[5a]"></a>gpio_fun_sel</STRONG> (Thumb, 82 bytes, Stack size 0 bytes, bsp_gpio.o(i.gpio_fun_sel))
<BR><BR>[Called By]<UL><LI><a href="#[26]">&gt;&gt;</a>&nbsp;&nbsp;&nbsp;_Infrared_io_init
<LI><a href="#[60]">&gt;&gt;</a>&nbsp;&nbsp;&nbsp;test_uart
<LI><a href="#[61]">&gt;&gt;</a>&nbsp;&nbsp;&nbsp;test_slave_i2c
</UL>

<P><STRONG><a name="[58]"></a>gpio_input_val</STRONG> (Thumb, 26 bytes, Stack size 0 bytes, bsp_gpio.o(i.gpio_input_val))
<BR><BR>[Called By]<UL><LI><a href="#[28]">&gt;&gt;</a>&nbsp;&nbsp;&nbsp;_Infrared_state
<LI><a href="#[27]">&gt;&gt;</a>&nbsp;&nbsp;&nbsp;_DigitalRead
</UL>

<P><STRONG><a name="[59]"></a>gpio_mux_ctl</STRONG> (Thumb, 34 bytes, Stack size 8 bytes, bsp_gpio.o(i.gpio_mux_ctl))
<BR><BR>[Stack]<UL><LI>Max Depth = 8<LI>Call Chain = gpio_mux_ctl
</UL>
<BR>[Called By]<UL><LI><a href="#[26]">&gt;&gt;</a>&nbsp;&nbsp;&nbsp;_Infrared_io_init
<LI><a href="#[60]">&gt;&gt;</a>&nbsp;&nbsp;&nbsp;test_uart
<LI><a href="#[61]">&gt;&gt;</a>&nbsp;&nbsp;&nbsp;test_slave_i2c
</UL>

<P><STRONG><a name="[5e]"></a>i2c_slave_init</STRONG> (Thumb, 94 bytes, Stack size 16 bytes, bsp_i2c_slave.o(i.i2c_slave_init))
<BR><BR>[Stack]<UL><LI>Max Depth = 16<LI>Call Chain = i2c_slave_init
</UL>
<BR>[Calls]<UL><LI><a href="#[5f]">&gt;&gt;</a>&nbsp;&nbsp;&nbsp;i2c_master_StatusCheck
</UL>
<BR>[Called By]<UL><LI><a href="#[61]">&gt;&gt;</a>&nbsp;&nbsp;&nbsp;test_slave_i2c
</UL>

<P><STRONG><a name="[3a]"></a>main</STRONG> (Thumb, 22 bytes, Stack size 0 bytes, main.o(i.main))
<BR><BR>[Stack]<UL><LI>Max Depth = 144 + Unknown Stack Size
<LI>Call Chain = main &rArr; DigitalRead &rArr; __2printf &rArr; _printf_char_file &rArr; _printf_char_common &rArr; __printf
</UL>
<BR>[Calls]<UL><LI><a href="#[55]">&gt;&gt;</a>&nbsp;&nbsp;&nbsp;Gpio_init
<LI><a href="#[54]">&gt;&gt;</a>&nbsp;&nbsp;&nbsp;DigitalRead
<LI><a href="#[60]">&gt;&gt;</a>&nbsp;&nbsp;&nbsp;test_uart
<LI><a href="#[61]">&gt;&gt;</a>&nbsp;&nbsp;&nbsp;test_slave_i2c
</UL>
<BR>[Called By]<UL><LI><a href="#[39]">&gt;&gt;</a>&nbsp;&nbsp;&nbsp;__rt_entry_main
</UL>

<P><STRONG><a name="[57]"></a>retarget_init</STRONG> (Thumb, 90 bytes, Stack size 8 bytes, bsp_retarget.o(i.retarget_init))
<BR><BR>[Stack]<UL><LI>Max Depth = 136 + Unknown Stack Size
<LI>Call Chain = retarget_init &rArr; __2printf &rArr; _printf_char_file &rArr; _printf_char_common &rArr; __printf
</UL>
<BR>[Calls]<UL><LI><a href="#[40]">&gt;&gt;</a>&nbsp;&nbsp;&nbsp;__2printf
</UL>
<BR>[Called By]<UL><LI><a href="#[22]">&gt;&gt;</a>&nbsp;&nbsp;&nbsp;SystemInit
</UL>

<P><STRONG><a name="[5d]"></a>sendchar</STRONG> (Thumb, 18 bytes, Stack size 0 bytes, bsp_retarget.o(i.sendchar))
<BR><BR>[Called By]<UL><LI><a href="#[24]">&gt;&gt;</a>&nbsp;&nbsp;&nbsp;fputc
</UL>

<P><STRONG><a name="[61]"></a>test_slave_i2c</STRONG> (Thumb, 58 bytes, Stack size 8 bytes, bsp_i2c_slave.o(i.test_slave_i2c))
<BR><BR>[Stack]<UL><LI>Max Depth = 24<LI>Call Chain = test_slave_i2c &rArr; i2c_slave_init
</UL>
<BR>[Calls]<UL><LI><a href="#[5e]">&gt;&gt;</a>&nbsp;&nbsp;&nbsp;i2c_slave_init
<LI><a href="#[59]">&gt;&gt;</a>&nbsp;&nbsp;&nbsp;gpio_mux_ctl
<LI><a href="#[5a]">&gt;&gt;</a>&nbsp;&nbsp;&nbsp;gpio_fun_sel
<LI><a href="#[5b]">&gt;&gt;</a>&nbsp;&nbsp;&nbsp;gpio_fun_inter
</UL>
<BR>[Called By]<UL><LI><a href="#[3a]">&gt;&gt;</a>&nbsp;&nbsp;&nbsp;main
</UL>

<P><STRONG><a name="[60]"></a>test_uart</STRONG> (Thumb, 60 bytes, Stack size 8 bytes, bsp_uart.o(i.test_uart))
<BR><BR>[Stack]<UL><LI>Max Depth = 24<LI>Call Chain = test_uart &rArr; Init_uart
</UL>
<BR>[Calls]<UL><LI><a href="#[62]">&gt;&gt;</a>&nbsp;&nbsp;&nbsp;Init_uart
<LI><a href="#[59]">&gt;&gt;</a>&nbsp;&nbsp;&nbsp;gpio_mux_ctl
<LI><a href="#[5a]">&gt;&gt;</a>&nbsp;&nbsp;&nbsp;gpio_fun_sel
<LI><a href="#[5b]">&gt;&gt;</a>&nbsp;&nbsp;&nbsp;gpio_fun_inter
</UL>
<BR>[Called By]<UL><LI><a href="#[3a]">&gt;&gt;</a>&nbsp;&nbsp;&nbsp;main
</UL>
<P>
<H3>
Local Symbols
</H3>
<P><STRONG><a name="[5f]"></a>i2c_master_StatusCheck</STRONG> (Thumb, 18 bytes, Stack size 0 bytes, bsp_i2c_slave.o(i.i2c_master_StatusCheck))
<BR><BR>[Called By]<UL><LI><a href="#[5e]">&gt;&gt;</a>&nbsp;&nbsp;&nbsp;i2c_slave_init
</UL>

<P><STRONG><a name="[25]"></a>_printf_input_char</STRONG> (Thumb, 10 bytes, Stack size 0 bytes, _printf_char_common.o(.text))
<BR>[Address Reference Count : 1]<UL><LI> _printf_char_common.o(.text)
</UL><P>
<H3>
Undefined Global Symbols
</H3>
<P><STRONG><a name="[52]"></a>_call_atexit_fns</STRONG> (ARM, 0 bytes, Stack size 0 bytes, UNDEFINED)
<BR><BR>[Called By]<UL><LI><a href="#[3b]">&gt;&gt;</a>&nbsp;&nbsp;&nbsp;exit
</UL>

<P><STRONG><a name="[4c]"></a>_printf_mbtowc</STRONG> (ARM, 0 bytes, Stack size 0 bytes, UNDEFINED)
<BR><BR>[Called By]<UL><LI><a href="#[4b]">&gt;&gt;</a>&nbsp;&nbsp;&nbsp;_printf_cs_common
</UL>

<P><STRONG><a name="[44]"></a>_printf_post_padding</STRONG> (ARM, 0 bytes, Stack size 0 bytes, UNDEFINED)
<BR><BR>[Called By]<UL><LI><a href="#[48]">&gt;&gt;</a>&nbsp;&nbsp;&nbsp;_printf_int_common
<LI><a href="#[42]">&gt;&gt;</a>&nbsp;&nbsp;&nbsp;_printf_str
</UL>

<P><STRONG><a name="[43]"></a>_printf_pre_padding</STRONG> (ARM, 0 bytes, Stack size 0 bytes, UNDEFINED)
<BR><BR>[Called By]<UL><LI><a href="#[48]">&gt;&gt;</a>&nbsp;&nbsp;&nbsp;_printf_int_common
<LI><a href="#[42]">&gt;&gt;</a>&nbsp;&nbsp;&nbsp;_printf_str
</UL>

<P><STRONG><a name="[45]"></a>_printf_truncate_signed</STRONG> (ARM, 0 bytes, Stack size 0 bytes, UNDEFINED)
<BR><BR>[Called By]<UL><LI><a href="#[30]">&gt;&gt;</a>&nbsp;&nbsp;&nbsp;_printf_int_dec
</UL>

<P><STRONG><a name="[46]"></a>_printf_truncate_unsigned</STRONG> (ARM, 0 bytes, Stack size 0 bytes, UNDEFINED)
<BR><BR>[Called By]<UL><LI><a href="#[32]">&gt;&gt;</a>&nbsp;&nbsp;&nbsp;_printf_int_hex
<LI><a href="#[30]">&gt;&gt;</a>&nbsp;&nbsp;&nbsp;_printf_int_dec
</UL>
<HR></body></html>
